Java HotSpot(TM) 64-Bit Server VM (25.111-b14) for windows-amd64 JRE (1.8.0_111-b14), built on Sep 22 2016 19:24:05 by "java_re" with MS VC++ 10.0 (VS2010)
Memory: 4k page, physical 8271468k(3226368k free), swap 9582188k(1522264k free)
CommandLine flags: -XX:CMSInitiatingOccupancyFraction=50 -XX:CMSMaxAbortablePrecleanTime=6000 -XX:+CMSParallelRemarkEnabled -XX:+CMSScavengeBeforeRemark -XX:ConcGCThreads=4 -XX:GCLogFileSize=20971520 -XX:InitialHeapSize=536870912 -XX:MaxHeapSize=536870912 -XX:MaxTenuringThreshold=8 -XX:NewRatio=3 -XX:NumberOfGCLogFiles=9 -XX:OldPLABSize=16 -XX:-OmitStackTraceInFastThrow -XX:ParallelGCThreads=4 -XX:+ParallelRefProcEnabled -XX:PretenureSizeThreshold=67108864 -XX:+PrintGC -XX:+PrintGCApplicationStoppedTime -XX:+PrintGCDateStamps -XX:+PrintGCDetails -XX:+PrintGCTimeStamps -XX:+PrintHeapAtGC -XX:+PrintTenuringDistribution -XX:SurvivorRatio=4 -XX:TargetSurvivorRatio=90 -XX:ThreadStackSize=256 -XX:+UseCMSInitiatingOccupancyOnly -XX:+UseCompressedClassPointers -XX:+UseCompressedOops -XX:+UseConcMarkSweepGC -XX:+UseGCLogFileRotation -XX:-UseLargePagesIndividualAllocation -XX:+UseParNewGC 
2017-04-25T14:11:12.007+0800: 0.588: Total time for which application threads were stopped: 0.0331350 seconds, Stopping threads took: 0.0000178 seconds
2017-04-25T14:11:12.612+0800: 1.163: Total time for which application threads were stopped: 0.0001138 seconds, Stopping threads took: 0.0000192 seconds
2017-04-25T14:11:13.242+0800: 1.792: Total time for which application threads were stopped: 0.0001718 seconds, Stopping threads took: 0.0000187 seconds
2017-04-25T14:11:13.397+0800: 1.947: Total time for which application threads were stopped: 0.0001633 seconds, Stopping threads took: 0.0000210 seconds
2017-04-25T14:11:13.773+0800: 2.323: Total time for which application threads were stopped: 0.0001870 seconds, Stopping threads took: 0.0000219 seconds
2017-04-25T14:11:14.574+0800: 3.124: Total time for which application threads were stopped: 0.0003427 seconds, Stopping threads took: 0.0000370 seconds
2017-04-25T14:11:15.229+0800: 3.779: Total time for which application threads were stopped: 0.0002990 seconds, Stopping threads took: 0.0000303 seconds
2017-04-25T14:11:15.230+0800: 3.781: Total time for which application threads were stopped: 0.0002423 seconds, Stopping threads took: 0.0000232 seconds
2017-04-25T14:11:15.235+0800: 3.785: Total time for which application threads were stopped: 0.0002392 seconds, Stopping threads took: 0.0000223 seconds
2017-04-25T14:11:15.662+0800: 4.212: Total time for which application threads were stopped: 0.0004208 seconds, Stopping threads took: 0.0000384 seconds
2017-04-25T14:11:15.943+0800: 4.494: Total time for which application threads were stopped: 0.0002450 seconds, Stopping threads took: 0.0000781 seconds
2017-04-25T14:11:15.943+0800: 4.494: Total time for which application threads were stopped: 0.0000982 seconds, Stopping threads took: 0.0000295 seconds
2017-04-25T14:11:15.955+0800: 4.505: Total time for which application threads were stopped: 0.0001026 seconds, Stopping threads took: 0.0000219 seconds
2017-04-25T14:11:15.970+0800: 4.520: Total time for which application threads were stopped: 0.0001196 seconds, Stopping threads took: 0.0000245 seconds
2017-04-25T14:11:15.982+0800: 4.532: Total time for which application threads were stopped: 0.0001272 seconds, Stopping threads took: 0.0000406 seconds
2017-04-25T14:11:16.044+0800: 4.594: Total time for which application threads were stopped: 0.0002691 seconds, Stopping threads took: 0.0000553 seconds
{Heap before GC invocations=0 (full 0):
 par new generation   total 109248K, used 87424K [0x00000000e0000000, 0x00000000e8000000, 0x00000000e8000000)
  eden space 87424K, 100% used [0x00000000e0000000, 0x00000000e5560000, 0x00000000e5560000)
  from space 21824K,   0% used [0x00000000e5560000, 0x00000000e5560000, 0x00000000e6ab0000)
  to   space 21824K,   0% used [0x00000000e6ab0000, 0x00000000e6ab0000, 0x00000000e8000000)
 concurrent mark-sweep generation total 393216K, used 0K [0x00000000e8000000, 0x0000000100000000, 0x0000000100000000)
 Metaspace       used 18054K, capacity 18414K, committed 18560K, reserved 1064960K
  class space    used 2158K, capacity 2331K, committed 2432K, reserved 1048576K
2017-04-25T14:11:16.048+0800: 4.598: [GC (Allocation Failure) 2017-04-25T14:11:16.048+0800: 4.598: [ParNew
Desired survivor size 20112992 bytes, new threshold 8 (max 8)
- age   1:   11419168 bytes,   11419168 total
: 87424K->11266K(109248K), 0.0269976 secs] 87424K->11266K(502464K), 0.0271034 secs] [Times: user=0.06 sys=0.00, real=0.03 secs] 
Heap after GC invocations=1 (full 0):
 par new generation   total 109248K, used 11266K [0x00000000e0000000, 0x00000000e8000000, 0x00000000e8000000)
  eden space 87424K,   0% used [0x00000000e0000000, 0x00000000e0000000, 0x00000000e5560000)
  from space 21824K,  51% used [0x00000000e6ab0000, 0x00000000e75b0b70, 0x00000000e8000000)
  to   space 21824K,   0% used [0x00000000e5560000, 0x00000000e5560000, 0x00000000e6ab0000)
 concurrent mark-sweep generation total 393216K, used 0K [0x00000000e8000000, 0x0000000100000000, 0x0000000100000000)
 Metaspace       used 18054K, capacity 18414K, committed 18560K, reserved 1064960K
  class space    used 2158K, capacity 2331K, committed 2432K, reserved 1048576K
}
2017-04-25T14:11:16.075+0800: 4.625: Total time for which application threads were stopped: 0.0275117 seconds, Stopping threads took: 0.0000384 seconds
2017-04-25T14:11:16.182+0800: 4.732: Total time for which application threads were stopped: 0.0002535 seconds, Stopping threads took: 0.0001361 seconds
2017-04-25T14:11:16.187+0800: 4.737: Total time for which application threads were stopped: 0.0001383 seconds, Stopping threads took: 0.0000611 seconds
2017-04-25T14:11:16.223+0800: 4.773: Total time for which application threads were stopped: 0.0001142 seconds, Stopping threads took: 0.0000254 seconds
2017-04-25T14:11:16.225+0800: 4.775: Total time for which application threads were stopped: 0.0001383 seconds, Stopping threads took: 0.0000281 seconds
2017-04-25T14:11:16.227+0800: 4.777: Total time for which application threads were stopped: 0.0001736 seconds, Stopping threads took: 0.0000303 seconds
2017-04-25T14:11:16.266+0800: 4.817: Total time for which application threads were stopped: 0.0001303 seconds, Stopping threads took: 0.0000745 seconds
2017-04-25T14:11:16.267+0800: 4.817: Total time for which application threads were stopped: 0.0000620 seconds, Stopping threads took: 0.0000156 seconds
2017-04-25T14:11:16.300+0800: 4.851: Total time for which application threads were stopped: 0.0000879 seconds, Stopping threads took: 0.0000245 seconds
2017-04-25T14:11:16.301+0800: 4.851: Total time for which application threads were stopped: 0.0000919 seconds, Stopping threads took: 0.0000544 seconds
2017-04-25T14:11:16.336+0800: 4.886: Total time for which application threads were stopped: 0.0000906 seconds, Stopping threads took: 0.0000210 seconds
2017-04-25T14:11:16.354+0800: 4.904: Total time for which application threads were stopped: 0.0001026 seconds, Stopping threads took: 0.0000419 seconds
2017-04-25T14:11:16.354+0800: 4.904: Total time for which application threads were stopped: 0.0000763 seconds, Stopping threads took: 0.0000393 seconds
2017-04-25T14:11:16.430+0800: 4.980: Total time for which application threads were stopped: 0.0002195 seconds, Stopping threads took: 0.0000446 seconds
2017-04-25T14:11:16.453+0800: 5.004: Total time for which application threads were stopped: 0.0002485 seconds, Stopping threads took: 0.0001107 seconds
2017-04-25T14:11:16.476+0800: 5.027: Total time for which application threads were stopped: 0.0001142 seconds, Stopping threads took: 0.0000397 seconds
2017-04-25T14:11:16.603+0800: 5.153: Total time for which application threads were stopped: 0.0000821 seconds, Stopping threads took: 0.0000196 seconds
2017-04-25T14:11:16.603+0800: 5.154: Total time for which application threads were stopped: 0.0000651 seconds, Stopping threads took: 0.0000120 seconds
2017-04-25T14:11:16.604+0800: 5.154: Total time for which application threads were stopped: 0.0001294 seconds, Stopping threads took: 0.0000125 seconds
2017-04-25T14:11:16.604+0800: 5.154: Total time for which application threads were stopped: 0.0000915 seconds, Stopping threads took: 0.0000451 seconds
2017-04-25T14:11:16.604+0800: 5.155: Total time for which application threads were stopped: 0.0001058 seconds, Stopping threads took: 0.0000785 seconds
2017-04-25T14:11:16.604+0800: 5.155: Total time for which application threads were stopped: 0.0000750 seconds, Stopping threads took: 0.0000455 seconds
2017-04-25T14:11:16.604+0800: 5.155: Total time for which application threads were stopped: 0.0001249 seconds, Stopping threads took: 0.0000580 seconds
2017-04-25T14:11:16.605+0800: 5.155: Total time for which application threads were stopped: 0.0000857 seconds, Stopping threads took: 0.0000504 seconds
2017-04-25T14:11:16.605+0800: 5.155: Total time for which application threads were stopped: 0.0000660 seconds, Stopping threads took: 0.0000379 seconds
2017-04-25T14:11:16.605+0800: 5.155: Total time for which application threads were stopped: 0.0000482 seconds, Stopping threads took: 0.0000183 seconds
2017-04-25T14:11:16.605+0800: 5.155: Total time for which application threads were stopped: 0.0000473 seconds, Stopping threads took: 0.0000094 seconds
2017-04-25T14:11:16.605+0800: 5.155: Total time for which application threads were stopped: 0.0000531 seconds, Stopping threads took: 0.0000165 seconds
2017-04-25T14:11:16.605+0800: 5.156: Total time for which application threads were stopped: 0.0000451 seconds, Stopping threads took: 0.0000085 seconds
2017-04-25T14:11:16.605+0800: 5.156: Total time for which application threads were stopped: 0.0000544 seconds, Stopping threads took: 0.0000210 seconds
2017-04-25T14:11:16.605+0800: 5.156: Total time for which application threads were stopped: 0.0000495 seconds, Stopping threads took: 0.0000196 seconds
2017-04-25T14:11:16.605+0800: 5.156: Total time for which application threads were stopped: 0.0000656 seconds, Stopping threads took: 0.0000295 seconds
2017-04-25T14:11:16.605+0800: 5.156: Total time for which application threads were stopped: 0.0000518 seconds, Stopping threads took: 0.0000192 seconds
2017-04-25T14:11:16.605+0800: 5.156: Total time for which application threads were stopped: 0.0000402 seconds, Stopping threads took: 0.0000107 seconds
2017-04-25T14:11:16.606+0800: 5.156: Total time for which application threads were stopped: 0.0000567 seconds, Stopping threads took: 0.0000103 seconds
2017-04-25T14:11:16.606+0800: 5.156: Total time for which application threads were stopped: 0.0000504 seconds, Stopping threads took: 0.0000178 seconds
2017-04-25T14:11:16.606+0800: 5.156: Total time for which application threads were stopped: 0.0000446 seconds, Stopping threads took: 0.0000116 seconds
2017-04-25T14:11:16.606+0800: 5.157: Total time for which application threads were stopped: 0.0000535 seconds, Stopping threads took: 0.0000178 seconds
2017-04-25T14:11:16.606+0800: 5.157: Total time for which application threads were stopped: 0.0000576 seconds, Stopping threads took: 0.0000129 seconds
2017-04-25T14:11:16.606+0800: 5.157: Total time for which application threads were stopped: 0.0000799 seconds, Stopping threads took: 0.0000112 seconds
2017-04-25T14:11:16.607+0800: 5.157: Total time for which application threads were stopped: 0.0000660 seconds, Stopping threads took: 0.0000263 seconds
2017-04-25T14:11:16.607+0800: 5.157: Total time for which application threads were stopped: 0.0000598 seconds, Stopping threads took: 0.0000201 seconds
2017-04-25T14:11:16.607+0800: 5.157: Total time for which application threads were stopped: 0.0000593 seconds, Stopping threads took: 0.0000210 seconds
2017-04-25T14:11:16.676+0800: 5.227: Total time for which application threads were stopped: 0.0001111 seconds, Stopping threads took: 0.0000263 seconds
2017-04-25T14:11:16.677+0800: 5.228: Total time for which application threads were stopped: 0.0001481 seconds, Stopping threads took: 0.0000718 seconds
2017-04-25T14:11:16.678+0800: 5.229: Total time for which application threads were stopped: 0.0000790 seconds, Stopping threads took: 0.0000196 seconds
2017-04-25T14:11:16.679+0800: 5.230: Total time for which application threads were stopped: 0.0000634 seconds, Stopping threads took: 0.0000156 seconds
2017-04-25T14:11:16.682+0800: 5.232: Total time for which application threads were stopped: 0.0000616 seconds, Stopping threads took: 0.0000161 seconds
2017-04-25T14:11:16.712+0800: 5.263: Total time for which application threads were stopped: 0.0001504 seconds, Stopping threads took: 0.0000415 seconds
2017-04-25T14:11:16.773+0800: 5.324: Total time for which application threads were stopped: 0.0005988 seconds, Stopping threads took: 0.0000879 seconds
2017-04-25T14:11:16.774+0800: 5.325: Total time for which application threads were stopped: 0.0001705 seconds, Stopping threads took: 0.0000714 seconds
2017-04-25T14:11:16.775+0800: 5.325: Total time for which application threads were stopped: 0.0001357 seconds, Stopping threads took: 0.0000393 seconds
2017-04-25T14:11:16.775+0800: 5.326: Total time for which application threads were stopped: 0.0001691 seconds, Stopping threads took: 0.0000585 seconds
2017-04-25T14:11:16.775+0800: 5.326: Total time for which application threads were stopped: 0.0001343 seconds, Stopping threads took: 0.0000353 seconds
2017-04-25T14:11:16.809+0800: 5.360: Total time for which application threads were stopped: 0.0001486 seconds, Stopping threads took: 0.0000437 seconds
2017-04-25T14:11:16.809+0800: 5.360: Total time for which application threads were stopped: 0.0001049 seconds, Stopping threads took: 0.0000281 seconds
2017-04-25T14:11:16.810+0800: 5.360: Total time for which application threads were stopped: 0.0001758 seconds, Stopping threads took: 0.0000370 seconds
2017-04-25T14:11:16.810+0800: 5.361: Total time for which application threads were stopped: 0.0001473 seconds, Stopping threads took: 0.0000147 seconds
2017-04-25T14:11:16.818+0800: 5.369: Total time for which application threads were stopped: 0.0000821 seconds, Stopping threads took: 0.0000259 seconds
2017-04-25T14:11:16.876+0800: 5.427: Total time for which application threads were stopped: 0.0002802 seconds, Stopping threads took: 0.0002039 seconds
2017-04-25T14:11:16.876+0800: 5.427: Total time for which application threads were stopped: 0.0000683 seconds, Stopping threads took: 0.0000219 seconds
2017-04-25T14:11:16.876+0800: 5.427: Total time for which application threads were stopped: 0.0000638 seconds, Stopping threads took: 0.0000196 seconds
2017-04-25T14:11:16.876+0800: 5.427: Total time for which application threads were stopped: 0.0000576 seconds, Stopping threads took: 0.0000152 seconds
2017-04-25T14:11:16.916+0800: 5.466: Total time for which application threads were stopped: 0.0001102 seconds, Stopping threads took: 0.0000357 seconds
2017-04-25T14:11:16.918+0800: 5.469: Total time for which application threads were stopped: 0.0000754 seconds, Stopping threads took: 0.0000205 seconds
2017-04-25T14:11:16.918+0800: 5.469: Total time for which application threads were stopped: 0.0000504 seconds, Stopping threads took: 0.0000116 seconds
2017-04-25T14:11:16.919+0800: 5.469: Total time for which application threads were stopped: 0.0000799 seconds, Stopping threads took: 0.0000170 seconds
2017-04-25T14:11:16.919+0800: 5.470: Total time for which application threads were stopped: 0.0000611 seconds, Stopping threads took: 0.0000295 seconds
2017-04-25T14:11:16.919+0800: 5.470: Total time for which application threads were stopped: 0.0000785 seconds, Stopping threads took: 0.0000277 seconds
2017-04-25T14:11:16.919+0800: 5.470: Total time for which application threads were stopped: 0.0000638 seconds, Stopping threads took: 0.0000286 seconds
2017-04-25T14:11:16.919+0800: 5.470: Total time for which application threads were stopped: 0.0000790 seconds, Stopping threads took: 0.0000138 seconds
2017-04-25T14:11:16.919+0800: 5.470: Total time for which application threads were stopped: 0.0000866 seconds, Stopping threads took: 0.0000272 seconds
2017-04-25T14:11:16.920+0800: 5.470: Total time for which application threads were stopped: 0.0000620 seconds, Stopping threads took: 0.0000152 seconds
2017-04-25T14:11:16.920+0800: 5.471: Total time for which application threads were stopped: 0.0000741 seconds, Stopping threads took: 0.0000138 seconds
2017-04-25T14:11:16.920+0800: 5.471: Total time for which application threads were stopped: 0.0000741 seconds, Stopping threads took: 0.0000245 seconds
2017-04-25T14:11:16.920+0800: 5.471: Total time for which application threads were stopped: 0.0000710 seconds, Stopping threads took: 0.0000165 seconds
2017-04-25T14:11:16.921+0800: 5.472: Total time for which application threads were stopped: 0.0002561 seconds, Stopping threads took: 0.0001035 seconds
2017-04-25T14:11:16.922+0800: 5.472: Total time for which application threads were stopped: 0.0001267 seconds, Stopping threads took: 0.0000567 seconds
2017-04-25T14:11:16.958+0800: 5.509: Total time for which application threads were stopped: 0.0001013 seconds, Stopping threads took: 0.0000531 seconds
2017-04-25T14:11:16.959+0800: 5.510: Total time for which application threads were stopped: 0.0000428 seconds, Stopping threads took: 0.0000103 seconds
2017-04-25T14:11:16.959+0800: 5.510: Total time for which application threads were stopped: 0.0000344 seconds, Stopping threads took: 0.0000107 seconds
2017-04-25T14:11:16.959+0800: 5.510: Total time for which application threads were stopped: 0.0000299 seconds, Stopping threads took: 0.0000071 seconds
2017-04-25T14:11:16.959+0800: 5.510: Total time for which application threads were stopped: 0.0000308 seconds, Stopping threads took: 0.0000080 seconds
2017-04-25T14:11:16.959+0800: 5.510: Total time for which application threads were stopped: 0.0000366 seconds, Stopping threads took: 0.0000094 seconds
2017-04-25T14:11:16.959+0800: 5.510: Total time for which application threads were stopped: 0.0000473 seconds, Stopping threads took: 0.0000116 seconds
2017-04-25T14:11:16.965+0800: 5.515: Total time for which application threads were stopped: 0.0000772 seconds, Stopping threads took: 0.0000228 seconds
2017-04-25T14:11:16.966+0800: 5.515: Total time for which application threads were stopped: 0.0002111 seconds, Stopping threads took: 0.0000174 seconds
2017-04-25T14:11:16.969+0800: 5.519: Total time for which application threads were stopped: 0.0001245 seconds, Stopping threads took: 0.0000321 seconds
2017-04-25T14:11:16.973+0800: 5.523: Total time for which application threads were stopped: 0.0001245 seconds, Stopping threads took: 0.0000411 seconds
2017-04-25T14:11:16.987+0800: 5.537: Total time for which application threads were stopped: 0.0001214 seconds, Stopping threads took: 0.0000473 seconds
2017-04-25T14:11:16.987+0800: 5.537: Total time for which application threads were stopped: 0.0001307 seconds, Stopping threads took: 0.0000839 seconds
2017-04-25T14:11:16.987+0800: 5.537: Total time for which application threads were stopped: 0.0000705 seconds, Stopping threads took: 0.0000357 seconds
2017-04-25T14:11:17.237+0800: 5.787: Total time for which application threads were stopped: 0.0001789 seconds, Stopping threads took: 0.0000906 seconds
2017-04-25T14:11:17.238+0800: 5.788: Total time for which application threads were stopped: 0.0000477 seconds, Stopping threads took: 0.0000138 seconds
2017-04-25T14:11:17.239+0800: 5.789: Total time for which application threads were stopped: 0.0001263 seconds, Stopping threads took: 0.0000772 seconds
2017-04-25T14:11:17.239+0800: 5.789: Total time for which application threads were stopped: 0.0000892 seconds, Stopping threads took: 0.0000527 seconds
2017-04-25T14:11:17.239+0800: 5.789: Total time for which application threads were stopped: 0.0000995 seconds, Stopping threads took: 0.0000620 seconds
2017-04-25T14:11:17.240+0800: 5.790: Total time for which application threads were stopped: 0.0002044 seconds, Stopping threads took: 0.0000134 seconds
2017-04-25T14:11:17.290+0800: 5.840: Total time for which application threads were stopped: 0.0002713 seconds, Stopping threads took: 0.0000259 seconds
{Heap before GC invocations=1 (full 0):
 par new generation   total 109248K, used 98690K [0x00000000e0000000, 0x00000000e8000000, 0x00000000e8000000)
  eden space 87424K, 100% used [0x00000000e0000000, 0x00000000e5560000, 0x00000000e5560000)
  from space 21824K,  51% used [0x00000000e6ab0000, 0x00000000e75b0b70, 0x00000000e8000000)
  to   space 21824K,   0% used [0x00000000e5560000, 0x00000000e5560000, 0x00000000e6ab0000)
 concurrent mark-sweep generation total 393216K, used 0K [0x00000000e8000000, 0x0000000100000000, 0x0000000100000000)
 Metaspace       used 20734K, capacity 21096K, committed 21296K, reserved 1069056K
  class space    used 2506K, capacity 2648K, committed 2688K, reserved 1048576K
2017-04-25T14:11:17.322+0800: 5.872: [GC (Allocation Failure) 2017-04-25T14:11:17.322+0800: 5.872: [ParNew
Desired survivor size 20112992 bytes, new threshold 8 (max 8)
- age   1:    3616424 bytes,    3616424 total
- age   2:    5866576 bytes,    9483000 total
: 98690K->12300K(109248K), 0.0071664 secs] 98690K->12300K(502464K), 0.0072458 secs] [Times: user=0.00 sys=0.00, real=0.01 secs] 
Heap after GC invocations=2 (full 0):
 par new generation   total 109248K, used 12300K [0x00000000e0000000, 0x00000000e8000000, 0x00000000e8000000)
  eden space 87424K,   0% used [0x00000000e0000000, 0x00000000e0000000, 0x00000000e5560000)
  from space 21824K,  56% used [0x00000000e5560000, 0x00000000e6163108, 0x00000000e6ab0000)
  to   space 21824K,   0% used [0x00000000e6ab0000, 0x00000000e6ab0000, 0x00000000e8000000)
 concurrent mark-sweep generation total 393216K, used 0K [0x00000000e8000000, 0x0000000100000000, 0x0000000100000000)
 Metaspace       used 20734K, capacity 21096K, committed 21296K, reserved 1069056K
  class space    used 2506K, capacity 2648K, committed 2688K, reserved 1048576K
}
2017-04-25T14:11:17.330+0800: 5.880: Total time for which application threads were stopped: 0.0076751 seconds, Stopping threads took: 0.0001946 seconds
2017-04-25T14:11:17.345+0800: 5.896: Total time for which application threads were stopped: 0.0002530 seconds, Stopping threads took: 0.0000219 seconds
2017-04-25T14:11:17.366+0800: 5.916: Total time for which application threads were stopped: 0.0001789 seconds, Stopping threads took: 0.0001000 seconds
2017-04-25T14:11:17.369+0800: 5.920: Total time for which application threads were stopped: 0.0000571 seconds, Stopping threads took: 0.0000161 seconds
2017-04-25T14:11:17.518+0800: 6.068: Total time for which application threads were stopped: 0.0002053 seconds, Stopping threads took: 0.0000286 seconds
2017-04-25T14:11:17.783+0800: 6.334: Total time for which application threads were stopped: 0.0000866 seconds, Stopping threads took: 0.0000241 seconds
2017-04-25T14:11:17.908+0800: 6.459: Total time for which application threads were stopped: 0.0005877 seconds, Stopping threads took: 0.0004824 seconds
2017-04-25T14:11:17.945+0800: 6.496: Total time for which application threads were stopped: 0.0001263 seconds, Stopping threads took: 0.0000544 seconds
{Heap before GC invocations=2 (full 0):
 par new generation   total 109248K, used 99724K [0x00000000e0000000, 0x00000000e8000000, 0x00000000e8000000)
  eden space 87424K, 100% used [0x00000000e0000000, 0x00000000e5560000, 0x00000000e5560000)
  from space 21824K,  56% used [0x00000000e5560000, 0x00000000e6163108, 0x00000000e6ab0000)
  to   space 21824K,   0% used [0x00000000e6ab0000, 0x00000000e6ab0000, 0x00000000e8000000)
 concurrent mark-sweep generation total 393216K, used 0K [0x00000000e8000000, 0x0000000100000000, 0x0000000100000000)
 Metaspace       used 21643K, capacity 22050K, committed 22216K, reserved 1069056K
  class space    used 2622K, capacity 2797K, committed 2840K, reserved 1048576K
2017-04-25T14:11:17.979+0800: 6.529: [GC (Allocation Failure) 2017-04-25T14:11:17.980+0800: 6.530: [ParNew
Desired survivor size 20112992 bytes, new threshold 8 (max 8)
- age   1:    2462248 bytes,    2462248 total
- age   2:    1382424 bytes,    3844672 total
- age   3:    5865952 bytes,    9710624 total
: 99724K->13074K(109248K), 0.0081378 secs] 99724K->13074K(502464K), 0.0091637 secs] [Times: user=0.06 sys=0.00, real=0.01 secs] 
Heap after GC invocations=3 (full 0):
 par new generation   total 109248K, used 13074K [0x00000000e0000000, 0x00000000e8000000, 0x00000000e8000000)
  eden space 87424K,   0% used [0x00000000e0000000, 0x00000000e0000000, 0x00000000e5560000)
  from space 21824K,  59% used [0x00000000e6ab0000, 0x00000000e7774b60, 0x00000000e8000000)
  to   space 21824K,   0% used [0x00000000e5560000, 0x00000000e5560000, 0x00000000e6ab0000)
 concurrent mark-sweep generation total 393216K, used 0K [0x00000000e8000000, 0x0000000100000000, 0x0000000100000000)
 Metaspace       used 21643K, capacity 22050K, committed 22216K, reserved 1069056K
  class space    used 2622K, capacity 2797K, committed 2840K, reserved 1048576K
}
2017-04-25T14:11:17.988+0800: 6.539: Total time for which application threads were stopped: 0.0094038 seconds, Stopping threads took: 0.0000366 seconds
2017-04-25T14:11:18.019+0800: 6.570: Total time for which application threads were stopped: 0.0306442 seconds, Stopping threads took: 0.0305344 seconds
2017-04-25T14:11:18.019+0800: 6.570: [GC (CMS Initial Mark) [1 CMS-initial-mark: 0K(393216K)] 14796K(502464K), 0.0325955 secs] [Times: user=0.00 sys=0.00, real=0.03 secs] 
2017-04-25T14:11:18.051+0800: 6.602: Total time for which application threads were stopped: 0.0327646 seconds, Stopping threads took: 0.0000460 seconds
2017-04-25T14:11:18.051+0800: 6.602: [CMS-concurrent-mark-start]
2017-04-25T14:11:18.052+0800: 6.603: [CMS-concurrent-mark: 0.000/0.000 secs] [Times: user=0.00 sys=0.00, real=0.00 secs] 
2017-04-25T14:11:18.052+0800: 6.603: [CMS-concurrent-preclean-start]
2017-04-25T14:11:18.053+0800: 6.604: [CMS-concurrent-preclean: 0.001/0.001 secs] [Times: user=0.00 sys=0.00, real=0.00 secs] 
2017-04-25T14:11:18.053+0800: 6.604: [GC (CMS Final Remark) [YG occupancy: 15709 K (109248 K)]{Heap before GC invocations=3 (full 1):
 par new generation   total 109248K, used 15709K [0x00000000e0000000, 0x00000000e8000000, 0x00000000e8000000)
  eden space 87424K,   3% used [0x00000000e0000000, 0x00000000e0292948, 0x00000000e5560000)
  from space 21824K,  59% used [0x00000000e6ab0000, 0x00000000e7774b60, 0x00000000e8000000)
  to   space 21824K,   0% used [0x00000000e5560000, 0x00000000e5560000, 0x00000000e6ab0000)
 concurrent mark-sweep generation total 393216K, used 0K [0x00000000e8000000, 0x0000000100000000, 0x0000000100000000)
 Metaspace       used 21643K, capacity 22050K, committed 22216K, reserved 1069056K
  class space    used 2622K, capacity 2797K, committed 2840K, reserved 1048576K
2017-04-25T14:11:18.053+0800: 6.604: [GC (CMS Final Remark) 2017-04-25T14:11:18.053+0800: 6.604: [ParNew
Desired survivor size 20112992 bytes, new threshold 8 (max 8)
- age   1:     699904 bytes,     699904 total
- age   2:    1751208 bytes,    2451112 total
- age   3:    1380944 bytes,    3832056 total
- age   4:    5865912 bytes,    9697968 total
: 15709K->12158K(109248K), 0.0073208 secs] 15709K->12158K(502464K), 0.0073917 secs] [Times: user=0.00 sys=0.00, real=0.01 secs] 
Heap after GC invocations=4 (full 1):
 par new generation   total 109248K, used 12158K [0x00000000e0000000, 0x00000000e8000000, 0x00000000e8000000)
  eden space 87424K,   0% used [0x00000000e0000000, 0x00000000e0000000, 0x00000000e5560000)
  from space 21824K,  55% used [0x00000000e5560000, 0x00000000e613fba0, 0x00000000e6ab0000)
  to   space 21824K,   0% used [0x00000000e6ab0000, 0x00000000e6ab0000, 0x00000000e8000000)
 concurrent mark-sweep generation total 393216K, used 0K [0x00000000e8000000, 0x0000000100000000, 0x0000000100000000)
 Metaspace       used 21643K, capacity 22050K, committed 22216K, reserved 1069056K
  class space    used 2622K, capacity 2797K, committed 2840K, reserved 1048576K
}
2017-04-25T14:11:18.061+0800: 6.611: [Rescan (parallel) , 0.0022691 secs]2017-04-25T14:11:18.063+0800: 6.614: [weak refs processing, 0.0004538 secs]2017-04-25T14:11:18.063+0800: 6.614: [class unloading, 0.0026635 secs]2017-04-25T14:11:18.066+0800: 6.617: [scrub symbol table, 0.0025493 secs]2017-04-25T14:11:18.069+0800: 6.619: [scrub string table, 0.0003320 secs][1 CMS-remark: 0K(393216K)] 12158K(502464K), 0.0166246 secs] [Times: user=0.06 sys=0.00, real=0.02 secs] 
2017-04-25T14:11:18.070+0800: 6.621: Total time for which application threads were stopped: 0.0167986 seconds, Stopping threads took: 0.0000785 seconds
2017-04-25T14:11:18.070+0800: 6.621: [CMS-concurrent-sweep-start]
2017-04-25T14:11:18.070+0800: 6.621: [CMS-concurrent-sweep: 0.000/0.000 secs] [Times: user=0.00 sys=0.00, real=0.00 secs] 
2017-04-25T14:11:18.070+0800: 6.621: [CMS-concurrent-reset-start]
2017-04-25T14:11:18.072+0800: 6.623: [CMS-concurrent-reset: 0.002/0.002 secs] [Times: user=0.00 sys=0.00, real=0.00 secs] 
2017-04-25T14:11:18.245+0800: 6.795: Total time for which application threads were stopped: 0.0001834 seconds, Stopping threads took: 0.0000357 seconds
2017-04-25T14:11:18.254+0800: 6.805: Total time for which application threads were stopped: 0.0001464 seconds, Stopping threads took: 0.0000344 seconds
2017-04-25T14:11:18.701+0800: 7.252: Total time for which application threads were stopped: 0.0001896 seconds, Stopping threads took: 0.0001093 seconds
2017-04-25T14:11:18.701+0800: 7.252: Total time for which application threads were stopped: 0.0000531 seconds, Stopping threads took: 0.0000143 seconds
2017-04-25T14:11:18.702+0800: 7.252: Total time for which application threads were stopped: 0.0000723 seconds, Stopping threads took: 0.0000103 seconds
2017-04-25T14:11:18.702+0800: 7.252: Total time for which application threads were stopped: 0.0000402 seconds, Stopping threads took: 0.0000107 seconds
2017-04-25T14:11:18.702+0800: 7.253: Total time for which application threads were stopped: 0.0000482 seconds, Stopping threads took: 0.0000103 seconds
2017-04-25T14:11:18.702+0800: 7.253: Total time for which application threads were stopped: 0.0000464 seconds, Stopping threads took: 0.0000116 seconds
2017-04-25T14:11:18.702+0800: 7.253: Total time for which application threads were stopped: 0.0000848 seconds, Stopping threads took: 0.0000500 seconds
2017-04-25T14:11:18.702+0800: 7.253: Total time for which application threads were stopped: 0.0000486 seconds, Stopping threads took: 0.0000103 seconds
2017-04-25T14:11:18.702+0800: 7.253: Total time for which application threads were stopped: 0.0000469 seconds, Stopping threads took: 0.0000094 seconds
2017-04-25T14:11:18.702+0800: 7.253: Total time for which application threads were stopped: 0.0000821 seconds, Stopping threads took: 0.0000451 seconds
2017-04-25T14:11:18.703+0800: 7.253: Total time for which application threads were stopped: 0.0001468 seconds, Stopping threads took: 0.0000491 seconds
2017-04-25T14:11:18.703+0800: 7.254: Total time for which application threads were stopped: 0.0000571 seconds, Stopping threads took: 0.0000241 seconds
{Heap before GC invocations=4 (full 1):
 par new generation   total 109248K, used 99582K [0x00000000e0000000, 0x00000000e8000000, 0x00000000e8000000)
  eden space 87424K, 100% used [0x00000000e0000000, 0x00000000e5560000, 0x00000000e5560000)
  from space 21824K,  55% used [0x00000000e5560000, 0x00000000e613fba0, 0x00000000e6ab0000)
  to   space 21824K,   0% used [0x00000000e6ab0000, 0x00000000e6ab0000, 0x00000000e8000000)
 concurrent mark-sweep generation total 393216K, used 0K [0x00000000e8000000, 0x0000000100000000, 0x0000000100000000)
 Metaspace       used 22378K, capacity 22836K, committed 23112K, reserved 1069056K
  class space    used 2723K, capacity 2903K, committed 2968K, reserved 1048576K
2017-04-25T14:11:18.724+0800: 7.275: [GC (Allocation Failure) 2017-04-25T14:11:18.724+0800: 7.275: [ParNew
Desired survivor size 20112992 bytes, new threshold 8 (max 8)
- age   1:    1149352 bytes,    1149352 total
- age   2:        424 bytes,    1149776 total
- age   3:    1749872 bytes,    2899648 total
- age   4:    1379688 bytes,    4279336 total
- age   5:    5865616 bytes,   10144952 total
: 99582K->12478K(109248K), 0.0080879 secs] 99582K->12478K(502464K), 0.0082628 secs] [Times: user=0.00 sys=0.00, real=0.01 secs] 
Heap after GC invocations=5 (full 1):
 par new generation   total 109248K, used 12478K [0x00000000e0000000, 0x00000000e8000000, 0x00000000e8000000)
  eden space 87424K,   0% used [0x00000000e0000000, 0x00000000e0000000, 0x00000000e5560000)
  from space 21824K,  57% used [0x00000000e6ab0000, 0x00000000e76df970, 0x00000000e8000000)
  to   space 21824K,   0% used [0x00000000e5560000, 0x00000000e5560000, 0x00000000e6ab0000)
 concurrent mark-sweep generation total 393216K, used 0K [0x00000000e8000000, 0x0000000100000000, 0x0000000100000000)
 Metaspace       used 22378K, capacity 22836K, committed 23112K, reserved 1069056K
  class space    used 2723K, capacity 2903K, committed 2968K, reserved 1048576K
}
2017-04-25T14:11:18.733+0800: 7.283: Total time for which application threads were stopped: 0.0085278 seconds, Stopping threads took: 0.0000812 seconds
{Heap before GC invocations=5 (full 1):
 par new generation   total 109248K, used 99902K [0x00000000e0000000, 0x00000000e8000000, 0x00000000e8000000)
  eden space 87424K, 100% used [0x00000000e0000000, 0x00000000e5560000, 0x00000000e5560000)
  from space 21824K,  57% used [0x00000000e6ab0000, 0x00000000e76df970, 0x00000000e8000000)
  to   space 21824K,   0% used [0x00000000e5560000, 0x00000000e5560000, 0x00000000e6ab0000)
 concurrent mark-sweep generation total 393216K, used 0K [0x00000000e8000000, 0x0000000100000000, 0x0000000100000000)
 Metaspace       used 22560K, capacity 23060K, committed 23112K, reserved 1069056K
  class space    used 2748K, capacity 2935K, committed 2968K, reserved 1048576K
2017-04-25T14:11:18.868+0800: 7.418: [GC (Allocation Failure) 2017-04-25T14:11:18.868+0800: 7.418: [ParNew
Desired survivor size 20112992 bytes, new threshold 8 (max 8)
- age   1:     974760 bytes,     974760 total
- age   2:     326088 bytes,    1300848 total
- age   3:        424 bytes,    1301272 total
- age   4:    1748816 bytes,    3050088 total
- age   5:    1378888 bytes,    4428976 total
- age   6:    5865720 bytes,   10294696 total
: 99902K->14265K(109248K), 0.0069527 secs] 99902K->14265K(502464K), 0.0070526 secs] [Times: user=0.00 sys=0.00, real=0.01 secs] 
Heap after GC invocations=6 (full 1):
 par new generation   total 109248K, used 14265K [0x00000000e0000000, 0x00000000e8000000, 0x00000000e8000000)
  eden space 87424K,   0% used [0x00000000e0000000, 0x00000000e0000000, 0x00000000e5560000)
  from space 21824K,  65% used [0x00000000e5560000, 0x00000000e634e490, 0x00000000e6ab0000)
  to   space 21824K,   0% used [0x00000000e6ab0000, 0x00000000e6ab0000, 0x00000000e8000000)
 concurrent mark-sweep generation total 393216K, used 0K [0x00000000e8000000, 0x0000000100000000, 0x0000000100000000)
 Metaspace       used 22560K, capacity 23060K, committed 23112K, reserved 1069056K
  class space    used 2748K, capacity 2935K, committed 2968K, reserved 1048576K
}
2017-04-25T14:11:18.875+0800: 7.425: Total time for which application threads were stopped: 0.0072699 seconds, Stopping threads took: 0.0000451 seconds
2017-04-25T14:11:19.030+0800: 7.580: Total time for which application threads were stopped: 0.0002111 seconds, Stopping threads took: 0.0000411 seconds
2017-04-25T14:11:19.030+0800: 7.580: Total time for which application threads were stopped: 0.0001343 seconds, Stopping threads took: 0.0000326 seconds
2017-04-25T14:11:19.179+0800: 7.729: Total time for which application threads were stopped: 0.0005948 seconds, Stopping threads took: 0.0000437 seconds
2017-04-25T14:11:19.215+0800: 7.766: Total time for which application threads were stopped: 0.0001254 seconds, Stopping threads took: 0.0000370 seconds
2017-04-25T14:11:19.500+0800: 8.050: Total time for which application threads were stopped: 0.0001615 seconds, Stopping threads took: 0.0000424 seconds
2017-04-25T14:11:19.528+0800: 8.078: Total time for which application threads were stopped: 0.0002941 seconds, Stopping threads took: 0.0000210 seconds
2017-04-25T14:11:19.749+0800: 8.300: Total time for which application threads were stopped: 0.0001557 seconds, Stopping threads took: 0.0000629 seconds
2017-04-25T14:11:19.749+0800: 8.300: Total time for which application threads were stopped: 0.0000973 seconds, Stopping threads took: 0.0000495 seconds
2017-04-25T14:11:19.750+0800: 8.300: Total time for which application threads were stopped: 0.0000460 seconds, Stopping threads took: 0.0000080 seconds
2017-04-25T14:11:19.750+0800: 8.300: Total time for which application threads were stopped: 0.0000634 seconds, Stopping threads took: 0.0000196 seconds
2017-04-25T14:11:19.914+0800: 8.464: Total time for which application threads were stopped: 0.0003208 seconds, Stopping threads took: 0.0000250 seconds
2017-04-25T14:11:19.977+0800: 8.527: Total time for which application threads were stopped: 0.0001205 seconds, Stopping threads took: 0.0000518 seconds
2017-04-25T14:11:20.318+0800: 8.869: Total time for which application threads were stopped: 0.0003320 seconds, Stopping threads took: 0.0000210 seconds
2017-04-25T14:11:20.365+0800: 8.915: Total time for which application threads were stopped: 0.0000799 seconds, Stopping threads took: 0.0000201 seconds
2017-04-25T14:11:20.653+0800: 9.204: Total time for which application threads were stopped: 0.0000888 seconds, Stopping threads took: 0.0000219 seconds
2017-04-25T14:11:20.653+0800: 9.204: Total time for which application threads were stopped: 0.0000674 seconds, Stopping threads took: 0.0000312 seconds
2017-04-25T14:11:20.654+0800: 9.204: Total time for which application threads were stopped: 0.0000634 seconds, Stopping threads took: 0.0000295 seconds
2017-04-25T14:11:20.927+0800: 9.478: Total time for which application threads were stopped: 0.0001017 seconds, Stopping threads took: 0.0000281 seconds
2017-04-25T14:11:20.928+0800: 9.479: Total time for which application threads were stopped: 0.0003851 seconds, Stopping threads took: 0.0000201 seconds
2017-04-25T14:11:20.930+0800: 9.480: Total time for which application threads were stopped: 0.0001116 seconds, Stopping threads took: 0.0000576 seconds
2017-04-25T14:11:21.027+0800: 9.577: Total time for which application threads were stopped: 0.0007800 seconds, Stopping threads took: 0.0000491 seconds
2017-04-25T14:11:21.150+0800: 9.701: Total time for which application threads were stopped: 0.0003333 seconds, Stopping threads took: 0.0000228 seconds
2017-04-25T14:11:21.181+0800: 9.732: Total time for which application threads were stopped: 0.0000884 seconds, Stopping threads took: 0.0000237 seconds
{Heap before GC invocations=6 (full 1):
 par new generation   total 109248K, used 101689K [0x00000000e0000000, 0x00000000e8000000, 0x00000000e8000000)
  eden space 87424K, 100% used [0x00000000e0000000, 0x00000000e5560000, 0x00000000e5560000)
  from space 21824K,  65% used [0x00000000e5560000, 0x00000000e634e490, 0x00000000e6ab0000)
  to   space 21824K,   0% used [0x00000000e6ab0000, 0x00000000e6ab0000, 0x00000000e8000000)
 concurrent mark-sweep generation total 393216K, used 0K [0x00000000e8000000, 0x0000000100000000, 0x0000000100000000)
 Metaspace       used 25936K, capacity 26396K, committed 26648K, reserved 1073152K
  class space    used 3143K, capacity 3343K, committed 3352K, reserved 1048576K
2017-04-25T14:11:21.213+0800: 9.763: [GC (Allocation Failure) 2017-04-25T14:11:21.213+0800: 9.763: [ParNew
Desired survivor size 20112992 bytes, new threshold 8 (max 8)
- age   1:    4393000 bytes,    4393000 total
- age   2:     110472 bytes,    4503472 total
- age   3:     317584 bytes,    4821056 total
- age   4:        400 bytes,    4821456 total
- age   5:     295056 bytes,    5116512 total
- age   6:    1355976 bytes,    6472488 total
- age   7:    5860536 bytes,   12333024 total
: 101689K->16905K(109248K), 0.0109691 secs] 101689K->16905K(502464K), 0.0110731 secs] [Times: user=0.08 sys=0.00, real=0.01 secs] 
Heap after GC invocations=7 (full 1):
 par new generation   total 109248K, used 16905K [0x00000000e0000000, 0x00000000e8000000, 0x00000000e8000000)
  eden space 87424K,   0% used [0x00000000e0000000, 0x00000000e0000000, 0x00000000e5560000)
  from space 21824K,  77% used [0x00000000e6ab0000, 0x00000000e7b32628, 0x00000000e8000000)
  to   space 21824K,   0% used [0x00000000e5560000, 0x00000000e5560000, 0x00000000e6ab0000)
 concurrent mark-sweep generation total 393216K, used 0K [0x00000000e8000000, 0x0000000100000000, 0x0000000100000000)
 Metaspace       used 25936K, capacity 26396K, committed 26648K, reserved 1073152K
  class space    used 3143K, capacity 3343K, committed 3352K, reserved 1048576K
}
2017-04-25T14:11:21.224+0800: 9.775: Total time for which application threads were stopped: 0.0113141 seconds, Stopping threads took: 0.0000388 seconds
2017-04-25T14:11:21.225+0800: 9.776: Total time for which application threads were stopped: 0.0001223 seconds, Stopping threads took: 0.0000375 seconds
2017-04-25T14:11:21.227+0800: 9.778: Total time for which application threads were stopped: 0.0001209 seconds, Stopping threads took: 0.0000330 seconds
2017-04-25T14:11:21.253+0800: 9.804: Total time for which application threads were stopped: 0.0000875 seconds, Stopping threads took: 0.0000268 seconds
2017-04-25T14:11:21.253+0800: 9.804: Total time for which application threads were stopped: 0.0000482 seconds, Stopping threads took: 0.0000125 seconds
2017-04-25T14:11:21.670+0800: 10.220: Total time for which application threads were stopped: 0.0001459 seconds, Stopping threads took: 0.0000268 seconds
2017-04-25T14:11:21.816+0800: 10.366: Total time for which application threads were stopped: 0.0001437 seconds, Stopping threads took: 0.0000580 seconds
2017-04-25T14:11:21.879+0800: 10.429: Total time for which application threads were stopped: 0.0001481 seconds, Stopping threads took: 0.0000571 seconds
2017-04-25T14:11:22.128+0800: 10.678: Total time for which application threads were stopped: 0.0001058 seconds, Stopping threads took: 0.0000250 seconds
2017-04-25T14:11:22.129+0800: 10.679: Total time for which application threads were stopped: 0.0001129 seconds, Stopping threads took: 0.0000232 seconds
2017-04-25T14:11:22.149+0800: 10.699: Total time for which application threads were stopped: 0.0001428 seconds, Stopping threads took: 0.0000607 seconds
2017-04-25T14:11:22.149+0800: 10.700: Total time for which application threads were stopped: 0.0001343 seconds, Stopping threads took: 0.0000500 seconds
2017-04-25T14:11:22.277+0800: 10.827: Total time for which application threads were stopped: 0.0004052 seconds, Stopping threads took: 0.0000549 seconds
2017-04-25T14:11:22.279+0800: 10.830: Total time for which application threads were stopped: 0.0001789 seconds, Stopping threads took: 0.0001062 seconds
2017-04-25T14:11:22.323+0800: 10.874: Total time for which application threads were stopped: 0.0002726 seconds, Stopping threads took: 0.0001990 seconds
2017-04-25T14:11:22.338+0800: 10.889: Total time for which application threads were stopped: 0.0001285 seconds, Stopping threads took: 0.0000388 seconds
2017-04-25T14:11:22.354+0800: 10.905: Total time for which application threads were stopped: 0.0003588 seconds, Stopping threads took: 0.0000290 seconds
2017-04-25T14:11:22.431+0800: 10.981: Total time for which application threads were stopped: 0.0003637 seconds, Stopping threads took: 0.0000183 seconds
2017-04-25T14:11:22.499+0800: 11.050: Total time for which application threads were stopped: 0.0003231 seconds, Stopping threads took: 0.0000214 seconds
2017-04-25T14:11:22.689+0800: 11.239: Total time for which application threads were stopped: 0.0001392 seconds, Stopping threads took: 0.0000228 seconds
2017-04-25T14:11:22.728+0800: 11.278: Total time for which application threads were stopped: 0.0001000 seconds, Stopping threads took: 0.0000286 seconds
2017-04-25T14:11:22.888+0800: 11.439: Total time for which application threads were stopped: 0.0001044 seconds, Stopping threads took: 0.0000250 seconds
2017-04-25T14:11:22.920+0800: 11.484: Total time for which application threads were stopped: 0.0146099 seconds, Stopping threads took: 0.0001049 seconds
2017-04-25T14:11:22.941+0800: 11.491: Total time for which application threads were stopped: 0.0002035 seconds, Stopping threads took: 0.0000473 seconds
2017-04-25T14:11:23.044+0800: 11.595: Total time for which application threads were stopped: 0.0003320 seconds, Stopping threads took: 0.0000576 seconds
2017-04-25T14:11:23.152+0800: 11.702: Total time for which application threads were stopped: 0.0002450 seconds, Stopping threads took: 0.0000857 seconds
{Heap before GC invocations=7 (full 1):
 par new generation   total 109248K, used 104329K [0x00000000e0000000, 0x00000000e8000000, 0x00000000e8000000)
  eden space 87424K, 100% used [0x00000000e0000000, 0x00000000e5560000, 0x00000000e5560000)
  from space 21824K,  77% used [0x00000000e6ab0000, 0x00000000e7b32628, 0x00000000e8000000)
  to   space 21824K,   0% used [0x00000000e5560000, 0x00000000e5560000, 0x00000000e6ab0000)
 concurrent mark-sweep generation total 393216K, used 0K [0x00000000e8000000, 0x0000000100000000, 0x0000000100000000)
 Metaspace       used 30126K, capacity 30644K, committed 31000K, reserved 1077248K
  class space    used 3648K, capacity 3811K, committed 3864K, reserved 1048576K
2017-04-25T14:11:23.156+0800: 11.706: [GC (Allocation Failure) 2017-04-25T14:11:23.156+0800: 11.707: [ParNew
Desired survivor size 20112992 bytes, new threshold 8 (max 8)
- age   1:   10795856 bytes,   10795856 total
- age   2:    1937672 bytes,   12733528 total
- age   3:     109368 bytes,   12842896 total
- age   4:     315472 bytes,   13158368 total
- age   5:        400 bytes,   13158768 total
- age   6:     282688 bytes,   13441456 total
- age   7:    1340576 bytes,   14782032 total
- age   8:    5807152 bytes,   20589184 total
: 104329K->21824K(109248K), 0.0247776 secs] 104329K->21824K(502464K), 0.0249222 secs] [Times: user=0.13 sys=0.00, real=0.03 secs] 
Heap after GC invocations=8 (full 1):
 par new generation   total 109248K, used 21824K [0x00000000e0000000, 0x00000000e8000000, 0x00000000e8000000)
  eden space 87424K,   0% used [0x00000000e0000000, 0x00000000e0000000, 0x00000000e5560000)
  from space 21824K, 100% used [0x00000000e5560000, 0x00000000e6ab0000, 0x00000000e6ab0000)
  to   space 21824K,   0% used [0x00000000e6ab0000, 0x00000000e6ab0000, 0x00000000e8000000)
 concurrent mark-sweep generation total 393216K, used 0K [0x00000000e8000000, 0x0000000100000000, 0x0000000100000000)
 Metaspace       used 30126K, capacity 30644K, committed 31000K, reserved 1077248K
  class space    used 3648K, capacity 3811K, committed 3864K, reserved 1048576K
}
2017-04-25T14:11:23.181+0800: 11.731: Total time for which application threads were stopped: 0.0252720 seconds, Stopping threads took: 0.0000460 seconds
2017-04-25T14:11:23.183+0800: 11.733: Total time for which application threads were stopped: 0.0001066 seconds, Stopping threads took: 0.0000402 seconds
2017-04-25T14:11:23.183+0800: 11.733: Total time for which application threads were stopped: 0.0000817 seconds, Stopping threads took: 0.0000330 seconds
2017-04-25T14:11:23.234+0800: 11.784: Total time for which application threads were stopped: 0.0001120 seconds, Stopping threads took: 0.0000428 seconds
2017-04-25T14:11:23.234+0800: 11.784: Total time for which application threads were stopped: 0.0000544 seconds, Stopping threads took: 0.0000143 seconds
2017-04-25T14:11:23.234+0800: 11.785: Total time for which application threads were stopped: 0.0000759 seconds, Stopping threads took: 0.0000344 seconds
2017-04-25T14:11:23.235+0800: 11.785: Total time for which application threads were stopped: 0.0000393 seconds, Stopping threads took: 0.0000152 seconds
2017-04-25T14:12:01.262+0800: 49.812: Total time for which application threads were stopped: 0.0002053 seconds, Stopping threads took: 0.0000705 seconds
2017-04-25T14:12:06.265+0800: 54.815: Total time for which application threads were stopped: 0.0001584 seconds, Stopping threads took: 0.0000504 seconds
2017-04-25T14:15:22.404+0800: 250.954: Total time for which application threads were stopped: 0.0002249 seconds, Stopping threads took: 0.0000674 seconds
2017-04-25T14:18:52.030+0800: 460.580: Total time for which application threads were stopped: 0.0001468 seconds, Stopping threads took: 0.0000464 seconds
2017-04-25T14:18:52.030+0800: 460.580: Total time for which application threads were stopped: 0.0000660 seconds, Stopping threads took: 0.0000245 seconds
2017-04-25T14:18:52.030+0800: 460.580: Total time for which application threads were stopped: 0.0000607 seconds, Stopping threads took: 0.0000214 seconds
2017-04-25T14:18:52.030+0800: 460.581: Total time for which application threads were stopped: 0.0000535 seconds, Stopping threads took: 0.0000174 seconds
2017-04-25T14:18:52.031+0800: 460.581: Total time for which application threads were stopped: 0.0000651 seconds, Stopping threads took: 0.0000156 seconds
2017-04-25T14:18:52.128+0800: 460.678: Total time for which application threads were stopped: 0.0000768 seconds, Stopping threads took: 0.0000223 seconds
2017-04-25T14:18:52.146+0800: 460.697: Total time for which application threads were stopped: 0.0000821 seconds, Stopping threads took: 0.0000317 seconds
2017-04-25T14:18:52.146+0800: 460.697: Total time for which application threads were stopped: 0.0000451 seconds, Stopping threads took: 0.0000152 seconds
2017-04-25T14:18:52.146+0800: 460.697: Total time for which application threads were stopped: 0.0000875 seconds, Stopping threads took: 0.0000558 seconds
2017-04-25T14:18:52.146+0800: 460.697: Total time for which application threads were stopped: 0.0000495 seconds, Stopping threads took: 0.0000205 seconds
2017-04-25T14:18:52.147+0800: 460.697: Total time for which application threads were stopped: 0.0000482 seconds, Stopping threads took: 0.0000201 seconds
2017-04-25T14:18:52.147+0800: 460.697: Total time for which application threads were stopped: 0.0000473 seconds, Stopping threads took: 0.0000223 seconds
2017-04-25T14:18:52.147+0800: 460.697: Total time for which application threads were stopped: 0.0000736 seconds, Stopping threads took: 0.0000103 seconds
2017-04-25T14:18:52.185+0800: 460.735: Total time for which application threads were stopped: 0.0001941 seconds, Stopping threads took: 0.0001098 seconds
2017-04-25T14:18:52.202+0800: 460.753: Total time for which application threads were stopped: 0.0000839 seconds, Stopping threads took: 0.0000259 seconds
2017-04-25T14:18:52.203+0800: 460.754: Total time for which application threads were stopped: 0.0000549 seconds, Stopping threads took: 0.0000170 seconds
2017-04-25T14:18:52.204+0800: 460.754: Total time for which application threads were stopped: 0.0000553 seconds, Stopping threads took: 0.0000178 seconds
2017-04-25T14:18:52.205+0800: 460.756: Total time for which application threads were stopped: 0.0000540 seconds, Stopping threads took: 0.0000156 seconds
2017-04-25T14:18:52.207+0800: 460.757: Total time for which application threads were stopped: 0.0000486 seconds, Stopping threads took: 0.0000147 seconds
2017-04-25T14:22:36.368+0800: 684.918: Total time for which application threads were stopped: 0.0001191 seconds, Stopping threads took: 0.0000366 seconds
2017-04-25T14:22:41.372+0800: 689.922: Total time for which application threads were stopped: 0.0001794 seconds, Stopping threads took: 0.0000567 seconds
2017-04-25T14:23:32.288+0800: 740.838: Total time for which application threads were stopped: 0.0001303 seconds, Stopping threads took: 0.0000388 seconds
2017-04-25T14:23:32.288+0800: 740.838: Total time for which application threads were stopped: 0.0000879 seconds, Stopping threads took: 0.0000170 seconds
2017-04-25T14:23:32.288+0800: 740.838: Total time for which application threads were stopped: 0.0000745 seconds, Stopping threads took: 0.0000223 seconds
2017-04-25T14:23:32.288+0800: 740.838: Total time for which application threads were stopped: 0.0000665 seconds, Stopping threads took: 0.0000237 seconds
2017-04-25T14:23:32.323+0800: 740.873: Total time for which application threads were stopped: 0.0000959 seconds, Stopping threads took: 0.0000237 seconds
2017-04-25T14:23:32.324+0800: 740.874: Total time for which application threads were stopped: 0.0000781 seconds, Stopping threads took: 0.0000178 seconds
2017-04-25T14:23:32.324+0800: 740.874: Total time for which application threads were stopped: 0.0000629 seconds, Stopping threads took: 0.0000156 seconds
2017-04-25T14:23:33.324+0800: 741.874: Total time for which application threads were stopped: 0.0000959 seconds, Stopping threads took: 0.0000223 seconds
2017-04-25T14:27:27.746+0800: 976.296: Total time for which application threads were stopped: 0.0001522 seconds, Stopping threads took: 0.0000415 seconds
2017-04-25T14:27:27.746+0800: 976.296: Total time for which application threads were stopped: 0.0000857 seconds, Stopping threads took: 0.0000312 seconds
2017-04-25T14:27:27.746+0800: 976.296: Total time for which application threads were stopped: 0.0000674 seconds, Stopping threads took: 0.0000250 seconds
2017-04-25T14:27:27.746+0800: 976.296: Total time for which application threads were stopped: 0.0000634 seconds, Stopping threads took: 0.0000214 seconds
2017-04-25T14:27:28.746+0800: 977.297: Total time for which application threads were stopped: 0.0002053 seconds, Stopping threads took: 0.0000495 seconds
2017-04-25T14:27:59.036+0800: 1007.586: Total time for which application threads were stopped: 0.0001013 seconds, Stopping threads took: 0.0000419 seconds
2017-04-25T14:27:59.657+0800: 1008.207: Total time for which application threads were stopped: 0.0000906 seconds, Stopping threads took: 0.0000219 seconds
2017-04-25T14:28:00.657+0800: 1009.207: Total time for which application threads were stopped: 0.0001963 seconds, Stopping threads took: 0.0000585 seconds
2017-04-25T14:34:43.956+0800: 1412.506: Total time for which application threads were stopped: 0.0002490 seconds, Stopping threads took: 0.0000660 seconds
2017-04-25T14:34:44.956+0800: 1413.506: Total time for which application threads were stopped: 0.0002039 seconds, Stopping threads took: 0.0000571 seconds
2017-04-25T14:34:45.957+0800: 1414.507: Total time for which application threads were stopped: 0.0001749 seconds, Stopping threads took: 0.0000531 seconds
2017-04-25T14:34:47.959+0800: 1416.509: Total time for which application threads were stopped: 0.0000933 seconds, Stopping threads took: 0.0000321 seconds
2017-04-25T14:34:48.959+0800: 1417.509: Total time for which application threads were stopped: 0.0001263 seconds, Stopping threads took: 0.0000370 seconds
2017-04-25T14:34:49.485+0800: 1418.035: Total time for which application threads were stopped: 0.0002035 seconds, Stopping threads took: 0.0000928 seconds
2017-04-25T14:34:49.486+0800: 1418.036: Total time for which application threads were stopped: 0.0001464 seconds, Stopping threads took: 0.0000540 seconds
2017-04-25T14:34:49.486+0800: 1418.036: Total time for which application threads were stopped: 0.0001129 seconds, Stopping threads took: 0.0000491 seconds
2017-04-25T14:34:49.486+0800: 1418.036: Total time for which application threads were stopped: 0.0001191 seconds, Stopping threads took: 0.0000495 seconds
2017-04-25T14:34:49.486+0800: 1418.036: Total time for which application threads were stopped: 0.0000982 seconds, Stopping threads took: 0.0000424 seconds
2017-04-25T14:34:49.486+0800: 1418.036: Total time for which application threads were stopped: 0.0001000 seconds, Stopping threads took: 0.0000437 seconds
2017-04-25T14:34:49.487+0800: 1418.037: Total time for which application threads were stopped: 0.0001089 seconds, Stopping threads took: 0.0000303 seconds
2017-04-25T14:34:49.487+0800: 1418.037: Total time for which application threads were stopped: 0.0001352 seconds, Stopping threads took: 0.0000433 seconds
2017-04-25T14:34:49.487+0800: 1418.037: Total time for which application threads were stopped: 0.0001093 seconds, Stopping threads took: 0.0000353 seconds
2017-04-25T14:34:49.488+0800: 1418.038: Total time for which application threads were stopped: 0.0001160 seconds, Stopping threads took: 0.0000393 seconds
2017-04-25T14:34:49.488+0800: 1418.038: Total time for which application threads were stopped: 0.0001272 seconds, Stopping threads took: 0.0000393 seconds
2017-04-25T14:34:49.489+0800: 1418.039: Total time for which application threads were stopped: 0.0001486 seconds, Stopping threads took: 0.0000567 seconds
2017-04-25T14:34:49.489+0800: 1418.039: Total time for which application threads were stopped: 0.0001508 seconds, Stopping threads took: 0.0000924 seconds
2017-04-25T14:34:49.489+0800: 1418.039: Total time for which application threads were stopped: 0.0001847 seconds, Stopping threads took: 0.0001263 seconds
2017-04-25T14:34:49.490+0800: 1418.040: Total time for which application threads were stopped: 0.0001191 seconds, Stopping threads took: 0.0000669 seconds
2017-04-25T14:34:49.490+0800: 1418.040: Total time for which application threads were stopped: 0.0000817 seconds, Stopping threads took: 0.0000326 seconds
2017-04-25T14:34:49.490+0800: 1418.040: Total time for which application threads were stopped: 0.0001120 seconds, Stopping threads took: 0.0000589 seconds
2017-04-25T14:34:49.490+0800: 1418.040: Total time for which application threads were stopped: 0.0001017 seconds, Stopping threads took: 0.0000370 seconds
2017-04-25T14:34:49.490+0800: 1418.040: Total time for which application threads were stopped: 0.0001142 seconds, Stopping threads took: 0.0000477 seconds
2017-04-25T14:34:49.491+0800: 1418.041: Total time for which application threads were stopped: 0.0001178 seconds, Stopping threads took: 0.0000442 seconds
2017-04-25T14:34:49.491+0800: 1418.041: Total time for which application threads were stopped: 0.0002535 seconds, Stopping threads took: 0.0000344 seconds
2017-04-25T14:34:50.492+0800: 1419.042: Total time for which application threads were stopped: 0.0002276 seconds, Stopping threads took: 0.0000638 seconds
2017-04-25T14:34:51.561+0800: 1420.112: Total time for which application threads were stopped: 0.0000942 seconds, Stopping threads took: 0.0000219 seconds
2017-04-25T14:34:51.561+0800: 1420.112: Total time for which application threads were stopped: 0.0001249 seconds, Stopping threads took: 0.0000321 seconds
2017-04-25T14:34:51.561+0800: 1420.112: Total time for which application threads were stopped: 0.0001075 seconds, Stopping threads took: 0.0000611 seconds
2017-04-25T14:34:51.562+0800: 1420.112: Total time for which application threads were stopped: 0.0000567 seconds, Stopping threads took: 0.0000268 seconds
2017-04-25T14:34:51.562+0800: 1420.112: Total time for which application threads were stopped: 0.0001133 seconds, Stopping threads took: 0.0000674 seconds
2017-04-25T14:34:51.562+0800: 1420.112: Total time for which application threads were stopped: 0.0000964 seconds, Stopping threads took: 0.0000593 seconds
2017-04-25T14:34:51.562+0800: 1420.113: Total time for which application threads were stopped: 0.0000687 seconds, Stopping threads took: 0.0000272 seconds
2017-04-25T14:34:51.564+0800: 1420.114: Total time for which application threads were stopped: 0.0001093 seconds, Stopping threads took: 0.0000375 seconds
2017-04-25T14:34:51.564+0800: 1420.115: Total time for which application threads were stopped: 0.0001031 seconds, Stopping threads took: 0.0000353 seconds
2017-04-25T14:34:52.564+0800: 1421.114: Total time for which application threads were stopped: 0.0001160 seconds, Stopping threads took: 0.0000344 seconds
2017-04-25T14:34:55.567+0800: 1424.117: Total time for which application threads were stopped: 0.0002111 seconds, Stopping threads took: 0.0000513 seconds
2017-04-25T14:34:56.568+0800: 1425.118: Total time for which application threads were stopped: 0.0001830 seconds, Stopping threads took: 0.0000576 seconds
2017-04-25T14:34:58.569+0800: 1427.119: Total time for which application threads were stopped: 0.0002499 seconds, Stopping threads took: 0.0000607 seconds
2017-04-25T14:35:14.580+0800: 1443.130: Total time for which application threads were stopped: 0.0001888 seconds, Stopping threads took: 0.0000540 seconds
2017-04-25T14:35:15.883+0800: 1444.433: Total time for which application threads were stopped: 0.0000870 seconds, Stopping threads took: 0.0000263 seconds
2017-04-25T14:35:15.884+0800: 1444.434: Total time for which application threads were stopped: 0.0000540 seconds, Stopping threads took: 0.0000170 seconds
2017-04-25T14:35:15.884+0800: 1444.434: Total time for which application threads were stopped: 0.0000562 seconds, Stopping threads took: 0.0000170 seconds
2017-04-25T14:35:15.885+0800: 1444.435: Total time for which application threads were stopped: 0.0000527 seconds, Stopping threads took: 0.0000165 seconds
2017-04-25T14:35:15.885+0800: 1444.435: Total time for which application threads were stopped: 0.0000527 seconds, Stopping threads took: 0.0000170 seconds
2017-04-25T14:35:15.906+0800: 1444.456: Total time for which application threads were stopped: 0.0001290 seconds, Stopping threads took: 0.0000634 seconds
2017-04-25T14:35:15.906+0800: 1444.456: Total time for which application threads were stopped: 0.0000901 seconds, Stopping threads took: 0.0000544 seconds
2017-04-25T14:35:15.906+0800: 1444.456: Total time for which application threads were stopped: 0.0000482 seconds, Stopping threads took: 0.0000120 seconds
2017-04-25T14:35:15.910+0800: 1444.460: Total time for which application threads were stopped: 0.0000843 seconds, Stopping threads took: 0.0000210 seconds
2017-04-25T14:35:15.911+0800: 1444.461: Total time for which application threads were stopped: 0.0000527 seconds, Stopping threads took: 0.0000152 seconds
2017-04-25T14:35:15.911+0800: 1444.461: Total time for which application threads were stopped: 0.0000402 seconds, Stopping threads took: 0.0000103 seconds
2017-04-25T14:35:15.911+0800: 1444.461: Total time for which application threads were stopped: 0.0000384 seconds, Stopping threads took: 0.0000098 seconds
2017-04-25T14:35:15.912+0800: 1444.462: Total time for which application threads were stopped: 0.0000397 seconds, Stopping threads took: 0.0000103 seconds
2017-04-25T14:35:15.912+0800: 1444.462: Total time for which application threads were stopped: 0.0000384 seconds, Stopping threads took: 0.0000094 seconds
2017-04-25T14:35:15.912+0800: 1444.462: Total time for which application threads were stopped: 0.0000397 seconds, Stopping threads took: 0.0000103 seconds
2017-04-25T14:35:15.912+0800: 1444.462: Total time for which application threads were stopped: 0.0000384 seconds, Stopping threads took: 0.0000098 seconds
2017-04-25T14:35:15.912+0800: 1444.462: Total time for which application threads were stopped: 0.0000379 seconds, Stopping threads took: 0.0000094 seconds
2017-04-25T14:35:15.912+0800: 1444.462: Total time for which application threads were stopped: 0.0000375 seconds, Stopping threads took: 0.0000094 seconds
2017-04-25T14:35:15.959+0800: 1444.509: Total time for which application threads were stopped: 0.0000884 seconds, Stopping threads took: 0.0000259 seconds
2017-04-25T14:35:15.960+0800: 1444.510: Total time for which application threads were stopped: 0.0000491 seconds, Stopping threads took: 0.0000143 seconds
2017-04-25T14:35:15.960+0800: 1444.510: Total time for which application threads were stopped: 0.0000567 seconds, Stopping threads took: 0.0000161 seconds
2017-04-25T14:35:15.961+0800: 1444.510: Total time for which application threads were stopped: 0.0000634 seconds, Stopping threads took: 0.0000259 seconds
2017-04-25T14:35:15.961+0800: 1444.511: Total time for which application threads were stopped: 0.0001910 seconds, Stopping threads took: 0.0000312 seconds
2017-04-25T14:35:15.961+0800: 1444.511: Total time for which application threads were stopped: 0.0000692 seconds, Stopping threads took: 0.0000326 seconds
2017-04-25T14:35:15.962+0800: 1444.512: Total time for which application threads were stopped: 0.0000473 seconds, Stopping threads took: 0.0000138 seconds
2017-04-25T14:35:15.962+0800: 1444.512: Total time for which application threads were stopped: 0.0000562 seconds, Stopping threads took: 0.0000223 seconds
2017-04-25T14:35:15.964+0800: 1444.514: Total time for which application threads were stopped: 0.0000643 seconds, Stopping threads took: 0.0000223 seconds
2017-04-25T14:35:16.964+0800: 1445.515: Total time for which application threads were stopped: 0.0001026 seconds, Stopping threads took: 0.0000259 seconds
2017-04-25T14:35:16.974+0800: 1445.524: Total time for which application threads were stopped: 0.0000665 seconds, Stopping threads took: 0.0000165 seconds
2017-04-25T14:35:16.977+0800: 1445.527: Total time for which application threads were stopped: 0.0000576 seconds, Stopping threads took: 0.0000147 seconds
2017-04-25T14:35:16.977+0800: 1445.527: Total time for which application threads were stopped: 0.0000308 seconds, Stopping threads took: 0.0000085 seconds
2017-04-25T14:35:16.977+0800: 1445.527: Total time for which application threads were stopped: 0.0000295 seconds, Stopping threads took: 0.0000076 seconds
2017-04-25T14:35:16.977+0800: 1445.527: Total time for which application threads were stopped: 0.0000290 seconds, Stopping threads took: 0.0000071 seconds
2017-04-25T14:35:16.978+0800: 1445.528: Total time for which application threads were stopped: 0.0000295 seconds, Stopping threads took: 0.0000080 seconds
2017-04-25T14:35:16.978+0800: 1445.528: Total time for which application threads were stopped: 0.0000384 seconds, Stopping threads took: 0.0000076 seconds
2017-04-25T14:35:16.978+0800: 1445.528: Total time for which application threads were stopped: 0.0000379 seconds, Stopping threads took: 0.0000076 seconds
2017-04-25T14:35:16.978+0800: 1445.528: Total time for which application threads were stopped: 0.0000406 seconds, Stopping threads took: 0.0000085 seconds
2017-04-25T14:35:16.978+0800: 1445.528: Total time for which application threads were stopped: 0.0000286 seconds, Stopping threads took: 0.0000071 seconds
2017-04-25T14:35:16.978+0800: 1445.528: Total time for which application threads were stopped: 0.0000286 seconds, Stopping threads took: 0.0000071 seconds
2017-04-25T14:35:16.979+0800: 1445.529: Total time for which application threads were stopped: 0.0000344 seconds, Stopping threads took: 0.0000089 seconds
2017-04-25T14:35:16.979+0800: 1445.529: Total time for which application threads were stopped: 0.0000312 seconds, Stopping threads took: 0.0000085 seconds
2017-04-25T14:35:16.979+0800: 1445.529: Total time for which application threads were stopped: 0.0000290 seconds, Stopping threads took: 0.0000076 seconds
2017-04-25T14:35:16.979+0800: 1445.530: Total time for which application threads were stopped: 0.0000286 seconds, Stopping threads took: 0.0000076 seconds
2017-04-25T14:35:16.980+0800: 1445.530: Total time for which application threads were stopped: 0.0000286 seconds, Stopping threads took: 0.0000076 seconds
2017-04-25T14:35:16.980+0800: 1445.530: Total time for which application threads were stopped: 0.0001013 seconds, Stopping threads took: 0.0000071 seconds
2017-04-25T14:35:16.980+0800: 1445.530: Total time for which application threads were stopped: 0.0000290 seconds, Stopping threads took: 0.0000071 seconds
2017-04-25T14:35:16.980+0800: 1445.530: Total time for which application threads were stopped: 0.0000281 seconds, Stopping threads took: 0.0000071 seconds
2017-04-25T14:35:21.983+0800: 1450.533: Total time for which application threads were stopped: 0.0001656 seconds, Stopping threads took: 0.0000593 seconds
2017-04-25T14:35:30.974+0800: 1459.524: Total time for which application threads were stopped: 0.0001954 seconds, Stopping threads took: 0.0000518 seconds
2017-04-25T14:35:30.974+0800: 1459.525: Total time for which application threads were stopped: 0.0001481 seconds, Stopping threads took: 0.0000375 seconds
2017-04-25T14:35:30.977+0800: 1459.528: Total time for which application threads were stopped: 0.0001731 seconds, Stopping threads took: 0.0000754 seconds
2017-04-25T14:35:31.015+0800: 1459.565: Total time for which application threads were stopped: 0.0001602 seconds, Stopping threads took: 0.0000411 seconds
2017-04-25T14:35:31.015+0800: 1459.565: Total time for which application threads were stopped: 0.0000906 seconds, Stopping threads took: 0.0000245 seconds
2017-04-25T14:35:31.057+0800: 1459.607: Total time for which application threads were stopped: 0.0002004 seconds, Stopping threads took: 0.0000826 seconds
2017-04-25T14:35:31.059+0800: 1459.609: Total time for which application threads were stopped: 0.0001428 seconds, Stopping threads took: 0.0000379 seconds
2017-04-25T14:35:31.059+0800: 1459.610: Total time for which application threads were stopped: 0.0001325 seconds, Stopping threads took: 0.0000424 seconds
2017-04-25T14:35:31.060+0800: 1459.610: Total time for which application threads were stopped: 0.0001767 seconds, Stopping threads took: 0.0000500 seconds
2017-04-25T14:35:31.060+0800: 1459.611: Total time for which application threads were stopped: 0.0001107 seconds, Stopping threads took: 0.0000419 seconds
2017-04-25T14:35:31.061+0800: 1459.611: Total time for which application threads were stopped: 0.0002231 seconds, Stopping threads took: 0.0001325 seconds
2017-04-25T14:35:31.061+0800: 1459.611: Total time for which application threads were stopped: 0.0000812 seconds, Stopping threads took: 0.0000250 seconds
2017-04-25T14:35:31.062+0800: 1459.612: Total time for which application threads were stopped: 0.0000933 seconds, Stopping threads took: 0.0000321 seconds
2017-04-25T14:35:33.350+0800: 1461.901: Total time for which application threads were stopped: 0.0004444 seconds, Stopping threads took: 0.0000254 seconds
2017-04-25T14:35:33.394+0800: 1461.945: Total time for which application threads were stopped: 0.0000848 seconds, Stopping threads took: 0.0000241 seconds
2017-04-25T14:35:33.431+0800: 1461.981: Total time for which application threads were stopped: 0.0000870 seconds, Stopping threads took: 0.0000299 seconds
2017-04-25T14:35:33.452+0800: 1462.003: Total time for which application threads were stopped: 0.0003820 seconds, Stopping threads took: 0.0000228 seconds
2017-04-25T14:35:33.469+0800: 1462.020: Total time for which application threads were stopped: 0.0000901 seconds, Stopping threads took: 0.0000259 seconds
2017-04-25T14:35:33.482+0800: 1462.033: Total time for which application threads were stopped: 0.0000919 seconds, Stopping threads took: 0.0000335 seconds
2017-04-25T14:35:33.484+0800: 1462.035: Total time for which application threads were stopped: 0.0000643 seconds, Stopping threads took: 0.0000138 seconds
2017-04-25T14:35:33.492+0800: 1462.042: Total time for which application threads were stopped: 0.0000897 seconds, Stopping threads took: 0.0000214 seconds
2017-04-25T14:35:33.492+0800: 1462.042: Total time for which application threads were stopped: 0.0000540 seconds, Stopping threads took: 0.0000134 seconds
2017-04-25T14:35:33.659+0800: 1462.210: Total time for which application threads were stopped: 0.0002521 seconds, Stopping threads took: 0.0000585 seconds
2017-04-25T14:35:33.659+0800: 1462.210: Total time for which application threads were stopped: 0.0001432 seconds, Stopping threads took: 0.0000473 seconds
2017-04-25T14:35:33.659+0800: 1462.210: Total time for which application threads were stopped: 0.0001307 seconds, Stopping threads took: 0.0000353 seconds
2017-04-25T14:35:33.660+0800: 1462.211: Total time for which application threads were stopped: 0.0001763 seconds, Stopping threads took: 0.0000861 seconds
2017-04-25T14:35:33.660+0800: 1462.211: Total time for which application threads were stopped: 0.0002004 seconds, Stopping threads took: 0.0001151 seconds
2017-04-25T14:35:33.661+0800: 1462.212: Total time for which application threads were stopped: 0.0001169 seconds, Stopping threads took: 0.0000451 seconds
2017-04-25T14:35:33.671+0800: 1462.222: Total time for which application threads were stopped: 0.0001129 seconds, Stopping threads took: 0.0000330 seconds
2017-04-25T14:35:33.672+0800: 1462.223: Total time for which application threads were stopped: 0.0001227 seconds, Stopping threads took: 0.0000437 seconds
2017-04-25T14:35:33.674+0800: 1462.225: Total time for which application threads were stopped: 0.0001084 seconds, Stopping threads took: 0.0000254 seconds
2017-04-25T14:35:33.685+0800: 1462.236: Total time for which application threads were stopped: 0.0001714 seconds, Stopping threads took: 0.0000741 seconds
2017-04-25T14:35:33.687+0800: 1462.238: Total time for which application threads were stopped: 0.0001035 seconds, Stopping threads took: 0.0000237 seconds
2017-04-25T14:35:33.687+0800: 1462.238: Total time for which application threads were stopped: 0.0000781 seconds, Stopping threads took: 0.0000245 seconds
2017-04-25T14:35:33.694+0800: 1462.245: Total time for which application threads were stopped: 0.0001133 seconds, Stopping threads took: 0.0000388 seconds
2017-04-25T14:35:33.699+0800: 1462.250: Total time for which application threads were stopped: 0.0001263 seconds, Stopping threads took: 0.0000303 seconds
2017-04-25T14:35:33.893+0800: 1462.443: Total time for which application threads were stopped: 0.0001044 seconds, Stopping threads took: 0.0000219 seconds
2017-04-25T14:35:33.894+0800: 1462.444: Total time for which application threads were stopped: 0.0000714 seconds, Stopping threads took: 0.0000178 seconds
2017-04-25T14:35:33.894+0800: 1462.444: Total time for which application threads were stopped: 0.0000861 seconds, Stopping threads took: 0.0000402 seconds
2017-04-25T14:35:33.894+0800: 1462.444: Total time for which application threads were stopped: 0.0000513 seconds, Stopping threads took: 0.0000112 seconds
2017-04-25T14:35:33.894+0800: 1462.444: Total time for which application threads were stopped: 0.0000513 seconds, Stopping threads took: 0.0000170 seconds
2017-04-25T14:35:33.894+0800: 1462.444: Total time for which application threads were stopped: 0.0000665 seconds, Stopping threads took: 0.0000357 seconds
2017-04-25T14:35:33.895+0800: 1462.445: Total time for which application threads were stopped: 0.0000620 seconds, Stopping threads took: 0.0000321 seconds
2017-04-25T14:35:33.898+0800: 1462.448: Total time for which application threads were stopped: 0.0000634 seconds, Stopping threads took: 0.0000187 seconds
2017-04-25T14:35:33.906+0800: 1462.456: Total time for which application threads were stopped: 0.0000870 seconds, Stopping threads took: 0.0000219 seconds
2017-04-25T14:35:33.908+0800: 1462.458: Total time for which application threads were stopped: 0.0000656 seconds, Stopping threads took: 0.0000152 seconds
2017-04-25T14:35:33.908+0800: 1462.458: Total time for which application threads were stopped: 0.0000455 seconds, Stopping threads took: 0.0000112 seconds
2017-04-25T14:35:33.911+0800: 1462.461: Total time for which application threads were stopped: 0.0001089 seconds, Stopping threads took: 0.0000299 seconds
2017-04-25T14:35:33.913+0800: 1462.463: Total time for which application threads were stopped: 0.0001678 seconds, Stopping threads took: 0.0001040 seconds
2017-04-25T14:35:34.060+0800: 1462.611: Total time for which application threads were stopped: 0.0000870 seconds, Stopping threads took: 0.0000210 seconds
2017-04-25T14:35:34.065+0800: 1462.615: Total time for which application threads were stopped: 0.0002369 seconds, Stopping threads took: 0.0000531 seconds
2017-04-25T14:35:34.065+0800: 1462.615: Total time for which application threads were stopped: 0.0002151 seconds, Stopping threads took: 0.0000696 seconds
2017-04-25T14:35:34.066+0800: 1462.616: Total time for which application threads were stopped: 0.0001580 seconds, Stopping threads took: 0.0000366 seconds
2017-04-25T14:35:34.066+0800: 1462.616: Total time for which application threads were stopped: 0.0001535 seconds, Stopping threads took: 0.0000602 seconds
2017-04-25T14:35:34.066+0800: 1462.617: Total time for which application threads were stopped: 0.0001392 seconds, Stopping threads took: 0.0000580 seconds
2017-04-25T14:35:34.067+0800: 1462.617: Total time for which application threads were stopped: 0.0001410 seconds, Stopping threads took: 0.0000585 seconds
2017-04-25T14:35:34.075+0800: 1462.625: Total time for which application threads were stopped: 0.0002164 seconds, Stopping threads took: 0.0000817 seconds
2017-04-25T14:35:34.094+0800: 1462.644: Total time for which application threads were stopped: 0.0001165 seconds, Stopping threads took: 0.0000286 seconds
2017-04-25T14:35:34.095+0800: 1462.645: Total time for which application threads were stopped: 0.0000977 seconds, Stopping threads took: 0.0000245 seconds
2017-04-25T14:35:34.095+0800: 1462.646: Total time for which application threads were stopped: 0.0000714 seconds, Stopping threads took: 0.0000165 seconds
2017-04-25T14:35:34.099+0800: 1462.649: Total time for which application threads were stopped: 0.0000723 seconds, Stopping threads took: 0.0000187 seconds
2017-04-25T14:35:34.100+0800: 1462.650: Total time for which application threads were stopped: 0.0000656 seconds, Stopping threads took: 0.0000183 seconds
2017-04-25T14:35:34.261+0800: 1462.812: Total time for which application threads were stopped: 0.0001758 seconds, Stopping threads took: 0.0000437 seconds
2017-04-25T14:35:34.265+0800: 1462.815: Total time for which application threads were stopped: 0.0001508 seconds, Stopping threads took: 0.0000375 seconds
2017-04-25T14:35:34.265+0800: 1462.815: Total time for which application threads were stopped: 0.0001834 seconds, Stopping threads took: 0.0000875 seconds
2017-04-25T14:35:34.265+0800: 1462.815: Total time for which application threads were stopped: 0.0001040 seconds, Stopping threads took: 0.0000259 seconds
2017-04-25T14:35:34.265+0800: 1462.816: Total time for which application threads were stopped: 0.0001780 seconds, Stopping threads took: 0.0000888 seconds
2017-04-25T14:35:34.266+0800: 1462.816: Total time for which application threads were stopped: 0.0001406 seconds, Stopping threads took: 0.0000665 seconds
2017-04-25T14:35:34.266+0800: 1462.817: Total time for which application threads were stopped: 0.0001749 seconds, Stopping threads took: 0.0000919 seconds
2017-04-25T14:35:34.274+0800: 1462.824: Total time for which application threads were stopped: 0.0001508 seconds, Stopping threads took: 0.0000504 seconds
2017-04-25T14:35:34.293+0800: 1462.843: Total time for which application threads were stopped: 0.0001709 seconds, Stopping threads took: 0.0000473 seconds
2017-04-25T14:35:34.295+0800: 1462.846: Total time for which application threads were stopped: 0.0002245 seconds, Stopping threads took: 0.0000424 seconds
2017-04-25T14:35:34.296+0800: 1462.846: Total time for which application threads were stopped: 0.0001937 seconds, Stopping threads took: 0.0000879 seconds
2017-04-25T14:35:34.303+0800: 1462.853: Total time for which application threads were stopped: 0.0001031 seconds, Stopping threads took: 0.0000370 seconds
2017-04-25T14:35:34.305+0800: 1462.855: Total time for which application threads were stopped: 0.0000964 seconds, Stopping threads took: 0.0000268 seconds
2017-04-25T14:35:34.451+0800: 1463.002: Total time for which application threads were stopped: 0.0002111 seconds, Stopping threads took: 0.0000549 seconds
2017-04-25T14:35:34.456+0800: 1463.007: Total time for which application threads were stopped: 0.0002075 seconds, Stopping threads took: 0.0000531 seconds
2017-04-25T14:35:34.456+0800: 1463.007: Total time for which application threads were stopped: 0.0001473 seconds, Stopping threads took: 0.0000357 seconds
2017-04-25T14:35:34.457+0800: 1463.007: Total time for which application threads were stopped: 0.0001383 seconds, Stopping threads took: 0.0000290 seconds
2017-04-25T14:35:34.457+0800: 1463.008: Total time for which application threads were stopped: 0.0001290 seconds, Stopping threads took: 0.0000339 seconds
2017-04-25T14:35:34.457+0800: 1463.008: Total time for which application threads were stopped: 0.0001200 seconds, Stopping threads took: 0.0000312 seconds
2017-04-25T14:35:34.458+0800: 1463.009: Total time for which application threads were stopped: 0.0001678 seconds, Stopping threads took: 0.0000567 seconds
2017-04-25T14:35:34.467+0800: 1463.018: Total time for which application threads were stopped: 0.0001553 seconds, Stopping threads took: 0.0000491 seconds
2017-04-25T14:35:34.485+0800: 1463.036: Total time for which application threads were stopped: 0.0000901 seconds, Stopping threads took: 0.0000263 seconds
2017-04-25T14:35:34.486+0800: 1463.037: Total time for which application threads were stopped: 0.0000705 seconds, Stopping threads took: 0.0000232 seconds
2017-04-25T14:35:34.487+0800: 1463.037: Total time for which application threads were stopped: 0.0000625 seconds, Stopping threads took: 0.0000165 seconds
2017-04-25T14:35:34.490+0800: 1463.040: Total time for which application threads were stopped: 0.0000817 seconds, Stopping threads took: 0.0000237 seconds
2017-04-25T14:35:34.491+0800: 1463.041: Total time for which application threads were stopped: 0.0000620 seconds, Stopping threads took: 0.0000170 seconds
2017-04-25T14:35:34.627+0800: 1463.178: Total time for which application threads were stopped: 0.0001758 seconds, Stopping threads took: 0.0000428 seconds
2017-04-25T14:35:34.630+0800: 1463.181: Total time for which application threads were stopped: 0.0001821 seconds, Stopping threads took: 0.0000714 seconds
2017-04-25T14:35:34.631+0800: 1463.182: Total time for which application threads were stopped: 0.0002093 seconds, Stopping threads took: 0.0001093 seconds
2017-04-25T14:35:34.631+0800: 1463.182: Total time for which application threads were stopped: 0.0001160 seconds, Stopping threads took: 0.0000384 seconds
2017-04-25T14:35:34.631+0800: 1463.182: Total time for which application threads were stopped: 0.0001455 seconds, Stopping threads took: 0.0000602 seconds
2017-04-25T14:35:34.632+0800: 1463.182: Total time for which application threads were stopped: 0.0001638 seconds, Stopping threads took: 0.0000768 seconds
2017-04-25T14:35:34.632+0800: 1463.183: Total time for which application threads were stopped: 0.0001602 seconds, Stopping threads took: 0.0000901 seconds
2017-04-25T14:35:34.641+0800: 1463.191: Total time for which application threads were stopped: 0.0001575 seconds, Stopping threads took: 0.0000446 seconds
2017-04-25T14:35:34.658+0800: 1463.209: Total time for which application threads were stopped: 0.0001892 seconds, Stopping threads took: 0.0000477 seconds
2017-04-25T14:35:34.661+0800: 1463.211: Total time for which application threads were stopped: 0.0000946 seconds, Stopping threads took: 0.0000290 seconds
2017-04-25T14:35:34.661+0800: 1463.212: Total time for which application threads were stopped: 0.0000964 seconds, Stopping threads took: 0.0000384 seconds
2017-04-25T14:35:34.666+0800: 1463.217: Total time for which application threads were stopped: 0.0000848 seconds, Stopping threads took: 0.0000205 seconds
2017-04-25T14:35:34.667+0800: 1463.218: Total time for which application threads were stopped: 0.0000669 seconds, Stopping threads took: 0.0000165 seconds
2017-04-25T14:35:34.820+0800: 1463.370: Total time for which application threads were stopped: 0.0001807 seconds, Stopping threads took: 0.0000428 seconds
2017-04-25T14:35:34.824+0800: 1463.374: Total time for which application threads were stopped: 0.0001910 seconds, Stopping threads took: 0.0000491 seconds
2017-04-25T14:35:34.824+0800: 1463.374: Total time for which application threads were stopped: 0.0001669 seconds, Stopping threads took: 0.0000692 seconds
2017-04-25T14:35:34.825+0800: 1463.375: Total time for which application threads were stopped: 0.0001745 seconds, Stopping threads took: 0.0000567 seconds
2017-04-25T14:35:34.825+0800: 1463.375: Total time for which application threads were stopped: 0.0001562 seconds, Stopping threads took: 0.0000535 seconds
2017-04-25T14:35:34.825+0800: 1463.375: Total time for which application threads were stopped: 0.0001441 seconds, Stopping threads took: 0.0000477 seconds
2017-04-25T14:35:34.826+0800: 1463.376: Total time for which application threads were stopped: 0.0001615 seconds, Stopping threads took: 0.0000544 seconds
2017-04-25T14:35:34.835+0800: 1463.384: Total time for which application threads were stopped: 0.0001615 seconds, Stopping threads took: 0.0000464 seconds
2017-04-25T14:35:34.848+0800: 1463.398: Total time for which application threads were stopped: 0.0001374 seconds, Stopping threads took: 0.0000361 seconds
2017-04-25T14:35:34.850+0800: 1463.400: Total time for which application threads were stopped: 0.0002173 seconds, Stopping threads took: 0.0000223 seconds
2017-04-25T14:35:34.855+0800: 1463.405: Total time for which application threads were stopped: 0.0001807 seconds, Stopping threads took: 0.0000986 seconds
2017-04-25T14:35:35.025+0800: 1463.575: Total time for which application threads were stopped: 0.0002392 seconds, Stopping threads took: 0.0000495 seconds
2017-04-25T14:35:35.028+0800: 1463.578: Total time for which application threads were stopped: 0.0001812 seconds, Stopping threads took: 0.0000745 seconds
2017-04-25T14:35:35.028+0800: 1463.578: Total time for which application threads were stopped: 0.0001294 seconds, Stopping threads took: 0.0000406 seconds
2017-04-25T14:35:35.029+0800: 1463.579: Total time for which application threads were stopped: 0.0001437 seconds, Stopping threads took: 0.0000477 seconds
2017-04-25T14:35:35.029+0800: 1463.579: Total time for which application threads were stopped: 0.0001905 seconds, Stopping threads took: 0.0001017 seconds
2017-04-25T14:35:35.029+0800: 1463.579: Total time for which application threads were stopped: 0.0001481 seconds, Stopping threads took: 0.0000768 seconds
2017-04-25T14:35:35.030+0800: 1463.580: Total time for which application threads were stopped: 0.0001896 seconds, Stopping threads took: 0.0001111 seconds
2017-04-25T14:35:35.037+0800: 1463.588: Total time for which application threads were stopped: 0.0001392 seconds, Stopping threads took: 0.0000415 seconds
2017-04-25T14:35:35.053+0800: 1463.603: Total time for which application threads were stopped: 0.0000968 seconds, Stopping threads took: 0.0000250 seconds
2017-04-25T14:35:35.055+0800: 1463.605: Total time for which application threads were stopped: 0.0001084 seconds, Stopping threads took: 0.0000455 seconds
2017-04-25T14:35:35.055+0800: 1463.605: Total time for which application threads were stopped: 0.0000638 seconds, Stopping threads took: 0.0000219 seconds
2017-04-25T14:35:35.058+0800: 1463.608: Total time for which application threads were stopped: 0.0000710 seconds, Stopping threads took: 0.0000178 seconds
2017-04-25T14:35:35.059+0800: 1463.610: Total time for which application threads were stopped: 0.0001241 seconds, Stopping threads took: 0.0000165 seconds
2017-04-25T14:35:35.060+0800: 1463.610: Total time for which application threads were stopped: 0.0000812 seconds, Stopping threads took: 0.0000254 seconds
2017-04-25T14:35:35.306+0800: 1463.856: Total time for which application threads were stopped: 0.0002124 seconds, Stopping threads took: 0.0001022 seconds
2017-04-25T14:35:35.309+0800: 1463.859: Total time for which application threads were stopped: 0.0002427 seconds, Stopping threads took: 0.0000544 seconds
2017-04-25T14:35:35.309+0800: 1463.859: Total time for which application threads were stopped: 0.0001008 seconds, Stopping threads took: 0.0000513 seconds
2017-04-25T14:35:35.309+0800: 1463.859: Total time for which application threads were stopped: 0.0001950 seconds, Stopping threads took: 0.0000460 seconds
2017-04-25T14:35:35.309+0800: 1463.860: Total time for which application threads were stopped: 0.0000866 seconds, Stopping threads took: 0.0000446 seconds
2017-04-25T14:35:35.315+0800: 1463.865: Total time for which application threads were stopped: 0.0001705 seconds, Stopping threads took: 0.0000589 seconds
2017-04-25T14:35:35.327+0800: 1463.877: Total time for which application threads were stopped: 0.0001285 seconds, Stopping threads took: 0.0000326 seconds
2017-04-25T14:35:35.328+0800: 1463.879: Total time for which application threads were stopped: 0.0001517 seconds, Stopping threads took: 0.0000790 seconds
2017-04-25T14:35:35.328+0800: 1463.879: Total time for which application threads were stopped: 0.0000768 seconds, Stopping threads took: 0.0000219 seconds
2017-04-25T14:35:35.333+0800: 1463.883: Total time for which application threads were stopped: 0.0001080 seconds, Stopping threads took: 0.0000272 seconds
2017-04-25T14:35:35.335+0800: 1463.885: Total time for which application threads were stopped: 0.0001357 seconds, Stopping threads took: 0.0000219 seconds
2017-04-25T14:35:35.341+0800: 1463.892: Total time for which application threads were stopped: 0.0001954 seconds, Stopping threads took: 0.0000553 seconds
2017-04-25T14:35:35.364+0800: 1463.914: Total time for which application threads were stopped: 0.0001517 seconds, Stopping threads took: 0.0000370 seconds
2017-04-25T14:35:35.378+0800: 1463.928: Total time for which application threads were stopped: 0.0004993 seconds, Stopping threads took: 0.0000263 seconds
2017-04-25T14:35:35.380+0800: 1463.931: Total time for which application threads were stopped: 0.0001620 seconds, Stopping threads took: 0.0000593 seconds
2017-04-25T14:35:35.465+0800: 1464.015: Total time for which application threads were stopped: 0.0002637 seconds, Stopping threads took: 0.0000509 seconds
2017-04-25T14:35:35.465+0800: 1464.015: Total time for which application threads were stopped: 0.0001241 seconds, Stopping threads took: 0.0000268 seconds
2017-04-25T14:35:35.465+0800: 1464.016: Total time for which application threads were stopped: 0.0001120 seconds, Stopping threads took: 0.0000250 seconds
2017-04-25T14:35:35.500+0800: 1464.050: Total time for which application threads were stopped: 0.0001531 seconds, Stopping threads took: 0.0000299 seconds
2017-04-25T14:35:35.615+0800: 1464.165: Total time for which application threads were stopped: 0.0000870 seconds, Stopping threads took: 0.0000219 seconds
2017-04-25T14:35:35.615+0800: 1464.166: Total time for which application threads were stopped: 0.0000531 seconds, Stopping threads took: 0.0000125 seconds
2017-04-25T14:35:35.615+0800: 1464.166: Total time for which application threads were stopped: 0.0000406 seconds, Stopping threads took: 0.0000098 seconds
2017-04-25T14:35:35.615+0800: 1464.166: Total time for which application threads were stopped: 0.0000375 seconds, Stopping threads took: 0.0000089 seconds
2017-04-25T14:35:35.616+0800: 1464.166: Total time for which application threads were stopped: 0.0000402 seconds, Stopping threads took: 0.0000089 seconds
2017-04-25T14:35:35.616+0800: 1464.166: Total time for which application threads were stopped: 0.0000442 seconds, Stopping threads took: 0.0000098 seconds
2017-04-25T14:35:35.616+0800: 1464.166: Total time for which application threads were stopped: 0.0000388 seconds, Stopping threads took: 0.0000094 seconds
2017-04-25T14:35:35.616+0800: 1464.167: Total time for which application threads were stopped: 0.0000384 seconds, Stopping threads took: 0.0000098 seconds
2017-04-25T14:35:35.616+0800: 1464.167: Total time for which application threads were stopped: 0.0001562 seconds, Stopping threads took: 0.0000214 seconds
2017-04-25T14:35:35.618+0800: 1464.168: Total time for which application threads were stopped: 0.0000611 seconds, Stopping threads took: 0.0000210 seconds
2017-04-25T14:35:35.618+0800: 1464.168: Total time for which application threads were stopped: 0.0000531 seconds, Stopping threads took: 0.0000223 seconds
2017-04-25T14:35:35.619+0800: 1464.169: Total time for which application threads were stopped: 0.0000745 seconds, Stopping threads took: 0.0000201 seconds
2017-04-25T14:35:35.621+0800: 1464.171: Total time for which application threads were stopped: 0.0001316 seconds, Stopping threads took: 0.0000286 seconds
2017-04-25T14:35:35.621+0800: 1464.172: Total time for which application threads were stopped: 0.0001013 seconds, Stopping threads took: 0.0000638 seconds
2017-04-25T14:35:35.621+0800: 1464.172: Total time for which application threads were stopped: 0.0001776 seconds, Stopping threads took: 0.0000718 seconds
2017-04-25T14:35:35.622+0800: 1464.172: Total time for which application threads were stopped: 0.0000915 seconds, Stopping threads took: 0.0000571 seconds
2017-04-25T14:35:35.622+0800: 1464.173: Total time for which application threads were stopped: 0.0000741 seconds, Stopping threads took: 0.0000433 seconds
2017-04-25T14:35:35.622+0800: 1464.173: Total time for which application threads were stopped: 0.0000723 seconds, Stopping threads took: 0.0000228 seconds
2017-04-25T14:35:35.623+0800: 1464.173: Total time for which application threads were stopped: 0.0000567 seconds, Stopping threads took: 0.0000250 seconds
2017-04-25T14:35:35.623+0800: 1464.173: Total time for which application threads were stopped: 0.0000669 seconds, Stopping threads took: 0.0000370 seconds
2017-04-25T14:35:35.623+0800: 1464.174: Total time for which application threads were stopped: 0.0000513 seconds, Stopping threads took: 0.0000112 seconds
2017-04-25T14:35:35.623+0800: 1464.174: Total time for which application threads were stopped: 0.0000714 seconds, Stopping threads took: 0.0000419 seconds
2017-04-25T14:35:35.624+0800: 1464.174: Total time for which application threads were stopped: 0.0000696 seconds, Stopping threads took: 0.0000402 seconds
2017-04-25T14:35:35.627+0800: 1464.178: Total time for which application threads were stopped: 0.0000589 seconds, Stopping threads took: 0.0000161 seconds
{Heap before GC invocations=8 (full 1):
 par new generation   total 109248K, used 109248K [0x00000000e0000000, 0x00000000e8000000, 0x00000000e8000000)
  eden space 87424K, 100% used [0x00000000e0000000, 0x00000000e5560000, 0x00000000e5560000)
  from space 21824K, 100% used [0x00000000e5560000, 0x00000000e6ab0000, 0x00000000e6ab0000)
  to   space 21824K,   0% used [0x00000000e6ab0000, 0x00000000e6ab0000, 0x00000000e8000000)
 concurrent mark-sweep generation total 393216K, used 0K [0x00000000e8000000, 0x0000000100000000, 0x0000000100000000)
 Metaspace       used 33922K, capacity 34514K, committed 34840K, reserved 1079296K
  class space    used 4061K, capacity 4283K, committed 4376K, reserved 1048576K
2017-04-25T14:35:35.637+0800: 1464.188: [GC (Allocation Failure) 2017-04-25T14:35:35.637+0800: 1464.188: [ParNew
Desired survivor size 20112992 bytes, new threshold 8 (max 8)
- age   1:   11555152 bytes,   11555152 total
- age   2:    5387008 bytes,   16942160 total
- age   3:    1883184 bytes,   18825344 total
- age   4:     109368 bytes,   18934712 total
- age   5:     315264 bytes,   19249976 total
- age   6:        400 bytes,   19250376 total
- age   7:     279088 bytes,   19529464 total
- age   8:    1180680 bytes,   20710144 total
: 109248K->21824K(109248K), 0.0558381 secs] 109248K->29510K(502464K), 0.0559416 secs] [Times: user=0.17 sys=0.02, real=0.06 secs] 
Heap after GC invocations=9 (full 1):
 par new generation   total 109248K, used 21824K [0x00000000e0000000, 0x00000000e8000000, 0x00000000e8000000)
  eden space 87424K,   0% used [0x00000000e0000000, 0x00000000e0000000, 0x00000000e5560000)
  from space 21824K, 100% used [0x00000000e6ab0000, 0x00000000e8000000, 0x00000000e8000000)
  to   space 21824K,   0% used [0x00000000e5560000, 0x00000000e5560000, 0x00000000e6ab0000)
 concurrent mark-sweep generation total 393216K, used 7686K [0x00000000e8000000, 0x0000000100000000, 0x0000000100000000)
 Metaspace       used 33922K, capacity 34514K, committed 34840K, reserved 1079296K
  class space    used 4061K, capacity 4283K, committed 4376K, reserved 1048576K
}
2017-04-25T14:35:35.693+0800: 1464.244: Total time for which application threads were stopped: 0.0561536 seconds, Stopping threads took: 0.0000223 seconds
2017-04-25T14:35:35.696+0800: 1464.246: Total time for which application threads were stopped: 0.0000915 seconds, Stopping threads took: 0.0000299 seconds
2017-04-25T14:35:35.954+0800: 1464.505: Total time for which application threads were stopped: 0.0001535 seconds, Stopping threads took: 0.0000593 seconds
2017-04-25T14:35:35.954+0800: 1464.505: Total time for which application threads were stopped: 0.0000888 seconds, Stopping threads took: 0.0000272 seconds
2017-04-25T14:35:35.955+0800: 1464.505: Total time for which application threads were stopped: 0.0001258 seconds, Stopping threads took: 0.0000589 seconds
2017-04-25T14:35:35.955+0800: 1464.506: Total time for which application threads were stopped: 0.0000741 seconds, Stopping threads took: 0.0000187 seconds
2017-04-25T14:35:35.961+0800: 1464.512: Total time for which application threads were stopped: 0.0001107 seconds, Stopping threads took: 0.0000348 seconds
2017-04-25T14:35:35.976+0800: 1464.526: Total time for which application threads were stopped: 0.0002941 seconds, Stopping threads took: 0.0000580 seconds
2017-04-25T14:35:36.141+0800: 1464.691: Total time for which application threads were stopped: 0.0002137 seconds, Stopping threads took: 0.0000794 seconds
2017-04-25T14:35:36.142+0800: 1464.692: Total time for which application threads were stopped: 0.0001401 seconds, Stopping threads took: 0.0000428 seconds
2017-04-25T14:35:36.142+0800: 1464.692: Total time for which application threads were stopped: 0.0001437 seconds, Stopping threads took: 0.0000585 seconds
2017-04-25T14:35:36.142+0800: 1464.692: Total time for which application threads were stopped: 0.0001812 seconds, Stopping threads took: 0.0000486 seconds
2017-04-25T14:35:36.152+0800: 1464.702: Total time for which application threads were stopped: 0.0002240 seconds, Stopping threads took: 0.0000821 seconds
2017-04-25T14:35:36.180+0800: 1464.730: Total time for which application threads were stopped: 0.0001080 seconds, Stopping threads took: 0.0000250 seconds
2017-04-25T14:35:36.181+0800: 1464.731: Total time for which application threads were stopped: 0.0000768 seconds, Stopping threads took: 0.0000187 seconds
2017-04-25T14:35:36.339+0800: 1464.889: Total time for which application threads were stopped: 0.0001040 seconds, Stopping threads took: 0.0000223 seconds
2017-04-25T14:35:36.339+0800: 1464.889: Total time for which application threads were stopped: 0.0000750 seconds, Stopping threads took: 0.0000286 seconds
2017-04-25T14:35:36.339+0800: 1464.889: Total time for which application threads were stopped: 0.0000888 seconds, Stopping threads took: 0.0000361 seconds
2017-04-25T14:35:36.339+0800: 1464.890: Total time for which application threads were stopped: 0.0001187 seconds, Stopping threads took: 0.0000696 seconds
2017-04-25T14:35:36.345+0800: 1464.895: Total time for which application threads were stopped: 0.0001379 seconds, Stopping threads took: 0.0000763 seconds
2017-04-25T14:35:36.355+0800: 1464.905: Total time for which application threads were stopped: 0.0000995 seconds, Stopping threads took: 0.0000245 seconds
2017-04-25T14:35:36.554+0800: 1465.105: Total time for which application threads were stopped: 0.0001053 seconds, Stopping threads took: 0.0000277 seconds
2017-04-25T14:35:36.555+0800: 1465.105: Total time for which application threads were stopped: 0.0001321 seconds, Stopping threads took: 0.0000714 seconds
2017-04-25T14:35:36.555+0800: 1465.105: Total time for which application threads were stopped: 0.0000741 seconds, Stopping threads took: 0.0000205 seconds
2017-04-25T14:35:36.555+0800: 1465.106: Total time for which application threads were stopped: 0.0001049 seconds, Stopping threads took: 0.0000486 seconds
2017-04-25T14:35:36.559+0800: 1465.110: Total time for which application threads were stopped: 0.0000928 seconds, Stopping threads took: 0.0000281 seconds
2017-04-25T14:35:36.576+0800: 1465.127: Total time for which application threads were stopped: 0.0001745 seconds, Stopping threads took: 0.0000736 seconds
2017-04-25T14:35:36.770+0800: 1465.321: Total time for which application threads were stopped: 0.0001138 seconds, Stopping threads took: 0.0000446 seconds
2017-04-25T14:35:36.771+0800: 1465.321: Total time for which application threads were stopped: 0.0001133 seconds, Stopping threads took: 0.0000527 seconds
2017-04-25T14:35:36.771+0800: 1465.321: Total time for which application threads were stopped: 0.0000460 seconds, Stopping threads took: 0.0000174 seconds
2017-04-25T14:35:36.771+0800: 1465.321: Total time for which application threads were stopped: 0.0000402 seconds, Stopping threads took: 0.0000107 seconds
2017-04-25T14:35:36.774+0800: 1465.324: Total time for which application threads were stopped: 0.0001187 seconds, Stopping threads took: 0.0000433 seconds
2017-04-25T14:35:36.786+0800: 1465.337: Total time for which application threads were stopped: 0.0001254 seconds, Stopping threads took: 0.0000388 seconds
2017-04-25T14:35:36.971+0800: 1465.522: Total time for which application threads were stopped: 0.0001557 seconds, Stopping threads took: 0.0000486 seconds
2017-04-25T14:35:36.974+0800: 1465.525: Total time for which application threads were stopped: 0.0001423 seconds, Stopping threads took: 0.0000491 seconds
2017-04-25T14:35:36.977+0800: 1465.528: Total time for which application threads were stopped: 0.0001321 seconds, Stopping threads took: 0.0000393 seconds
2017-04-25T14:35:36.977+0800: 1465.528: Total time for which application threads were stopped: 0.0001089 seconds, Stopping threads took: 0.0000317 seconds
2017-04-25T14:35:36.983+0800: 1465.534: Total time for which application threads were stopped: 0.0001365 seconds, Stopping threads took: 0.0000477 seconds
2017-04-25T14:35:37.004+0800: 1465.555: Total time for which application threads were stopped: 0.0001361 seconds, Stopping threads took: 0.0000259 seconds
2017-04-25T14:35:37.249+0800: 1465.799: Total time for which application threads were stopped: 0.0000968 seconds, Stopping threads took: 0.0000250 seconds
2017-04-25T14:35:37.249+0800: 1465.799: Total time for which application threads were stopped: 0.0000852 seconds, Stopping threads took: 0.0000460 seconds
2017-04-25T14:35:37.249+0800: 1465.799: Total time for which application threads were stopped: 0.0000518 seconds, Stopping threads took: 0.0000165 seconds
2017-04-25T14:35:37.249+0800: 1465.800: Total time for which application threads were stopped: 0.0000643 seconds, Stopping threads took: 0.0000232 seconds
2017-04-25T14:35:37.253+0800: 1465.803: Total time for which application threads were stopped: 0.0000651 seconds, Stopping threads took: 0.0000201 seconds
2017-04-25T14:35:37.262+0800: 1465.812: Total time for which application threads were stopped: 0.0001183 seconds, Stopping threads took: 0.0000232 seconds
2017-04-25T14:35:37.436+0800: 1465.986: Total time for which application threads were stopped: 0.0002030 seconds, Stopping threads took: 0.0000723 seconds
2017-04-25T14:35:37.436+0800: 1465.986: Total time for which application threads were stopped: 0.0001954 seconds, Stopping threads took: 0.0000817 seconds
2017-04-25T14:35:37.436+0800: 1465.986: Total time for which application threads were stopped: 0.0001593 seconds, Stopping threads took: 0.0000598 seconds
2017-04-25T14:35:37.437+0800: 1465.987: Total time for which application threads were stopped: 0.0003436 seconds, Stopping threads took: 0.0000647 seconds
2017-04-25T14:35:37.444+0800: 1465.994: Total time for which application threads were stopped: 0.0001633 seconds, Stopping threads took: 0.0000656 seconds
2017-04-25T14:35:37.459+0800: 1466.009: Total time for which application threads were stopped: 0.0000906 seconds, Stopping threads took: 0.0000241 seconds
2017-04-25T14:35:37.462+0800: 1466.012: Total time for which application threads were stopped: 0.0000683 seconds, Stopping threads took: 0.0000174 seconds
2017-04-25T14:35:37.462+0800: 1466.012: Total time for which application threads were stopped: 0.0001294 seconds, Stopping threads took: 0.0000518 seconds
2017-04-25T14:35:37.505+0800: 1466.055: Total time for which application threads were stopped: 0.0001825 seconds, Stopping threads took: 0.0000272 seconds
2017-04-25T14:35:37.506+0800: 1466.056: Total time for which application threads were stopped: 0.0001611 seconds, Stopping threads took: 0.0000223 seconds
2017-04-25T14:35:37.534+0800: 1466.084: Total time for which application threads were stopped: 0.0002195 seconds, Stopping threads took: 0.0000741 seconds
2017-04-25T14:35:37.651+0800: 1466.201: Total time for which application threads were stopped: 0.0000848 seconds, Stopping threads took: 0.0000228 seconds
2017-04-25T14:35:37.651+0800: 1466.201: Total time for which application threads were stopped: 0.0001615 seconds, Stopping threads took: 0.0000299 seconds
2017-04-25T14:35:37.651+0800: 1466.201: Total time for which application threads were stopped: 0.0000558 seconds, Stopping threads took: 0.0000161 seconds
2017-04-25T14:35:37.651+0800: 1466.202: Total time for which application threads were stopped: 0.0001606 seconds, Stopping threads took: 0.0000986 seconds
2017-04-25T14:35:37.651+0800: 1466.202: Total time for which application threads were stopped: 0.0000486 seconds, Stopping threads took: 0.0000125 seconds
2017-04-25T14:35:37.652+0800: 1466.202: Total time for which application threads were stopped: 0.0001490 seconds, Stopping threads took: 0.0000187 seconds
2017-04-25T14:35:37.656+0800: 1466.206: Total time for which application threads were stopped: 0.0001531 seconds, Stopping threads took: 0.0000201 seconds
2017-04-25T14:35:37.665+0800: 1466.215: Total time for which application threads were stopped: 0.0000897 seconds, Stopping threads took: 0.0000237 seconds
2017-04-25T14:35:38.425+0800: 1466.975: Total time for which application threads were stopped: 0.0001664 seconds, Stopping threads took: 0.0000535 seconds
2017-04-25T14:35:38.426+0800: 1466.976: Total time for which application threads were stopped: 0.0001227 seconds, Stopping threads took: 0.0000384 seconds
2017-04-25T14:35:38.426+0800: 1466.976: Total time for which application threads were stopped: 0.0001254 seconds, Stopping threads took: 0.0000348 seconds
2017-04-25T14:35:38.444+0800: 1466.994: Total time for which application threads were stopped: 0.0001084 seconds, Stopping threads took: 0.0000263 seconds
2017-04-25T14:35:38.714+0800: 1467.265: Total time for which application threads were stopped: 0.0001093 seconds, Stopping threads took: 0.0000295 seconds
2017-04-25T14:35:38.714+0800: 1467.265: Total time for which application threads were stopped: 0.0000808 seconds, Stopping threads took: 0.0000388 seconds
2017-04-25T14:35:38.714+0800: 1467.265: Total time for which application threads were stopped: 0.0000402 seconds, Stopping threads took: 0.0000089 seconds
2017-04-25T14:35:38.725+0800: 1467.276: Total time for which application threads were stopped: 0.0001419 seconds, Stopping threads took: 0.0000683 seconds
2017-04-25T14:35:38.901+0800: 1467.452: Total time for which application threads were stopped: 0.0002851 seconds, Stopping threads took: 0.0001352 seconds
2017-04-25T14:35:38.902+0800: 1467.452: Total time for which application threads were stopped: 0.0001464 seconds, Stopping threads took: 0.0000500 seconds
2017-04-25T14:35:38.902+0800: 1467.453: Total time for which application threads were stopped: 0.0001133 seconds, Stopping threads took: 0.0000357 seconds
2017-04-25T14:35:38.927+0800: 1467.478: Total time for which application threads were stopped: 0.0000968 seconds, Stopping threads took: 0.0000272 seconds
2017-04-25T14:35:39.101+0800: 1467.651: Total time for which application threads were stopped: 0.0002236 seconds, Stopping threads took: 0.0000741 seconds
2017-04-25T14:35:39.101+0800: 1467.652: Total time for which application threads were stopped: 0.0001441 seconds, Stopping threads took: 0.0000513 seconds
2017-04-25T14:35:39.101+0800: 1467.652: Total time for which application threads were stopped: 0.0001508 seconds, Stopping threads took: 0.0000593 seconds
2017-04-25T14:35:39.142+0800: 1467.691: Total time for which application threads were stopped: 0.0001151 seconds, Stopping threads took: 0.0000241 seconds
2017-04-25T14:35:39.417+0800: 1467.967: Total time for which application threads were stopped: 0.0001107 seconds, Stopping threads took: 0.0000281 seconds
2017-04-25T14:35:39.417+0800: 1467.967: Total time for which application threads were stopped: 0.0000875 seconds, Stopping threads took: 0.0000326 seconds
2017-04-25T14:35:39.417+0800: 1467.967: Total time for which application threads were stopped: 0.0000750 seconds, Stopping threads took: 0.0000312 seconds
2017-04-25T14:35:39.431+0800: 1467.981: Total time for which application threads were stopped: 0.0000950 seconds, Stopping threads took: 0.0000245 seconds
2017-04-25T14:35:39.720+0800: 1468.270: Total time for which application threads were stopped: 0.0001428 seconds, Stopping threads took: 0.0000388 seconds
2017-04-25T14:35:39.720+0800: 1468.270: Total time for which application threads were stopped: 0.0000857 seconds, Stopping threads took: 0.0000272 seconds
2017-04-25T14:35:39.721+0800: 1468.271: Total time for which application threads were stopped: 0.0000879 seconds, Stopping threads took: 0.0000317 seconds
2017-04-25T14:35:39.736+0800: 1468.286: Total time for which application threads were stopped: 0.0000995 seconds, Stopping threads took: 0.0000299 seconds
2017-04-25T14:35:39.942+0800: 1468.492: Total time for which application threads were stopped: 0.0001374 seconds, Stopping threads took: 0.0000357 seconds
2017-04-25T14:35:39.942+0800: 1468.492: Total time for which application threads were stopped: 0.0000799 seconds, Stopping threads took: 0.0000277 seconds
2017-04-25T14:35:39.942+0800: 1468.492: Total time for which application threads were stopped: 0.0000665 seconds, Stopping threads took: 0.0000134 seconds
2017-04-25T14:35:39.957+0800: 1468.508: Total time for which application threads were stopped: 0.0000906 seconds, Stopping threads took: 0.0000250 seconds
2017-04-25T14:35:40.128+0800: 1468.678: Total time for which application threads were stopped: 0.0001294 seconds, Stopping threads took: 0.0000540 seconds
2017-04-25T14:35:40.128+0800: 1468.678: Total time for which application threads were stopped: 0.0000687 seconds, Stopping threads took: 0.0000210 seconds
2017-04-25T14:35:40.128+0800: 1468.678: Total time for which application threads were stopped: 0.0000544 seconds, Stopping threads took: 0.0000143 seconds
2017-04-25T14:35:40.139+0800: 1468.689: Total time for which application threads were stopped: 0.0000933 seconds, Stopping threads took: 0.0000241 seconds
2017-04-25T14:35:40.142+0800: 1468.692: Total time for which application threads were stopped: 0.0000964 seconds, Stopping threads took: 0.0000254 seconds
2017-04-25T14:35:40.177+0800: 1468.727: Total time for which application threads were stopped: 0.0001285 seconds, Stopping threads took: 0.0000286 seconds
2017-04-25T14:35:40.198+0800: 1468.748: Total time for which application threads were stopped: 0.0001464 seconds, Stopping threads took: 0.0000281 seconds
2017-04-25T14:35:40.328+0800: 1468.879: Total time for which application threads were stopped: 0.0002253 seconds, Stopping threads took: 0.0000353 seconds
2017-04-25T14:35:40.328+0800: 1468.879: Total time for which application threads were stopped: 0.0000616 seconds, Stopping threads took: 0.0000178 seconds
2017-04-25T14:35:40.329+0800: 1468.879: Total time for which application threads were stopped: 0.0002298 seconds, Stopping threads took: 0.0000250 seconds
2017-04-25T14:35:40.331+0800: 1468.882: Total time for which application threads were stopped: 0.0001026 seconds, Stopping threads took: 0.0000303 seconds
2017-04-25T14:35:40.332+0800: 1468.882: Total time for which application threads were stopped: 0.0001062 seconds, Stopping threads took: 0.0000509 seconds
2017-04-25T14:35:40.332+0800: 1468.882: Total time for which application threads were stopped: 0.0000897 seconds, Stopping threads took: 0.0000303 seconds
2017-04-25T14:35:40.332+0800: 1468.882: Total time for which application threads were stopped: 0.0001232 seconds, Stopping threads took: 0.0000750 seconds
2017-04-25T14:35:40.332+0800: 1468.883: Total time for which application threads were stopped: 0.0000754 seconds, Stopping threads took: 0.0000268 seconds
2017-04-25T14:35:40.332+0800: 1468.883: Total time for which application threads were stopped: 0.0000834 seconds, Stopping threads took: 0.0000295 seconds
2017-04-25T14:35:40.333+0800: 1468.883: Total time for which application threads were stopped: 0.0000696 seconds, Stopping threads took: 0.0000254 seconds
2017-04-25T14:35:40.333+0800: 1468.883: Total time for which application threads were stopped: 0.0000701 seconds, Stopping threads took: 0.0000250 seconds
2017-04-25T14:35:40.343+0800: 1468.894: Total time for which application threads were stopped: 0.0002517 seconds, Stopping threads took: 0.0000768 seconds
2017-04-25T14:35:40.762+0800: 1469.313: Total time for which application threads were stopped: 0.0001254 seconds, Stopping threads took: 0.0000348 seconds
2017-04-25T14:35:40.762+0800: 1469.313: Total time for which application threads were stopped: 0.0001490 seconds, Stopping threads took: 0.0000736 seconds
2017-04-25T14:35:40.993+0800: 1469.544: Total time for which application threads were stopped: 0.0001031 seconds, Stopping threads took: 0.0000268 seconds
2017-04-25T14:35:40.993+0800: 1469.544: Total time for which application threads were stopped: 0.0000946 seconds, Stopping threads took: 0.0000469 seconds
2017-04-25T14:35:41.176+0800: 1469.725: Total time for which application threads were stopped: 0.0000915 seconds, Stopping threads took: 0.0000223 seconds
2017-04-25T14:35:41.176+0800: 1469.726: Total time for which application threads were stopped: 0.0000763 seconds, Stopping threads took: 0.0000250 seconds
2017-04-25T14:35:41.347+0800: 1469.897: Total time for which application threads were stopped: 0.0002816 seconds, Stopping threads took: 0.0001258 seconds
2017-04-25T14:35:41.347+0800: 1469.897: Total time for which application threads were stopped: 0.0001919 seconds, Stopping threads took: 0.0000772 seconds
{Heap before GC invocations=9 (full 1):
 par new generation   total 109248K, used 109248K [0x00000000e0000000, 0x00000000e8000000, 0x00000000e8000000)
  eden space 87424K, 100% used [0x00000000e0000000, 0x00000000e5560000, 0x00000000e5560000)
  from space 21824K, 100% used [0x00000000e6ab0000, 0x00000000e8000000, 0x00000000e8000000)
  to   space 21824K,   0% used [0x00000000e5560000, 0x00000000e5560000, 0x00000000e6ab0000)
 concurrent mark-sweep generation total 393216K, used 7686K [0x00000000e8000000, 0x0000000100000000, 0x0000000100000000)
 Metaspace       used 34427K, capacity 35036K, committed 35352K, reserved 1081344K
  class space    used 4065K, capacity 4288K, committed 4376K, reserved 1048576K
2017-04-25T14:35:41.503+0800: 1470.053: [GC (Allocation Failure) 2017-04-25T14:35:41.503+0800: 1470.053: [ParNew
Desired survivor size 20112992 bytes, new threshold 8 (max 8)
- age   1:    1201000 bytes,    1201000 total
- age   2:    8872088 bytes,   10073088 total
- age   3:    4643104 bytes,   14716192 total
- age   4:    1798048 bytes,   16514240 total
- age   5:      96608 bytes,   16610848 total
- age   6:     238336 bytes,   16849184 total
- age   7:        400 bytes,   16849584 total
- age   8:     250264 bytes,   17099848 total
: 109248K->21824K(109248K), 0.0293024 secs] 116934K->31957K(502464K), 0.0294117 secs] [Times: user=0.00 sys=0.00, real=0.03 secs] 
Heap after GC invocations=10 (full 1):
 par new generation   total 109248K, used 21824K [0x00000000e0000000, 0x00000000e8000000, 0x00000000e8000000)
  eden space 87424K,   0% used [0x00000000e0000000, 0x00000000e0000000, 0x00000000e5560000)
  from space 21824K, 100% used [0x00000000e5560000, 0x00000000e6ab0000, 0x00000000e6ab0000)
  to   space 21824K,   0% used [0x00000000e6ab0000, 0x00000000e6ab0000, 0x00000000e8000000)
 concurrent mark-sweep generation total 393216K, used 10133K [0x00000000e8000000, 0x0000000100000000, 0x0000000100000000)
 Metaspace       used 34427K, capacity 35036K, committed 35352K, reserved 1081344K
  class space    used 4065K, capacity 4288K, committed 4376K, reserved 1048576K
}
2017-04-25T14:35:41.532+0800: 1470.082: Total time for which application threads were stopped: 0.0296388 seconds, Stopping threads took: 0.0000245 seconds
2017-04-25T14:35:41.586+0800: 1470.136: Total time for which application threads were stopped: 0.0002985 seconds, Stopping threads took: 0.0001071 seconds
2017-04-25T14:35:41.586+0800: 1470.137: Total time for which application threads were stopped: 0.0001995 seconds, Stopping threads took: 0.0000607 seconds
2017-04-25T14:35:41.908+0800: 1470.458: Total time for which application threads were stopped: 0.0002642 seconds, Stopping threads took: 0.0001151 seconds
2017-04-25T14:35:41.908+0800: 1470.459: Total time for which application threads were stopped: 0.0002097 seconds, Stopping threads took: 0.0000745 seconds
2017-04-25T14:35:42.188+0800: 1470.738: Total time for which application threads were stopped: 0.0002561 seconds, Stopping threads took: 0.0000602 seconds
2017-04-25T14:35:42.188+0800: 1470.739: Total time for which application threads were stopped: 0.0002204 seconds, Stopping threads took: 0.0000919 seconds
2017-04-25T14:35:42.553+0800: 1471.102: Total time for which application threads were stopped: 0.0002887 seconds, Stopping threads took: 0.0001035 seconds
2017-04-25T14:35:42.553+0800: 1471.103: Total time for which application threads were stopped: 0.0002155 seconds, Stopping threads took: 0.0001169 seconds
2017-04-25T14:35:42.581+0800: 1471.131: Total time for which application threads were stopped: 0.0001343 seconds, Stopping threads took: 0.0000460 seconds
2017-04-25T14:35:42.581+0800: 1471.131: Total time for which application threads were stopped: 0.0001138 seconds, Stopping threads took: 0.0000232 seconds
2017-04-25T14:35:42.598+0800: 1471.148: Total time for which application threads were stopped: 0.0002169 seconds, Stopping threads took: 0.0000228 seconds
2017-04-25T14:35:42.622+0800: 1471.172: Total time for which application threads were stopped: 0.0001709 seconds, Stopping threads took: 0.0000411 seconds
2017-04-25T14:35:42.762+0800: 1471.312: Total time for which application threads were stopped: 0.0001196 seconds, Stopping threads took: 0.0000348 seconds
2017-04-25T14:35:42.762+0800: 1471.312: Total time for which application threads were stopped: 0.0000857 seconds, Stopping threads took: 0.0000232 seconds
2017-04-25T14:35:42.762+0800: 1471.312: Total time for which application threads were stopped: 0.0000754 seconds, Stopping threads took: 0.0000161 seconds
2017-04-25T14:35:42.762+0800: 1471.312: Total time for which application threads were stopped: 0.0000522 seconds, Stopping threads took: 0.0000129 seconds
2017-04-25T14:35:42.762+0800: 1471.313: Total time for which application threads were stopped: 0.0000812 seconds, Stopping threads took: 0.0000460 seconds
2017-04-25T14:35:42.763+0800: 1471.313: Total time for which application threads were stopped: 0.0000692 seconds, Stopping threads took: 0.0000147 seconds
2017-04-25T14:35:42.763+0800: 1471.313: Total time for which application threads were stopped: 0.0000531 seconds, Stopping threads took: 0.0000196 seconds
2017-04-25T14:35:42.763+0800: 1471.313: Total time for which application threads were stopped: 0.0000531 seconds, Stopping threads took: 0.0000205 seconds
2017-04-25T14:35:42.763+0800: 1471.313: Total time for which application threads were stopped: 0.0000593 seconds, Stopping threads took: 0.0000120 seconds
2017-04-25T14:35:42.763+0800: 1471.313: Total time for which application threads were stopped: 0.0000513 seconds, Stopping threads took: 0.0000201 seconds
2017-04-25T14:35:42.763+0800: 1471.313: Total time for which application threads were stopped: 0.0000491 seconds, Stopping threads took: 0.0000174 seconds
2017-04-25T14:35:43.118+0800: 1471.668: Total time for which application threads were stopped: 0.0002878 seconds, Stopping threads took: 0.0001316 seconds
2017-04-25T14:35:43.119+0800: 1471.669: Total time for which application threads were stopped: 0.0004364 seconds, Stopping threads took: 0.0001633 seconds
2017-04-25T14:35:43.328+0800: 1471.878: Total time for which application threads were stopped: 0.0004627 seconds, Stopping threads took: 0.0000772 seconds
2017-04-25T14:35:43.328+0800: 1471.879: Total time for which application threads were stopped: 0.0001361 seconds, Stopping threads took: 0.0000370 seconds
2017-04-25T14:35:43.593+0800: 1472.144: Total time for which application threads were stopped: 0.0002129 seconds, Stopping threads took: 0.0001191 seconds
2017-04-25T14:35:43.743+0800: 1472.294: Total time for which application threads were stopped: 0.0001200 seconds, Stopping threads took: 0.0000344 seconds
2017-04-25T14:35:43.907+0800: 1472.456: Total time for which application threads were stopped: 0.0001352 seconds, Stopping threads took: 0.0000335 seconds
2017-04-25T14:35:44.082+0800: 1472.633: Total time for which application threads were stopped: 0.0001040 seconds, Stopping threads took: 0.0000339 seconds
2017-04-25T14:35:44.251+0800: 1472.801: Total time for which application threads were stopped: 0.0002436 seconds, Stopping threads took: 0.0000495 seconds
2017-04-25T14:35:44.460+0800: 1473.011: Total time for which application threads were stopped: 0.0001017 seconds, Stopping threads took: 0.0000228 seconds
2017-04-25T14:35:44.474+0800: 1473.025: Total time for which application threads were stopped: 0.0001089 seconds, Stopping threads took: 0.0000241 seconds
2017-04-25T14:35:44.540+0800: 1473.090: Total time for which application threads were stopped: 0.0002655 seconds, Stopping threads took: 0.0000379 seconds
2017-04-25T14:35:44.738+0800: 1473.289: Total time for which application threads were stopped: 0.0001330 seconds, Stopping threads took: 0.0000544 seconds
2017-04-25T14:35:45.198+0800: 1473.749: Total time for which application threads were stopped: 0.0001946 seconds, Stopping threads took: 0.0000852 seconds
2017-04-25T14:35:45.439+0800: 1473.989: Total time for which application threads were stopped: 0.0003971 seconds, Stopping threads took: 0.0000531 seconds
2017-04-25T14:35:46.440+0800: 1474.990: Total time for which application threads were stopped: 0.0001236 seconds, Stopping threads took: 0.0000281 seconds
2017-04-25T14:35:46.714+0800: 1475.265: Total time for which application threads were stopped: 0.0001629 seconds, Stopping threads took: 0.0000384 seconds
{Heap before GC invocations=10 (full 1):
 par new generation   total 109248K, used 109248K [0x00000000e0000000, 0x00000000e8000000, 0x00000000e8000000)
  eden space 87424K, 100% used [0x00000000e0000000, 0x00000000e5560000, 0x00000000e5560000)
  from space 21824K, 100% used [0x00000000e5560000, 0x00000000e6ab0000, 0x00000000e6ab0000)
  to   space 21824K,   0% used [0x00000000e6ab0000, 0x00000000e6ab0000, 0x00000000e8000000)
 concurrent mark-sweep generation total 393216K, used 10133K [0x00000000e8000000, 0x0000000100000000, 0x0000000100000000)
 Metaspace       used 34657K, capacity 35304K, committed 35608K, reserved 1081344K
  class space    used 4065K, capacity 4288K, committed 4376K, reserved 1048576K
2017-04-25T14:35:46.751+0800: 1475.302: [GC (Allocation Failure) 2017-04-25T14:35:46.751+0800: 1475.302: [ParNew
Desired survivor size 20112992 bytes, new threshold 8 (max 8)
- age   1:    1514552 bytes,    1514552 total
- age   2:      61088 bytes,    1575640 total
- age   3:    8825888 bytes,   10401528 total
- age   4:    4642768 bytes,   15044296 total
- age   5:    1798048 bytes,   16842344 total
- age   6:      96608 bytes,   16938952 total
- age   7:     238336 bytes,   17177288 total
- age   8:        400 bytes,   17177688 total
: 109248K->21005K(109248K), 0.0148370 secs] 119381K->31387K(502464K), 0.0149745 secs] [Times: user=0.05 sys=0.00, real=0.02 secs] 
Heap after GC invocations=11 (full 1):
 par new generation   total 109248K, used 21005K [0x00000000e0000000, 0x00000000e8000000, 0x00000000e8000000)
  eden space 87424K,   0% used [0x00000000e0000000, 0x00000000e0000000, 0x00000000e5560000)
  from space 21824K,  96% used [0x00000000e6ab0000, 0x00000000e7f33550, 0x00000000e8000000)
  to   space 21824K,   0% used [0x00000000e5560000, 0x00000000e5560000, 0x00000000e6ab0000)
 concurrent mark-sweep generation total 393216K, used 10382K [0x00000000e8000000, 0x0000000100000000, 0x0000000100000000)
 Metaspace       used 34657K, capacity 35304K, committed 35608K, reserved 1081344K
  class space    used 4065K, capacity 4288K, committed 4376K, reserved 1048576K
}
2017-04-25T14:35:46.766+0800: 1475.317: Total time for which application threads were stopped: 0.0152409 seconds, Stopping threads took: 0.0000567 seconds
2017-04-25T14:35:46.767+0800: 1475.317: Total time for which application threads were stopped: 0.0002860 seconds, Stopping threads took: 0.0000263 seconds
2017-04-25T14:35:47.768+0800: 1476.318: Total time for which application threads were stopped: 0.0002075 seconds, Stopping threads took: 0.0000424 seconds
2017-04-25T14:35:48.768+0800: 1477.318: Total time for which application threads were stopped: 0.0001624 seconds, Stopping threads took: 0.0000486 seconds
2017-04-25T14:35:49.094+0800: 1477.644: Total time for which application threads were stopped: 0.0001357 seconds, Stopping threads took: 0.0000330 seconds
2017-04-25T14:35:50.094+0800: 1478.645: Total time for which application threads were stopped: 0.0002517 seconds, Stopping threads took: 0.0000558 seconds
2017-04-25T14:35:51.095+0800: 1479.645: Total time for which application threads were stopped: 0.0001700 seconds, Stopping threads took: 0.0000576 seconds
2017-04-25T14:35:51.302+0800: 1479.852: Total time for which application threads were stopped: 0.0002137 seconds, Stopping threads took: 0.0000473 seconds
2017-04-25T14:35:52.302+0800: 1480.852: Total time for which application threads were stopped: 0.0001963 seconds, Stopping threads took: 0.0000482 seconds
{Heap before GC invocations=11 (full 1):
 par new generation   total 109248K, used 108429K [0x00000000e0000000, 0x00000000e8000000, 0x00000000e8000000)
  eden space 87424K, 100% used [0x00000000e0000000, 0x00000000e5560000, 0x00000000e5560000)
  from space 21824K,  96% used [0x00000000e6ab0000, 0x00000000e7f33550, 0x00000000e8000000)
  to   space 21824K,   0% used [0x00000000e5560000, 0x00000000e5560000, 0x00000000e6ab0000)
 concurrent mark-sweep generation total 393216K, used 10382K [0x00000000e8000000, 0x0000000100000000, 0x0000000100000000)
 Metaspace       used 34839K, capacity 35384K, committed 35608K, reserved 1081344K
  class space    used 4065K, capacity 4288K, committed 4376K, reserved 1048576K
2017-04-25T14:35:52.698+0800: 1481.249: [GC (Allocation Failure) 2017-04-25T14:35:52.699+0800: 1481.249: [ParNew
Desired survivor size 20112992 bytes, new threshold 8 (max 8)
- age   1:    1764928 bytes,    1764928 total
- age   2:      50240 bytes,    1815168 total
- age   3:      59624 bytes,    1874792 total
- age   4:    8809624 bytes,   10684416 total
- age   5:    4642552 bytes,   15326968 total
- age   6:    1798048 bytes,   17125016 total
- age   7:      96608 bytes,   17221624 total
- age   8:     238336 bytes,   17459960 total
: 108429K->21824K(109248K), 0.0288414 secs] 118811K->32206K(502464K), 0.0290181 secs] [Times: user=0.13 sys=0.00, real=0.03 secs] 
Heap after GC invocations=12 (full 1):
 par new generation   total 109248K, used 21824K [0x00000000e0000000, 0x00000000e8000000, 0x00000000e8000000)
  eden space 87424K,   0% used [0x00000000e0000000, 0x00000000e0000000, 0x00000000e5560000)
  from space 21824K, 100% used [0x00000000e5560000, 0x00000000e6ab0000, 0x00000000e6ab0000)
  to   space 21824K,   0% used [0x00000000e6ab0000, 0x00000000e6ab0000, 0x00000000e8000000)
 concurrent mark-sweep generation total 393216K, used 10382K [0x00000000e8000000, 0x0000000100000000, 0x0000000100000000)
 Metaspace       used 34839K, capacity 35384K, committed 35608K, reserved 1081344K
  class space    used 4065K, capacity 4288K, committed 4376K, reserved 1048576K
}
2017-04-25T14:35:52.728+0800: 1481.278: Total time for which application threads were stopped: 0.0293648 seconds, Stopping threads took: 0.0000446 seconds
2017-04-25T14:35:53.729+0800: 1482.279: Total time for which application threads were stopped: 0.0002160 seconds, Stopping threads took: 0.0000580 seconds
2017-04-25T14:35:53.770+0800: 1482.321: Total time for which application threads were stopped: 0.0001365 seconds, Stopping threads took: 0.0000263 seconds
2017-04-25T14:35:54.771+0800: 1483.321: Total time for which application threads were stopped: 0.0001749 seconds, Stopping threads took: 0.0000379 seconds
2017-04-25T14:35:55.576+0800: 1484.126: Total time for which application threads were stopped: 0.0002579 seconds, Stopping threads took: 0.0000723 seconds
2017-04-25T14:35:56.577+0800: 1485.127: Total time for which application threads were stopped: 0.0001312 seconds, Stopping threads took: 0.0000379 seconds
2017-04-25T14:35:57.582+0800: 1486.132: Total time for which application threads were stopped: 0.0001299 seconds, Stopping threads took: 0.0000317 seconds
2017-04-25T14:35:57.797+0800: 1486.347: Total time for which application threads were stopped: 0.0002655 seconds, Stopping threads took: 0.0000500 seconds
{Heap before GC invocations=12 (full 1):
 par new generation   total 109248K, used 109248K [0x00000000e0000000, 0x00000000e8000000, 0x00000000e8000000)
  eden space 87424K, 100% used [0x00000000e0000000, 0x00000000e5560000, 0x00000000e5560000)
  from space 21824K, 100% used [0x00000000e5560000, 0x00000000e6ab0000, 0x00000000e6ab0000)
  to   space 21824K,   0% used [0x00000000e6ab0000, 0x00000000e6ab0000, 0x00000000e8000000)
 concurrent mark-sweep generation total 393216K, used 10382K [0x00000000e8000000, 0x0000000100000000, 0x0000000100000000)
 Metaspace       used 34970K, capacity 35644K, committed 35864K, reserved 1081344K
  class space    used 4065K, capacity 4288K, committed 4376K, reserved 1048576K
2017-04-25T14:35:57.845+0800: 1486.395: [GC (Allocation Failure) 2017-04-25T14:35:57.845+0800: 1486.395: [ParNew
Desired survivor size 20112992 bytes, new threshold 8 (max 8)
- age   1:    1575280 bytes,    1575280 total
- age   2:      46936 bytes,    1622216 total
- age   3:      21984 bytes,    1644200 total
- age   4:      58688 bytes,    1702888 total
- age   5:    8809176 bytes,   10512064 total
- age   6:    4642384 bytes,   15154448 total
- age   7:    1797768 bytes,   16952216 total
- age   8:      96608 bytes,   17048824 total
: 109248K->20971K(109248K), 0.0163002 secs] 119630K->31593K(502464K), 0.0165563 secs] [Times: user=0.01 sys=0.00, real=0.02 secs] 
Heap after GC invocations=13 (full 1):
 par new generation   total 109248K, used 20971K [0x00000000e0000000, 0x00000000e8000000, 0x00000000e8000000)
  eden space 87424K,   0% used [0x00000000e0000000, 0x00000000e0000000, 0x00000000e5560000)
  from space 21824K,  96% used [0x00000000e6ab0000, 0x00000000e7f2aed8, 0x00000000e8000000)
  to   space 21824K,   0% used [0x00000000e5560000, 0x00000000e5560000, 0x00000000e6ab0000)
 concurrent mark-sweep generation total 393216K, used 10621K [0x00000000e8000000, 0x0000000100000000, 0x0000000100000000)
 Metaspace       used 34970K, capacity 35644K, committed 35864K, reserved 1081344K
  class space    used 4065K, capacity 4288K, committed 4376K, reserved 1048576K
}
2017-04-25T14:35:57.861+0800: 1486.412: Total time for which application threads were stopped: 0.0169089 seconds, Stopping threads took: 0.0000442 seconds
2017-04-25T14:35:58.862+0800: 1487.412: Total time for which application threads were stopped: 0.0001571 seconds, Stopping threads took: 0.0000495 seconds
2017-04-25T14:35:59.863+0800: 1488.413: Total time for which application threads were stopped: 0.0001334 seconds, Stopping threads took: 0.0000504 seconds
2017-04-25T14:36:00.150+0800: 1488.701: Total time for which application threads were stopped: 0.0002026 seconds, Stopping threads took: 0.0000451 seconds
2017-04-25T14:36:01.151+0800: 1489.701: Total time for which application threads were stopped: 0.0001638 seconds, Stopping threads took: 0.0000562 seconds
2017-04-25T14:36:02.151+0800: 1490.702: Total time for which application threads were stopped: 0.0002271 seconds, Stopping threads took: 0.0000567 seconds
2017-04-25T14:36:02.592+0800: 1491.142: Total time for which application threads were stopped: 0.0001129 seconds, Stopping threads took: 0.0000237 seconds
2017-04-25T14:36:03.592+0800: 1492.142: Total time for which application threads were stopped: 0.0002396 seconds, Stopping threads took: 0.0000433 seconds
{Heap before GC invocations=13 (full 1):
 par new generation   total 109248K, used 108395K [0x00000000e0000000, 0x00000000e8000000, 0x00000000e8000000)
  eden space 87424K, 100% used [0x00000000e0000000, 0x00000000e5560000, 0x00000000e5560000)
  from space 21824K,  96% used [0x00000000e6ab0000, 0x00000000e7f2aed8, 0x00000000e8000000)
  to   space 21824K,   0% used [0x00000000e5560000, 0x00000000e5560000, 0x00000000e6ab0000)
 concurrent mark-sweep generation total 393216K, used 10621K [0x00000000e8000000, 0x0000000100000000, 0x0000000100000000)
 Metaspace       used 35196K, capacity 35836K, committed 36120K, reserved 1081344K
  class space    used 4065K, capacity 4288K, committed 4376K, reserved 1048576K
2017-04-25T14:36:03.898+0800: 1492.448: [GC (Allocation Failure) 2017-04-25T14:36:03.898+0800: 1492.449: [ParNew
Desired survivor size 20112992 bytes, new threshold 8 (max 8)
- age   1:    1431464 bytes,    1431464 total
- age   2:      13056 bytes,    1444520 total
- age   3:      32488 bytes,    1477008 total
- age   4:      20760 bytes,    1497768 total
- age   5:      58688 bytes,    1556456 total
- age   6:    8809176 bytes,   10365632 total
- age   7:    4642048 bytes,   15007680 total
- age   8:    1797768 bytes,   16805448 total
: 108395K->20262K(109248K), 0.0220936 secs] 119017K->30980K(502464K), 0.0223707 secs] [Times: user=0.06 sys=0.00, real=0.02 secs] 
Heap after GC invocations=14 (full 1):
 par new generation   total 109248K, used 20262K [0x00000000e0000000, 0x00000000e8000000, 0x00000000e8000000)
  eden space 87424K,   0% used [0x00000000e0000000, 0x00000000e0000000, 0x00000000e5560000)
  from space 21824K,  92% used [0x00000000e5560000, 0x00000000e69299f8, 0x00000000e6ab0000)
  to   space 21824K,   0% used [0x00000000e6ab0000, 0x00000000e6ab0000, 0x00000000e8000000)
 concurrent mark-sweep generation total 393216K, used 10718K [0x00000000e8000000, 0x0000000100000000, 0x0000000100000000)
 Metaspace       used 35196K, capacity 35836K, committed 36120K, reserved 1081344K
  class space    used 4065K, capacity 4288K, committed 4376K, reserved 1048576K
}
2017-04-25T14:36:03.920+0800: 1492.471: Total time for which application threads were stopped: 0.0227227 seconds, Stopping threads took: 0.0000527 seconds
2017-04-25T14:36:03.921+0800: 1492.471: Total time for which application threads were stopped: 0.0002218 seconds, Stopping threads took: 0.0000393 seconds
2017-04-25T14:36:04.843+0800: 1493.394: Total time for which application threads were stopped: 0.0001794 seconds, Stopping threads took: 0.0000402 seconds
2017-04-25T14:36:05.845+0800: 1494.395: Total time for which application threads were stopped: 0.0002820 seconds, Stopping threads took: 0.0000638 seconds
2017-04-25T14:36:06.845+0800: 1495.395: Total time for which application threads were stopped: 0.0001133 seconds, Stopping threads took: 0.0000290 seconds
2017-04-25T14:36:07.211+0800: 1495.761: Total time for which application threads were stopped: 0.0001754 seconds, Stopping threads took: 0.0000384 seconds
2017-04-25T14:36:08.211+0800: 1496.761: Total time for which application threads were stopped: 0.0001638 seconds, Stopping threads took: 0.0000469 seconds
2017-04-25T14:36:09.212+0800: 1497.762: Total time for which application threads were stopped: 0.0001575 seconds, Stopping threads took: 0.0000504 seconds
2017-04-25T14:36:09.425+0800: 1497.976: Total time for which application threads were stopped: 0.0003008 seconds, Stopping threads took: 0.0001071 seconds
{Heap before GC invocations=14 (full 1):
 par new generation   total 109248K, used 107686K [0x00000000e0000000, 0x00000000e8000000, 0x00000000e8000000)
  eden space 87424K, 100% used [0x00000000e0000000, 0x00000000e5560000, 0x00000000e5560000)
  from space 21824K,  92% used [0x00000000e5560000, 0x00000000e69299f8, 0x00000000e6ab0000)
  to   space 21824K,   0% used [0x00000000e6ab0000, 0x00000000e6ab0000, 0x00000000e8000000)
 concurrent mark-sweep generation total 393216K, used 10718K [0x00000000e8000000, 0x0000000100000000, 0x0000000100000000)
 Metaspace       used 35308K, capacity 35908K, committed 36120K, reserved 1081344K
  class space    used 4067K, capacity 4288K, committed 4376K, reserved 1048576K
2017-04-25T14:36:09.462+0800: 1498.013: [GC (Allocation Failure) 2017-04-25T14:36:09.462+0800: 1498.013: [ParNew
Desired survivor size 20112992 bytes, new threshold 8 (max 8)
- age   1:    1554208 bytes,    1554208 total
- age   2:      16800 bytes,    1571008 total
- age   3:      10368 bytes,    1581376 total
- age   4:      31376 bytes,    1612752 total
- age   5:      20760 bytes,    1633512 total
- age   6:      58256 bytes,    1691768 total
- age   7:    8793640 bytes,   10485408 total
- age   8:    4641808 bytes,   15127216 total
: 107686K->20638K(109248K), 0.0213055 secs] 118404K->33125K(502464K), 0.0214702 secs] [Times: user=0.06 sys=0.00, real=0.02 secs] 
Heap after GC invocations=15 (full 1):
 par new generation   total 109248K, used 20638K [0x00000000e0000000, 0x00000000e8000000, 0x00000000e8000000)
  eden space 87424K,   0% used [0x00000000e0000000, 0x00000000e0000000, 0x00000000e5560000)
  from space 21824K,  94% used [0x00000000e6ab0000, 0x00000000e7ed79d8, 0x00000000e8000000)
  to   space 21824K,   0% used [0x00000000e5560000, 0x00000000e5560000, 0x00000000e6ab0000)
 concurrent mark-sweep generation total 393216K, used 12486K [0x00000000e8000000, 0x0000000100000000, 0x0000000100000000)
 Metaspace       used 35308K, capacity 35908K, committed 36120K, reserved 1081344K
  class space    used 4067K, capacity 4288K, committed 4376K, reserved 1048576K
}
2017-04-25T14:36:09.484+0800: 1498.035: Total time for which application threads were stopped: 0.0218263 seconds, Stopping threads took: 0.0000361 seconds
2017-04-25T14:36:10.485+0800: 1499.035: Total time for which application threads were stopped: 0.0001669 seconds, Stopping threads took: 0.0000424 seconds
2017-04-25T14:36:11.486+0800: 1500.036: Total time for which application threads were stopped: 0.0002053 seconds, Stopping threads took: 0.0000513 seconds
2017-04-25T14:36:11.564+0800: 1500.114: Total time for which application threads were stopped: 0.0002334 seconds, Stopping threads took: 0.0000955 seconds
2017-04-25T14:36:12.565+0800: 1501.115: Total time for which application threads were stopped: 0.0001865 seconds, Stopping threads took: 0.0000710 seconds
2017-04-25T14:36:13.811+0800: 1502.362: Total time for which application threads were stopped: 0.0001437 seconds, Stopping threads took: 0.0000286 seconds
2017-04-25T14:36:14.812+0800: 1503.362: Total time for which application threads were stopped: 0.0001660 seconds, Stopping threads took: 0.0000629 seconds
{Heap before GC invocations=15 (full 1):
 par new generation   total 109248K, used 108062K [0x00000000e0000000, 0x00000000e8000000, 0x00000000e8000000)
  eden space 87424K, 100% used [0x00000000e0000000, 0x00000000e5560000, 0x00000000e5560000)
  from space 21824K,  94% used [0x00000000e6ab0000, 0x00000000e7ed79d8, 0x00000000e8000000)
  to   space 21824K,   0% used [0x00000000e5560000, 0x00000000e5560000, 0x00000000e6ab0000)
 concurrent mark-sweep generation total 393216K, used 12486K [0x00000000e8000000, 0x0000000100000000, 0x0000000100000000)
 Metaspace       used 35364K, capacity 35972K, committed 36376K, reserved 1081344K
  class space    used 4067K, capacity 4288K, committed 4376K, reserved 1048576K
2017-04-25T14:36:14.934+0800: 1503.485: [GC (Allocation Failure) 2017-04-25T14:36:14.934+0800: 1503.485: [ParNew
Desired survivor size 20112992 bytes, new threshold 8 (max 8)
- age   1:    1169376 bytes,    1169376 total
- age   2:      41448 bytes,    1210824 total
- age   3:      15480 bytes,    1226304 total
- age   4:       9288 bytes,    1235592 total
- age   5:      31344 bytes,    1266936 total
- age   6:      20608 bytes,    1287544 total
- age   7:      58256 bytes,    1345800 total
- age   8:    8793496 bytes,   10139296 total
: 108062K->14904K(109248K), 0.0269967 secs] 120549K->32271K(502464K), 0.0271230 secs] [Times: user=0.13 sys=0.00, real=0.03 secs] 
Heap after GC invocations=16 (full 1):
 par new generation   total 109248K, used 14904K [0x00000000e0000000, 0x00000000e8000000, 0x00000000e8000000)
  eden space 87424K,   0% used [0x00000000e0000000, 0x00000000e0000000, 0x00000000e5560000)
  from space 21824K,  68% used [0x00000000e5560000, 0x00000000e63ee170, 0x00000000e6ab0000)
  to   space 21824K,   0% used [0x00000000e6ab0000, 0x00000000e6ab0000, 0x00000000e8000000)
 concurrent mark-sweep generation total 393216K, used 17367K [0x00000000e8000000, 0x0000000100000000, 0x0000000100000000)
 Metaspace       used 35364K, capacity 35972K, committed 36376K, reserved 1081344K
  class space    used 4067K, capacity 4288K, committed 4376K, reserved 1048576K
}
2017-04-25T14:36:14.962+0800: 1503.512: Total time for which application threads were stopped: 0.0274934 seconds, Stopping threads took: 0.0000513 seconds
2017-04-25T14:36:15.859+0800: 1504.409: Total time for which application threads were stopped: 0.0004717 seconds, Stopping threads took: 0.0002378 seconds
2017-04-25T14:36:16.860+0800: 1505.410: Total time for which application threads were stopped: 0.0001415 seconds, Stopping threads took: 0.0000312 seconds
2017-04-25T14:36:17.861+0800: 1506.411: Total time for which application threads were stopped: 0.0001664 seconds, Stopping threads took: 0.0000611 seconds
2017-04-25T14:36:18.128+0800: 1506.679: Total time for which application threads were stopped: 0.0004217 seconds, Stopping threads took: 0.0000469 seconds
2017-04-25T14:36:18.130+0800: 1506.680: Total time for which application threads were stopped: 0.0004221 seconds, Stopping threads took: 0.0000710 seconds
2017-04-25T14:36:19.131+0800: 1507.681: Total time for which application threads were stopped: 0.0002963 seconds, Stopping threads took: 0.0000781 seconds
2017-04-25T14:36:20.131+0800: 1508.681: Total time for which application threads were stopped: 0.0001513 seconds, Stopping threads took: 0.0000482 seconds
2017-04-25T14:36:20.294+0800: 1508.845: Total time for which application threads were stopped: 0.0002142 seconds, Stopping threads took: 0.0000513 seconds
2017-04-25T14:36:20.483+0800: 1509.033: Total time for which application threads were stopped: 0.0001499 seconds, Stopping threads took: 0.0000353 seconds
{Heap before GC invocations=16 (full 1):
 par new generation   total 109248K, used 102323K [0x00000000e0000000, 0x00000000e8000000, 0x00000000e8000000)
  eden space 87424K,  99% used [0x00000000e0000000, 0x00000000e555eb58, 0x00000000e5560000)
  from space 21824K,  68% used [0x00000000e5560000, 0x00000000e63ee170, 0x00000000e6ab0000)
  to   space 21824K,   0% used [0x00000000e6ab0000, 0x00000000e6ab0000, 0x00000000e8000000)
 concurrent mark-sweep generation total 393216K, used 17367K [0x00000000e8000000, 0x0000000100000000, 0x0000000100000000)
 Metaspace       used 35566K, capacity 36164K, committed 36376K, reserved 1081344K
  class space    used 4068K, capacity 4288K, committed 4376K, reserved 1048576K
2017-04-25T14:36:20.580+0800: 1509.130: [GC (Allocation Failure) 2017-04-25T14:36:20.580+0800: 1509.130: [ParNew
Desired survivor size 20112992 bytes, new threshold 8 (max 8)
- age   1:    1607672 bytes,    1607672 total
- age   2:      23600 bytes,    1631272 total
- age   3:      13192 bytes,    1644464 total
- age   4:      14328 bytes,    1658792 total
- age   5:       9288 bytes,    1668080 total
- age   6:      31344 bytes,    1699424 total
- age   7:      20608 bytes,    1720032 total
- age   8:      58256 bytes,    1778288 total
: 102323K->3228K(109248K), 0.0201503 secs] 119690K->29196K(502464K), 0.0203265 secs] [Times: user=0.06 sys=0.00, real=0.02 secs] 
Heap after GC invocations=17 (full 1):
 par new generation   total 109248K, used 3228K [0x00000000e0000000, 0x00000000e8000000, 0x00000000e8000000)
  eden space 87424K,   0% used [0x00000000e0000000, 0x00000000e0000000, 0x00000000e5560000)
  from space 21824K,  14% used [0x00000000e6ab0000, 0x00000000e6dd70b8, 0x00000000e8000000)
  to   space 21824K,   0% used [0x00000000e5560000, 0x00000000e5560000, 0x00000000e6ab0000)
 concurrent mark-sweep generation total 393216K, used 25968K [0x00000000e8000000, 0x0000000100000000, 0x0000000100000000)
 Metaspace       used 35566K, capacity 36164K, committed 36376K, reserved 1081344K
  class space    used 4068K, capacity 4288K, committed 4376K, reserved 1048576K
}
2017-04-25T14:36:20.600+0800: 1509.151: Total time for which application threads were stopped: 0.0207250 seconds, Stopping threads took: 0.0000518 seconds
2017-04-25T14:36:21.600+0800: 1510.150: Total time for which application threads were stopped: 0.0002258 seconds, Stopping threads took: 0.0000402 seconds
2017-04-25T14:36:22.601+0800: 1511.151: Total time for which application threads were stopped: 0.0001602 seconds, Stopping threads took: 0.0000656 seconds
2017-04-25T14:36:22.683+0800: 1511.233: Total time for which application threads were stopped: 0.0001821 seconds, Stopping threads took: 0.0000353 seconds
2017-04-25T14:36:23.684+0800: 1512.234: Total time for which application threads were stopped: 0.0001772 seconds, Stopping threads took: 0.0000651 seconds
2017-04-25T14:36:24.563+0800: 1513.114: Total time for which application threads were stopped: 0.0001624 seconds, Stopping threads took: 0.0000353 seconds
2017-04-25T14:36:25.564+0800: 1514.114: Total time for which application threads were stopped: 0.0002320 seconds, Stopping threads took: 0.0000620 seconds
{Heap before GC invocations=17 (full 1):
 par new generation   total 109248K, used 90652K [0x00000000e0000000, 0x00000000e8000000, 0x00000000e8000000)
  eden space 87424K, 100% used [0x00000000e0000000, 0x00000000e5560000, 0x00000000e5560000)
  from space 21824K,  14% used [0x00000000e6ab0000, 0x00000000e6dd70b8, 0x00000000e8000000)
  to   space 21824K,   0% used [0x00000000e5560000, 0x00000000e5560000, 0x00000000e6ab0000)
 concurrent mark-sweep generation total 393216K, used 25968K [0x00000000e8000000, 0x0000000100000000, 0x0000000100000000)
 Metaspace       used 35624K, capacity 36228K, committed 36632K, reserved 1081344K
  class space    used 4068K, capacity 4288K, committed 4376K, reserved 1048576K
2017-04-25T14:36:25.831+0800: 1514.381: [GC (Allocation Failure) 2017-04-25T14:36:25.831+0800: 1514.381: [ParNew
Desired survivor size 20112992 bytes, new threshold 8 (max 8)
- age   1:    1071688 bytes,    1071688 total
- age   2:      10976 bytes,    1082664 total
- age   3:       8816 bytes,    1091480 total
- age   4:      11968 bytes,    1103448 total
- age   5:      14328 bytes,    1117776 total
- age   6:       9288 bytes,    1127064 total
- age   7:      31344 bytes,    1158408 total
- age   8:      20608 bytes,    1179016 total
: 90652K->1953K(109248K), 0.0079968 secs] 116620K->27979K(502464K), 0.0081088 secs] [Times: user=0.00 sys=0.00, real=0.01 secs] 
Heap after GC invocations=18 (full 1):
 par new generation   total 109248K, used 1953K [0x00000000e0000000, 0x00000000e8000000, 0x00000000e8000000)
  eden space 87424K,   0% used [0x00000000e0000000, 0x00000000e0000000, 0x00000000e5560000)
  from space 21824K,   8% used [0x00000000e5560000, 0x00000000e5748648, 0x00000000e6ab0000)
  to   space 21824K,   0% used [0x00000000e6ab0000, 0x00000000e6ab0000, 0x00000000e8000000)
 concurrent mark-sweep generation total 393216K, used 26025K [0x00000000e8000000, 0x0000000100000000, 0x0000000100000000)
 Metaspace       used 35624K, capacity 36228K, committed 36632K, reserved 1081344K
  class space    used 4068K, capacity 4288K, committed 4376K, reserved 1048576K
}
2017-04-25T14:36:25.839+0800: 1514.389: Total time for which application threads were stopped: 0.0083502 seconds, Stopping threads took: 0.0000303 seconds
2017-04-25T14:36:26.450+0800: 1515.000: Total time for which application threads were stopped: 0.0003922 seconds, Stopping threads took: 0.0000558 seconds
2017-04-25T14:36:27.450+0800: 1516.000: Total time for which application threads were stopped: 0.0002218 seconds, Stopping threads took: 0.0000495 seconds
2017-04-25T14:36:28.451+0800: 1517.001: Total time for which application threads were stopped: 0.0002468 seconds, Stopping threads took: 0.0000491 seconds
2017-04-25T14:36:28.707+0800: 1517.257: Total time for which application threads were stopped: 0.0001468 seconds, Stopping threads took: 0.0000321 seconds
2017-04-25T14:36:29.708+0800: 1518.258: Total time for which application threads were stopped: 0.0002798 seconds, Stopping threads took: 0.0000593 seconds
2017-04-25T14:36:30.660+0800: 1519.210: Total time for which application threads were stopped: 0.0003842 seconds, Stopping threads took: 0.0000687 seconds
{Heap before GC invocations=18 (full 1):
 par new generation   total 109248K, used 89377K [0x00000000e0000000, 0x00000000e8000000, 0x00000000e8000000)
  eden space 87424K, 100% used [0x00000000e0000000, 0x00000000e5560000, 0x00000000e5560000)
  from space 21824K,   8% used [0x00000000e5560000, 0x00000000e5748648, 0x00000000e6ab0000)
  to   space 21824K,   0% used [0x00000000e6ab0000, 0x00000000e6ab0000, 0x00000000e8000000)
 concurrent mark-sweep generation total 393216K, used 26025K [0x00000000e8000000, 0x0000000100000000, 0x0000000100000000)
 Metaspace       used 35713K, capacity 36292K, committed 36632K, reserved 1081344K
  class space    used 4069K, capacity 4288K, committed 4376K, reserved 1048576K
2017-04-25T14:36:30.711+0800: 1519.261: [GC (Allocation Failure) 2017-04-25T14:36:30.711+0800: 1519.261: [ParNew
Desired survivor size 20112992 bytes, new threshold 8 (max 8)
- age   1:    1665976 bytes,    1665976 total
- age   2:      21280 bytes,    1687256 total
- age   3:       9744 bytes,    1697000 total
- age   4:       7592 bytes,    1704592 total
- age   5:      11968 bytes,    1716560 total
- age   6:      14328 bytes,    1730888 total
- age   7:       9288 bytes,    1740176 total
- age   8:      31344 bytes,    1771520 total
: 89377K->1864K(109248K), 0.0066796 secs] 115403K->27909K(502464K), 0.0067822 secs] [Times: user=0.00 sys=0.00, real=0.01 secs] 
Heap after GC invocations=19 (full 1):
 par new generation   total 109248K, used 1864K [0x00000000e0000000, 0x00000000e8000000, 0x00000000e8000000)
  eden space 87424K,   0% used [0x00000000e0000000, 0x00000000e0000000, 0x00000000e5560000)
  from space 21824K,   8% used [0x00000000e6ab0000, 0x00000000e6c82170, 0x00000000e8000000)
  to   space 21824K,   0% used [0x00000000e5560000, 0x00000000e5560000, 0x00000000e6ab0000)
 concurrent mark-sweep generation total 393216K, used 26045K [0x00000000e8000000, 0x0000000100000000, 0x0000000100000000)
 Metaspace       used 35713K, capacity 36292K, committed 36632K, reserved 1081344K
  class space    used 4069K, capacity 4288K, committed 4376K, reserved 1048576K
}
2017-04-25T14:36:30.718+0800: 1519.268: Total time for which application threads were stopped: 0.0070040 seconds, Stopping threads took: 0.0000254 seconds
2017-04-25T14:36:31.719+0800: 1520.269: Total time for which application threads were stopped: 0.0001209 seconds, Stopping threads took: 0.0000286 seconds
2017-04-25T14:36:32.719+0800: 1521.269: Total time for which application threads were stopped: 0.0001290 seconds, Stopping threads took: 0.0000317 seconds
2017-04-25T14:36:33.720+0800: 1522.270: Total time for which application threads were stopped: 0.0001383 seconds, Stopping threads took: 0.0000330 seconds
2017-04-25T14:36:35.721+0800: 1524.271: Total time for which application threads were stopped: 0.0001374 seconds, Stopping threads took: 0.0000295 seconds
2017-04-25T14:36:39.724+0800: 1528.274: Total time for which application threads were stopped: 0.0002311 seconds, Stopping threads took: 0.0000544 seconds
2017-04-25T14:36:40.725+0800: 1529.275: Total time for which application threads were stopped: 0.0002262 seconds, Stopping threads took: 0.0000540 seconds
2017-04-25T14:36:42.726+0800: 1531.276: Total time for which application threads were stopped: 0.0001406 seconds, Stopping threads took: 0.0000268 seconds
2017-04-25T14:36:45.728+0800: 1534.278: Total time for which application threads were stopped: 0.0001379 seconds, Stopping threads took: 0.0000299 seconds
2017-04-25T14:36:46.275+0800: 1534.826: Total time for which application threads were stopped: 0.0002173 seconds, Stopping threads took: 0.0000335 seconds
2017-04-25T14:36:47.275+0800: 1535.825: Total time for which application threads were stopped: 0.0001731 seconds, Stopping threads took: 0.0000607 seconds
2017-04-25T14:36:50.277+0800: 1538.828: Total time for which application threads were stopped: 0.0001160 seconds, Stopping threads took: 0.0000263 seconds
2017-04-25T14:36:50.398+0800: 1538.949: Total time for which application threads were stopped: 0.0001209 seconds, Stopping threads took: 0.0000259 seconds
2017-04-25T14:36:51.399+0800: 1539.949: Total time for which application threads were stopped: 0.0003204 seconds, Stopping threads took: 0.0000571 seconds
{Heap before GC invocations=19 (full 1):
 par new generation   total 109248K, used 89286K [0x00000000e0000000, 0x00000000e8000000, 0x00000000e8000000)
  eden space 87424K,  99% used [0x00000000e0000000, 0x00000000e555fa10, 0x00000000e5560000)
  from space 21824K,   8% used [0x00000000e6ab0000, 0x00000000e6c82170, 0x00000000e8000000)
  to   space 21824K,   0% used [0x00000000e5560000, 0x00000000e5560000, 0x00000000e6ab0000)
 concurrent mark-sweep generation total 393216K, used 26045K [0x00000000e8000000, 0x0000000100000000, 0x0000000100000000)
 Metaspace       used 35859K, capacity 36484K, committed 36888K, reserved 1081344K
  class space    used 4069K, capacity 4288K, committed 4376K, reserved 1048576K
2017-04-25T14:36:51.453+0800: 1540.004: [GC (Allocation Failure) 2017-04-25T14:36:51.454+0800: 1540.004: [ParNew
Desired survivor size 20112992 bytes, new threshold 8 (max 8)
- age   1:    1423296 bytes,    1423296 total
- age   2:      38568 bytes,    1461864 total
- age   3:       6120 bytes,    1467984 total
- age   4:       8376 bytes,    1476360 total
- age   5:       7480 bytes,    1483840 total
- age   6:      11968 bytes,    1495808 total
- age   7:      13928 bytes,    1509736 total
- age   8:       9288 bytes,    1519024 total
: 89286K->2170K(109248K), 0.0106095 secs] 115332K->28246K(502464K), 0.0110861 secs] [Times: user=0.00 sys=0.02, real=0.01 secs] 
Heap after GC invocations=20 (full 1):
 par new generation   total 109248K, used 2170K [0x00000000e0000000, 0x00000000e8000000, 0x00000000e8000000)
  eden space 87424K,   0% used [0x00000000e0000000, 0x00000000e0000000, 0x00000000e5560000)
  from space 21824K,   9% used [0x00000000e5560000, 0x00000000e577eb40, 0x00000000e6ab0000)
  to   space 21824K,   0% used [0x00000000e6ab0000, 0x00000000e6ab0000, 0x00000000e8000000)
 concurrent mark-sweep generation total 393216K, used 26076K [0x00000000e8000000, 0x0000000100000000, 0x0000000100000000)
 Metaspace       used 35859K, capacity 36484K, committed 36888K, reserved 1081344K
  class space    used 4069K, capacity 4288K, committed 4376K, reserved 1048576K
}
2017-04-25T14:36:51.464+0800: 1540.015: Total time for which application threads were stopped: 0.0115421 seconds, Stopping threads took: 0.0000558 seconds
2017-04-25T14:36:52.276+0800: 1540.826: Total time for which application threads were stopped: 0.0001696 seconds, Stopping threads took: 0.0000370 seconds
2017-04-25T14:36:53.277+0800: 1541.827: Total time for which application threads were stopped: 0.0001232 seconds, Stopping threads took: 0.0000277 seconds
2017-04-25T14:36:54.277+0800: 1542.827: Total time for which application threads were stopped: 0.0001423 seconds, Stopping threads took: 0.0000281 seconds
2017-04-25T14:36:56.279+0800: 1544.829: Total time for which application threads were stopped: 0.0001780 seconds, Stopping threads took: 0.0000339 seconds
2017-04-25T14:36:57.729+0800: 1546.280: Total time for which application threads were stopped: 0.0002633 seconds, Stopping threads took: 0.0000553 seconds
2017-04-25T14:36:58.730+0800: 1547.280: Total time for which application threads were stopped: 0.0002195 seconds, Stopping threads took: 0.0000531 seconds
2017-04-25T14:36:59.731+0800: 1548.281: Total time for which application threads were stopped: 0.0002294 seconds, Stopping threads took: 0.0000634 seconds
2017-04-25T14:36:59.919+0800: 1548.469: Total time for which application threads were stopped: 0.0002057 seconds, Stopping threads took: 0.0000513 seconds
{Heap before GC invocations=20 (full 1):
 par new generation   total 109248K, used 89594K [0x00000000e0000000, 0x00000000e8000000, 0x00000000e8000000)
  eden space 87424K, 100% used [0x00000000e0000000, 0x00000000e5560000, 0x00000000e5560000)
  from space 21824K,   9% used [0x00000000e5560000, 0x00000000e577eb40, 0x00000000e6ab0000)
  to   space 21824K,   0% used [0x00000000e6ab0000, 0x00000000e6ab0000, 0x00000000e8000000)
 concurrent mark-sweep generation total 393216K, used 26076K [0x00000000e8000000, 0x0000000100000000, 0x0000000100000000)
 Metaspace       used 35862K, capacity 36484K, committed 36888K, reserved 1081344K
  class space    used 4069K, capacity 4288K, committed 4376K, reserved 1048576K
2017-04-25T14:36:59.956+0800: 1548.506: [GC (Allocation Failure) 2017-04-25T14:36:59.956+0800: 1548.506: [ParNew
Desired survivor size 20112992 bytes, new threshold 8 (max 8)
- age   1:    1540248 bytes,    1540248 total
- age   2:      10352 bytes,    1550600 total
- age   3:      10672 bytes,    1561272 total
- age   4:       6120 bytes,    1567392 total
- age   5:       8376 bytes,    1575768 total
- age   6:       7480 bytes,    1583248 total
- age   7:      11968 bytes,    1595216 total
- age   8:      13928 bytes,    1609144 total
: 89594K->1837K(109248K), 0.0062659 secs] 115670K->27922K(502464K), 0.0063627 secs] [Times: user=0.00 sys=0.00, real=0.01 secs] 
Heap after GC invocations=21 (full 1):
 par new generation   total 109248K, used 1837K [0x00000000e0000000, 0x00000000e8000000, 0x00000000e8000000)
  eden space 87424K,   0% used [0x00000000e0000000, 0x00000000e0000000, 0x00000000e5560000)
  from space 21824K,   8% used [0x00000000e6ab0000, 0x00000000e6c7b460, 0x00000000e8000000)
  to   space 21824K,   0% used [0x00000000e5560000, 0x00000000e5560000, 0x00000000e6ab0000)
 concurrent mark-sweep generation total 393216K, used 26085K [0x00000000e8000000, 0x0000000100000000, 0x0000000100000000)
 Metaspace       used 35862K, capacity 36484K, committed 36888K, reserved 1081344K
  class space    used 4069K, capacity 4288K, committed 4376K, reserved 1048576K
}
2017-04-25T14:36:59.963+0800: 1548.513: Total time for which application threads were stopped: 0.0066189 seconds, Stopping threads took: 0.0000495 seconds
2017-04-25T14:37:00.963+0800: 1549.514: Total time for which application threads were stopped: 0.0002387 seconds, Stopping threads took: 0.0000509 seconds
2017-04-25T14:37:01.964+0800: 1550.514: Total time for which application threads were stopped: 0.0002445 seconds, Stopping threads took: 0.0000629 seconds
2017-04-25T14:37:02.965+0800: 1551.515: Total time for which application threads were stopped: 0.0003110 seconds, Stopping threads took: 0.0000629 seconds
2017-04-25T14:37:03.056+0800: 1551.606: Total time for which application threads were stopped: 0.0002490 seconds, Stopping threads took: 0.0000482 seconds
2017-04-25T14:37:04.057+0800: 1552.607: Total time for which application threads were stopped: 0.0002655 seconds, Stopping threads took: 0.0000585 seconds
2017-04-25T14:37:05.994+0800: 1554.544: Total time for which application threads were stopped: 0.0001727 seconds, Stopping threads took: 0.0000402 seconds
2017-04-25T14:37:06.995+0800: 1555.545: Total time for which application threads were stopped: 0.0002722 seconds, Stopping threads took: 0.0000576 seconds
{Heap before GC invocations=21 (full 1):
 par new generation   total 109248K, used 89261K [0x00000000e0000000, 0x00000000e8000000, 0x00000000e8000000)
  eden space 87424K, 100% used [0x00000000e0000000, 0x00000000e5560000, 0x00000000e5560000)
  from space 21824K,   8% used [0x00000000e6ab0000, 0x00000000e6c7b460, 0x00000000e8000000)
  to   space 21824K,   0% used [0x00000000e5560000, 0x00000000e5560000, 0x00000000e6ab0000)
 concurrent mark-sweep generation total 393216K, used 26085K [0x00000000e8000000, 0x0000000100000000, 0x0000000100000000)
 Metaspace       used 35872K, capacity 36484K, committed 36888K, reserved 1081344K
  class space    used 4069K, capacity 4288K, committed 4376K, reserved 1048576K
2017-04-25T14:37:07.128+0800: 1555.678: [GC (Allocation Failure) 2017-04-25T14:37:07.128+0800: 1555.678: [ParNew
Desired survivor size 20112992 bytes, new threshold 8 (max 8)
- age   1:    1407224 bytes,    1407224 total
- age   2:      14776 bytes,    1422000 total
- age   3:       8128 bytes,    1430128 total
- age   4:      10240 bytes,    1440368 total
- age   5:       6120 bytes,    1446488 total
- age   6:       8376 bytes,    1454864 total
- age   7:       7296 bytes,    1462160 total
- age   8:      11536 bytes,    1473696 total
: 89261K->1845K(109248K), 0.0161012 secs] 115346K->27944K(502464K), 0.0163198 secs] [Times: user=0.02 sys=0.00, real=0.02 secs] 
Heap after GC invocations=22 (full 1):
 par new generation   total 109248K, used 1845K [0x00000000e0000000, 0x00000000e8000000, 0x00000000e8000000)
  eden space 87424K,   0% used [0x00000000e0000000, 0x00000000e0000000, 0x00000000e5560000)
  from space 21824K,   8% used [0x00000000e5560000, 0x00000000e572d7e0, 0x00000000e6ab0000)
  to   space 21824K,   0% used [0x00000000e6ab0000, 0x00000000e6ab0000, 0x00000000e8000000)
 concurrent mark-sweep generation total 393216K, used 26098K [0x00000000e8000000, 0x0000000100000000, 0x0000000100000000)
 Metaspace       used 35872K, capacity 36484K, committed 36888K, reserved 1081344K
  class space    used 4069K, capacity 4288K, committed 4376K, reserved 1048576K
}
2017-04-25T14:37:07.144+0800: 1555.694: Total time for which application threads were stopped: 0.0168803 seconds, Stopping threads took: 0.0000433 seconds
2017-04-25T14:37:08.291+0800: 1556.841: Total time for which application threads were stopped: 0.0003913 seconds, Stopping threads took: 0.0001004 seconds
2017-04-25T14:37:09.291+0800: 1557.841: Total time for which application threads were stopped: 0.0001397 seconds, Stopping threads took: 0.0000321 seconds
2017-04-25T14:37:10.092+0800: 1558.642: Total time for which application threads were stopped: 0.0001446 seconds, Stopping threads took: 0.0000210 seconds
2017-04-25T14:37:11.098+0800: 1559.648: Total time for which application threads were stopped: 0.0005274 seconds, Stopping threads took: 0.0001910 seconds
2017-04-25T14:37:12.098+0800: 1560.649: Total time for which application threads were stopped: 0.0002945 seconds, Stopping threads took: 0.0001245 seconds
{Heap before GC invocations=22 (full 1):
 par new generation   total 109248K, used 89269K [0x00000000e0000000, 0x00000000e8000000, 0x00000000e8000000)
  eden space 87424K, 100% used [0x00000000e0000000, 0x00000000e5560000, 0x00000000e5560000)
  from space 21824K,   8% used [0x00000000e5560000, 0x00000000e572d7e0, 0x00000000e6ab0000)
  to   space 21824K,   0% used [0x00000000e6ab0000, 0x00000000e6ab0000, 0x00000000e8000000)
 concurrent mark-sweep generation total 393216K, used 26098K [0x00000000e8000000, 0x0000000100000000, 0x0000000100000000)
 Metaspace       used 35905K, capacity 36548K, committed 36888K, reserved 1081344K
  class space    used 4069K, capacity 4288K, committed 4376K, reserved 1048576K
2017-04-25T14:37:12.302+0800: 1560.852: [GC (Allocation Failure) 2017-04-25T14:37:12.302+0800: 1560.852: [ParNew
Desired survivor size 20112992 bytes, new threshold 8 (max 8)
- age   1:    1795792 bytes,    1795792 total
- age   2:      18056 bytes,    1813848 total
- age   3:      13328 bytes,    1827176 total
- age   4:       8128 bytes,    1835304 total
- age   5:      10240 bytes,    1845544 total
- age   6:       6120 bytes,    1851664 total
- age   7:       8376 bytes,    1860040 total
- age   8:       7296 bytes,    1867336 total
: 89269K->2118K(109248K), 0.0127831 secs] 115368K->28228K(502464K), 0.0129334 secs] [Times: user=0.00 sys=0.00, real=0.01 secs] 
Heap after GC invocations=23 (full 1):
 par new generation   total 109248K, used 2118K [0x00000000e0000000, 0x00000000e8000000, 0x00000000e8000000)
  eden space 87424K,   0% used [0x00000000e0000000, 0x00000000e0000000, 0x00000000e5560000)
  from space 21824K,   9% used [0x00000000e6ab0000, 0x00000000e6cc18c0, 0x00000000e8000000)
  to   space 21824K,   0% used [0x00000000e5560000, 0x00000000e5560000, 0x00000000e6ab0000)
 concurrent mark-sweep generation total 393216K, used 26109K [0x00000000e8000000, 0x0000000100000000, 0x0000000100000000)
 Metaspace       used 35905K, capacity 36548K, committed 36888K, reserved 1081344K
  class space    used 4069K, capacity 4288K, committed 4376K, reserved 1048576K
}
2017-04-25T14:37:12.315+0800: 1560.865: Total time for which application threads were stopped: 0.0133877 seconds, Stopping threads took: 0.0000455 seconds
2017-04-25T14:37:12.319+0800: 1560.869: Total time for which application threads were stopped: 0.0001584 seconds, Stopping threads took: 0.0000308 seconds
2017-04-25T14:37:13.319+0800: 1561.870: Total time for which application threads were stopped: 0.0002222 seconds, Stopping threads took: 0.0000518 seconds
2017-04-25T14:37:15.880+0800: 1564.431: Total time for which application threads were stopped: 0.0002686 seconds, Stopping threads took: 0.0000593 seconds
2017-04-25T14:37:16.880+0800: 1565.431: Total time for which application threads were stopped: 0.0001986 seconds, Stopping threads took: 0.0000522 seconds
2017-04-25T14:37:18.650+0800: 1567.200: Total time for which application threads were stopped: 0.0003066 seconds, Stopping threads took: 0.0000750 seconds
2017-04-25T14:37:19.651+0800: 1568.201: Total time for which application threads were stopped: 0.0002463 seconds, Stopping threads took: 0.0000527 seconds
2017-04-25T14:37:20.651+0800: 1569.201: Total time for which application threads were stopped: 0.0001227 seconds, Stopping threads took: 0.0000290 seconds
{Heap before GC invocations=23 (full 1):
 par new generation   total 109248K, used 89542K [0x00000000e0000000, 0x00000000e8000000, 0x00000000e8000000)
  eden space 87424K, 100% used [0x00000000e0000000, 0x00000000e5560000, 0x00000000e5560000)
  from space 21824K,   9% used [0x00000000e6ab0000, 0x00000000e6cc18c0, 0x00000000e8000000)
  to   space 21824K,   0% used [0x00000000e5560000, 0x00000000e5560000, 0x00000000e6ab0000)
 concurrent mark-sweep generation total 393216K, used 26109K [0x00000000e8000000, 0x0000000100000000, 0x0000000100000000)
 Metaspace       used 35922K, capacity 36548K, committed 36888K, reserved 1081344K
  class space    used 4069K, capacity 4288K, committed 4376K, reserved 1048576K
2017-04-25T14:37:21.894+0800: 1570.444: [GC (Allocation Failure) 2017-04-25T14:37:21.894+0800: 1570.444: [ParNew
Desired survivor size 20112992 bytes, new threshold 8 (max 8)
- age   1:    1400400 bytes,    1400400 total
- age   2:      32488 bytes,    1432888 total
- age   3:       5264 bytes,    1438152 total
- age   4:      12464 bytes,    1450616 total
- age   5:       8016 bytes,    1458632 total
- age   6:      10240 bytes,    1468872 total
- age   7:       5976 bytes,    1474848 total
- age   8:       8376 bytes,    1483224 total
: 89542K->2496K(109248K), 0.0152944 secs] 115652K->28613K(502464K), 0.0154992 secs] [Times: user=0.02 sys=0.00, real=0.01 secs] 
Heap after GC invocations=24 (full 1):
 par new generation   total 109248K, used 2496K [0x00000000e0000000, 0x00000000e8000000, 0x00000000e8000000)
  eden space 87424K,   0% used [0x00000000e0000000, 0x00000000e0000000, 0x00000000e5560000)
  from space 21824K,  11% used [0x00000000e5560000, 0x00000000e57d0190, 0x00000000e6ab0000)
  to   space 21824K,   0% used [0x00000000e6ab0000, 0x00000000e6ab0000, 0x00000000e8000000)
 concurrent mark-sweep generation total 393216K, used 26117K [0x00000000e8000000, 0x0000000100000000, 0x0000000100000000)
 Metaspace       used 35922K, capacity 36548K, committed 36888K, reserved 1081344K
  class space    used 4069K, capacity 4288K, committed 4376K, reserved 1048576K
}
2017-04-25T14:37:21.909+0800: 1570.460: Total time for which application threads were stopped: 0.0160097 seconds, Stopping threads took: 0.0000598 seconds
2017-04-25T14:37:22.910+0800: 1571.460: Total time for which application threads were stopped: 0.0002776 seconds, Stopping threads took: 0.0000500 seconds
2017-04-25T14:37:23.141+0800: 1571.691: Total time for which application threads were stopped: 0.0002298 seconds, Stopping threads took: 0.0000553 seconds
2017-04-25T14:37:24.142+0800: 1572.692: Total time for which application threads were stopped: 0.0002401 seconds, Stopping threads took: 0.0000388 seconds
2017-04-25T14:37:28.121+0800: 1576.671: Total time for which application threads were stopped: 0.0001879 seconds, Stopping threads took: 0.0000353 seconds
2017-04-25T14:37:29.121+0800: 1577.672: Total time for which application threads were stopped: 0.0002432 seconds, Stopping threads took: 0.0000620 seconds
2017-04-25T14:37:30.122+0800: 1578.672: Total time for which application threads were stopped: 0.0003485 seconds, Stopping threads took: 0.0001004 seconds
{Heap before GC invocations=24 (full 1):
 par new generation   total 109248K, used 89920K [0x00000000e0000000, 0x00000000e8000000, 0x00000000e8000000)
  eden space 87424K,  99% used [0x00000000e0000000, 0x00000000e555fed8, 0x00000000e5560000)
  from space 21824K,  11% used [0x00000000e5560000, 0x00000000e57d0190, 0x00000000e6ab0000)
  to   space 21824K,   0% used [0x00000000e6ab0000, 0x00000000e6ab0000, 0x00000000e8000000)
 concurrent mark-sweep generation total 393216K, used 26117K [0x00000000e8000000, 0x0000000100000000, 0x0000000100000000)
 Metaspace       used 35943K, capacity 36548K, committed 36888K, reserved 1081344K
  class space    used 4069K, capacity 4288K, committed 4376K, reserved 1048576K
2017-04-25T14:37:30.429+0800: 1578.980: [GC (Allocation Failure) 2017-04-25T14:37:30.429+0800: 1578.980: [ParNew
Desired survivor size 20112992 bytes, new threshold 8 (max 8)
- age   1:    1590384 bytes,    1590384 total
- age   2:       6744 bytes,    1597128 total
- age   3:       6808 bytes,    1603936 total
- age   4:       5192 bytes,    1609128 total
- age   5:      12464 bytes,    1621592 total
- age   6:       8016 bytes,    1629608 total
- age   7:      10240 bytes,    1639848 total
- age   8:       5976 bytes,    1645824 total
: 89920K->1799K(109248K), 0.0063757 secs] 116037K->27924K(502464K), 0.0064863 secs] [Times: user=0.00 sys=0.00, real=0.01 secs] 
Heap after GC invocations=25 (full 1):
 par new generation   total 109248K, used 1799K [0x00000000e0000000, 0x00000000e8000000, 0x00000000e8000000)
  eden space 87424K,   0% used [0x00000000e0000000, 0x00000000e0000000, 0x00000000e5560000)
  from space 21824K,   8% used [0x00000000e6ab0000, 0x00000000e6c71ce8, 0x00000000e8000000)
  to   space 21824K,   0% used [0x00000000e5560000, 0x00000000e5560000, 0x00000000e6ab0000)
 concurrent mark-sweep generation total 393216K, used 26125K [0x00000000e8000000, 0x0000000100000000, 0x0000000100000000)
 Metaspace       used 35943K, capacity 36548K, committed 36888K, reserved 1081344K
  class space    used 4069K, capacity 4288K, committed 4376K, reserved 1048576K
}
2017-04-25T14:37:30.436+0800: 1578.986: Total time for which application threads were stopped: 0.0067269 seconds, Stopping threads took: 0.0000250 seconds
2017-04-25T14:37:30.666+0800: 1579.217: Total time for which application threads were stopped: 0.0001272 seconds, Stopping threads took: 0.0000237 seconds
2017-04-25T14:37:31.667+0800: 1580.217: Total time for which application threads were stopped: 0.0001905 seconds, Stopping threads took: 0.0000558 seconds
2017-04-25T14:37:35.670+0800: 1584.220: Total time for which application threads were stopped: 0.0001169 seconds, Stopping threads took: 0.0000272 seconds
2017-04-25T14:37:35.686+0800: 1584.237: Total time for which application threads were stopped: 0.0002392 seconds, Stopping threads took: 0.0000317 seconds
2017-04-25T14:37:36.687+0800: 1585.237: Total time for which application threads were stopped: 0.0001597 seconds, Stopping threads took: 0.0000353 seconds
2017-04-25T14:37:38.689+0800: 1587.239: Total time for which application threads were stopped: 0.0002976 seconds, Stopping threads took: 0.0000598 seconds
2017-04-25T14:37:39.690+0800: 1588.240: Total time for which application threads were stopped: 0.0001232 seconds, Stopping threads took: 0.0000268 seconds
2017-04-25T14:37:40.691+0800: 1589.241: Total time for which application threads were stopped: 0.0001611 seconds, Stopping threads took: 0.0000312 seconds
2017-04-25T14:37:41.214+0800: 1589.765: Total time for which application threads were stopped: 0.0002137 seconds, Stopping threads took: 0.0001102 seconds
2017-04-25T14:37:42.215+0800: 1590.765: Total time for which application threads were stopped: 0.0001745 seconds, Stopping threads took: 0.0000638 seconds
{Heap before GC invocations=25 (full 1):
 par new generation   total 109248K, used 89223K [0x00000000e0000000, 0x00000000e8000000, 0x00000000e8000000)
  eden space 87424K, 100% used [0x00000000e0000000, 0x00000000e5560000, 0x00000000e5560000)
  from space 21824K,   8% used [0x00000000e6ab0000, 0x00000000e6c71ce8, 0x00000000e8000000)
  to   space 21824K,   0% used [0x00000000e5560000, 0x00000000e5560000, 0x00000000e6ab0000)
 concurrent mark-sweep generation total 393216K, used 26125K [0x00000000e8000000, 0x0000000100000000, 0x0000000100000000)
 Metaspace       used 36010K, capacity 36612K, committed 36888K, reserved 1081344K
  class space    used 4069K, capacity 4288K, committed 4376K, reserved 1048576K
2017-04-25T14:37:42.305+0800: 1590.855: [GC (Allocation Failure) 2017-04-25T14:37:42.305+0800: 1590.855: [ParNew
Desired survivor size 20112992 bytes, new threshold 8 (max 8)
- age   1:    1055816 bytes,    1055816 total
- age   2:       6280 bytes,    1062096 total
- age   3:       4992 bytes,    1067088 total
- age   4:       6808 bytes,    1073896 total
- age   5:       4792 bytes,    1078688 total
- age   6:      12464 bytes,    1091152 total
- age   7:       8016 bytes,    1099168 total
- age   8:      10240 bytes,    1109408 total
: 89223K->1747K(109248K), 0.0061660 secs] 115348K->27879K(502464K), 0.0062530 secs] [Times: user=0.00 sys=0.00, real=0.01 secs] 
Heap after GC invocations=26 (full 1):
 par new generation   total 109248K, used 1747K [0x00000000e0000000, 0x00000000e8000000, 0x00000000e8000000)
  eden space 87424K,   0% used [0x00000000e0000000, 0x00000000e0000000, 0x00000000e5560000)
  from space 21824K,   8% used [0x00000000e5560000, 0x00000000e5714fe0, 0x00000000e6ab0000)
  to   space 21824K,   0% used [0x00000000e6ab0000, 0x00000000e6ab0000, 0x00000000e8000000)
 concurrent mark-sweep generation total 393216K, used 26131K [0x00000000e8000000, 0x0000000100000000, 0x0000000100000000)
 Metaspace       used 36010K, capacity 36612K, committed 36888K, reserved 1081344K
  class space    used 4069K, capacity 4288K, committed 4376K, reserved 1048576K
}
2017-04-25T14:37:42.312+0800: 1590.862: Total time for which application threads were stopped: 0.0064712 seconds, Stopping threads took: 0.0000277 seconds
2017-04-25T14:37:43.312+0800: 1591.862: Total time for which application threads were stopped: 0.0001307 seconds, Stopping threads took: 0.0000366 seconds
2017-04-25T14:37:44.313+0800: 1592.863: Total time for which application threads were stopped: 0.0001379 seconds, Stopping threads took: 0.0000308 seconds
2017-04-25T14:37:45.042+0800: 1593.593: Total time for which application threads were stopped: 0.0001647 seconds, Stopping threads took: 0.0000232 seconds
2017-04-25T14:37:45.067+0800: 1593.618: Total time for which application threads were stopped: 0.0001348 seconds, Stopping threads took: 0.0000290 seconds
2017-04-25T14:37:46.068+0800: 1594.618: Total time for which application threads were stopped: 0.0001566 seconds, Stopping threads took: 0.0000286 seconds
2017-04-25T14:37:51.070+0800: 1599.620: Total time for which application threads were stopped: 0.0001705 seconds, Stopping threads took: 0.0000513 seconds
2017-04-25T14:37:52.808+0800: 1601.358: Total time for which application threads were stopped: 0.0001611 seconds, Stopping threads took: 0.0000370 seconds
2017-04-25T14:37:53.808+0800: 1602.358: Total time for which application threads were stopped: 0.0002450 seconds, Stopping threads took: 0.0000589 seconds
2017-04-25T14:37:57.809+0800: 1606.359: Total time for which application threads were stopped: 0.0001696 seconds, Stopping threads took: 0.0000482 seconds
{Heap before GC invocations=26 (full 1):
 par new generation   total 109248K, used 89171K [0x00000000e0000000, 0x00000000e8000000, 0x00000000e8000000)
  eden space 87424K, 100% used [0x00000000e0000000, 0x00000000e5560000, 0x00000000e5560000)
  from space 21824K,   8% used [0x00000000e5560000, 0x00000000e5714fe0, 0x00000000e6ab0000)
  to   space 21824K,   0% used [0x00000000e6ab0000, 0x00000000e6ab0000, 0x00000000e8000000)
 concurrent mark-sweep generation total 393216K, used 26131K [0x00000000e8000000, 0x0000000100000000, 0x0000000100000000)
 Metaspace       used 36015K, capacity 36612K, committed 36888K, reserved 1081344K
  class space    used 4069K, capacity 4288K, committed 4376K, reserved 1048576K
2017-04-25T14:37:59.534+0800: 1608.085: [GC (Allocation Failure) 2017-04-25T14:37:59.534+0800: 1608.085: [ParNew
Desired survivor size 20112992 bytes, new threshold 8 (max 8)
- age   1:    1369024 bytes,    1369024 total
- age   2:      12472 bytes,    1381496 total
- age   3:       4600 bytes,    1386096 total
- age   4:       4880 bytes,    1390976 total
- age   5:       6376 bytes,    1397352 total
- age   6:       4792 bytes,    1402144 total
- age   7:      12464 bytes,    1414608 total
- age   8:       7984 bytes,    1422592 total
: 89171K->1510K(109248K), 0.0153814 secs] 115303K->27651K(502464K), 0.0155742 secs] [Times: user=0.02 sys=0.00, real=0.02 secs] 
Heap after GC invocations=27 (full 1):
 par new generation   total 109248K, used 1510K [0x00000000e0000000, 0x00000000e8000000, 0x00000000e8000000)
  eden space 87424K,   0% used [0x00000000e0000000, 0x00000000e0000000, 0x00000000e5560000)
  from space 21824K,   6% used [0x00000000e6ab0000, 0x00000000e6c29aa0, 0x00000000e8000000)
  to   space 21824K,   0% used [0x00000000e5560000, 0x00000000e5560000, 0x00000000e6ab0000)
 concurrent mark-sweep generation total 393216K, used 26141K [0x00000000e8000000, 0x0000000100000000, 0x0000000100000000)
 Metaspace       used 36015K, capacity 36612K, committed 36888K, reserved 1081344K
  class space    used 4069K, capacity 4288K, committed 4376K, reserved 1048576K
}
2017-04-25T14:37:59.550+0800: 1608.100: Total time for which application threads were stopped: 0.0161449 seconds, Stopping threads took: 0.0000437 seconds
2017-04-25T14:38:02.685+0800: 1611.236: Total time for which application threads were stopped: 0.0004538 seconds, Stopping threads took: 0.0000531 seconds
2017-04-25T14:38:02.687+0800: 1611.237: Total time for which application threads were stopped: 0.0004083 seconds, Stopping threads took: 0.0000455 seconds
2017-04-25T14:38:03.687+0800: 1612.237: Total time for which application threads were stopped: 0.0003052 seconds, Stopping threads took: 0.0000602 seconds
2017-04-25T14:38:04.687+0800: 1613.237: Total time for which application threads were stopped: 0.0001504 seconds, Stopping threads took: 0.0000625 seconds
2017-04-25T14:38:04.872+0800: 1613.422: Total time for which application threads were stopped: 0.0001830 seconds, Stopping threads took: 0.0000223 seconds
2017-04-25T14:38:05.872+0800: 1614.422: Total time for which application threads were stopped: 0.0001473 seconds, Stopping threads took: 0.0000370 seconds
2017-04-25T14:38:06.873+0800: 1615.423: Total time for which application threads were stopped: 0.0002454 seconds, Stopping threads took: 0.0000665 seconds
2017-04-25T14:38:07.123+0800: 1615.673: Total time for which application threads were stopped: 0.0001508 seconds, Stopping threads took: 0.0000268 seconds
{Heap before GC invocations=27 (full 1):
 par new generation   total 109248K, used 88858K [0x00000000e0000000, 0x00000000e8000000, 0x00000000e8000000)
  eden space 87424K,  99% used [0x00000000e0000000, 0x00000000e554d010, 0x00000000e5560000)
  from space 21824K,   6% used [0x00000000e6ab0000, 0x00000000e6c29aa0, 0x00000000e8000000)
  to   space 21824K,   0% used [0x00000000e5560000, 0x00000000e5560000, 0x00000000e6ab0000)
 concurrent mark-sweep generation total 393216K, used 26141K [0x00000000e8000000, 0x0000000100000000, 0x0000000100000000)
 Metaspace       used 36017K, capacity 36612K, committed 36888K, reserved 1081344K
  class space    used 4069K, capacity 4288K, committed 4376K, reserved 1048576K
2017-04-25T14:38:07.168+0800: 1615.718: [GC (Allocation Failure) 2017-04-25T14:38:07.168+0800: 1615.718: [ParNew
Desired survivor size 20112992 bytes, new threshold 8 (max 8)
- age   1:    1691624 bytes,    1691624 total
- age   2:      50456 bytes,    1742080 total
- age   3:       5240 bytes,    1747320 total
- age   4:       4600 bytes,    1751920 total
- age   5:       4768 bytes,    1756688 total
- age   6:       6376 bytes,    1763064 total
- age   7:       4760 bytes,    1767824 total
- age   8:      12464 bytes,    1780288 total
: 88858K->2043K(109248K), 0.0062463 secs] 114999K->28192K(502464K), 0.0063569 secs] [Times: user=0.01 sys=0.00, real=0.01 secs] 
Heap after GC invocations=28 (full 1):
 par new generation   total 109248K, used 2043K [0x00000000e0000000, 0x00000000e8000000, 0x00000000e8000000)
  eden space 87424K,   0% used [0x00000000e0000000, 0x00000000e0000000, 0x00000000e5560000)
  from space 21824K,   9% used [0x00000000e5560000, 0x00000000e575ee30, 0x00000000e6ab0000)
  to   space 21824K,   0% used [0x00000000e6ab0000, 0x00000000e6ab0000, 0x00000000e8000000)
 concurrent mark-sweep generation total 393216K, used 26148K [0x00000000e8000000, 0x0000000100000000, 0x0000000100000000)
 Metaspace       used 36017K, capacity 36612K, committed 36888K, reserved 1081344K
  class space    used 4069K, capacity 4288K, committed 4376K, reserved 1048576K
}
2017-04-25T14:38:07.174+0800: 1615.724: Total time for which application threads were stopped: 0.0066207 seconds, Stopping threads took: 0.0000317 seconds
2017-04-25T14:38:08.175+0800: 1616.725: Total time for which application threads were stopped: 0.0003195 seconds, Stopping threads took: 0.0000562 seconds
2017-04-25T14:38:09.117+0800: 1617.667: Total time for which application threads were stopped: 0.0002012 seconds, Stopping threads took: 0.0000442 seconds
2017-04-25T14:38:10.117+0800: 1618.668: Total time for which application threads were stopped: 0.0002236 seconds, Stopping threads took: 0.0000482 seconds
2017-04-25T14:38:11.117+0800: 1619.667: Total time for which application threads were stopped: 0.0001249 seconds, Stopping threads took: 0.0000295 seconds
2017-04-25T14:38:11.646+0800: 1620.197: Total time for which application threads were stopped: 0.0002517 seconds, Stopping threads took: 0.0000460 seconds
{Heap before GC invocations=28 (full 1):
 par new generation   total 109248K, used 89467K [0x00000000e0000000, 0x00000000e8000000, 0x00000000e8000000)
  eden space 87424K, 100% used [0x00000000e0000000, 0x00000000e5560000, 0x00000000e5560000)
  from space 21824K,   9% used [0x00000000e5560000, 0x00000000e575ee30, 0x00000000e6ab0000)
  to   space 21824K,   0% used [0x00000000e6ab0000, 0x00000000e6ab0000, 0x00000000e8000000)
 concurrent mark-sweep generation total 393216K, used 26148K [0x00000000e8000000, 0x0000000100000000, 0x0000000100000000)
 Metaspace       used 36047K, capacity 36676K, committed 36888K, reserved 1081344K
  class space    used 4069K, capacity 4288K, committed 4376K, reserved 1048576K
2017-04-25T14:38:14.073+0800: 1622.623: [GC (Allocation Failure) 2017-04-25T14:38:14.073+0800: 1622.623: [ParNew
Desired survivor size 20112992 bytes, new threshold 8 (max 8)
- age   1:    1428232 bytes,    1428232 total
- age   2:       8480 bytes,    1436712 total
- age   3:      49096 bytes,    1485808 total
- age   4:       5240 bytes,    1491048 total
- age   5:       4600 bytes,    1495648 total
- age   6:       4736 bytes,    1500384 total
- age   7:       6376 bytes,    1506760 total
- age   8:       4760 bytes,    1511520 total
: 89467K->2393K(109248K), 0.0065644 secs] 115616K->28554K(502464K), 0.0066684 secs] [Times: user=0.02 sys=0.00, real=0.01 secs] 
Heap after GC invocations=29 (full 1):
 par new generation   total 109248K, used 2393K [0x00000000e0000000, 0x00000000e8000000, 0x00000000e8000000)
  eden space 87424K,   0% used [0x00000000e0000000, 0x00000000e0000000, 0x00000000e5560000)
  from space 21824K,  10% used [0x00000000e6ab0000, 0x00000000e6d066f8, 0x00000000e8000000)
  to   space 21824K,   0% used [0x00000000e5560000, 0x00000000e5560000, 0x00000000e6ab0000)
 concurrent mark-sweep generation total 393216K, used 26161K [0x00000000e8000000, 0x0000000100000000, 0x0000000100000000)
 Metaspace       used 36047K, capacity 36676K, committed 36888K, reserved 1081344K
  class space    used 4069K, capacity 4288K, committed 4376K, reserved 1048576K
}
2017-04-25T14:38:14.080+0800: 1622.630: Total time for which application threads were stopped: 0.0069241 seconds, Stopping threads took: 0.0000219 seconds
2017-04-25T14:38:15.602+0800: 1624.152: Total time for which application threads were stopped: 0.0001669 seconds, Stopping threads took: 0.0000263 seconds
2017-04-25T14:38:16.602+0800: 1625.152: Total time for which application threads were stopped: 0.0001834 seconds, Stopping threads took: 0.0000504 seconds
2017-04-25T14:38:17.602+0800: 1626.152: Total time for which application threads were stopped: 0.0001606 seconds, Stopping threads took: 0.0000455 seconds
2017-04-25T14:38:17.684+0800: 1626.234: Total time for which application threads were stopped: 0.0002316 seconds, Stopping threads took: 0.0000406 seconds
2017-04-25T14:38:18.684+0800: 1627.234: Total time for which application threads were stopped: 0.0001780 seconds, Stopping threads took: 0.0000473 seconds
2017-04-25T14:38:19.748+0800: 1628.299: Total time for which application threads were stopped: 0.0001116 seconds, Stopping threads took: 0.0000228 seconds
{Heap before GC invocations=29 (full 1):
 par new generation   total 109248K, used 89817K [0x00000000e0000000, 0x00000000e8000000, 0x00000000e8000000)
  eden space 87424K, 100% used [0x00000000e0000000, 0x00000000e5560000, 0x00000000e5560000)
  from space 21824K,  10% used [0x00000000e6ab0000, 0x00000000e6d066f8, 0x00000000e8000000)
  to   space 21824K,   0% used [0x00000000e5560000, 0x00000000e5560000, 0x00000000e6ab0000)
 concurrent mark-sweep generation total 393216K, used 26161K [0x00000000e8000000, 0x0000000100000000, 0x0000000100000000)
 Metaspace       used 36065K, capacity 36676K, committed 36888K, reserved 1081344K
  class space    used 4069K, capacity 4288K, committed 4376K, reserved 1048576K
2017-04-25T14:38:19.754+0800: 1628.305: [GC (Allocation Failure) 2017-04-25T14:38:19.754+0800: 1628.305: [ParNew
Desired survivor size 20112992 bytes, new threshold 8 (max 8)
- age   1:    1463520 bytes,    1463520 total
- age   2:      22016 bytes,    1485536 total
- age   3:       6744 bytes,    1492280 total
- age   4:      49024 bytes,    1541304 total
- age   5:       5240 bytes,    1546544 total
- age   6:       4600 bytes,    1551144 total
- age   7:       4736 bytes,    1555880 total
- age   8:       6376 bytes,    1562256 total
: 89817K->1768K(109248K), 0.0066644 secs] 115978K->27933K(502464K), 0.0067818 secs] [Times: user=0.00 sys=0.00, real=0.01 secs] 
Heap after GC invocations=30 (full 1):
 par new generation   total 109248K, used 1768K [0x00000000e0000000, 0x00000000e8000000, 0x00000000e8000000)
  eden space 87424K,   0% used [0x00000000e0000000, 0x00000000e0000000, 0x00000000e5560000)
  from space 21824K,   8% used [0x00000000e5560000, 0x00000000e571a090, 0x00000000e6ab0000)
  to   space 21824K,   0% used [0x00000000e6ab0000, 0x00000000e6ab0000, 0x00000000e8000000)
 concurrent mark-sweep generation total 393216K, used 26165K [0x00000000e8000000, 0x0000000100000000, 0x0000000100000000)
 Metaspace       used 36065K, capacity 36676K, committed 36888K, reserved 1081344K
  class space    used 4069K, capacity 4288K, committed 4376K, reserved 1048576K
}
2017-04-25T14:38:19.761+0800: 1628.311: Total time for which application threads were stopped: 0.0070263 seconds, Stopping threads took: 0.0000250 seconds
2017-04-25T14:38:19.763+0800: 1628.313: Total time for which application threads were stopped: 0.0001348 seconds, Stopping threads took: 0.0000402 seconds
2017-04-25T14:38:20.763+0800: 1629.313: Total time for which application threads were stopped: 0.0001584 seconds, Stopping threads took: 0.0000509 seconds
2017-04-25T14:38:22.179+0800: 1630.729: Total time for which application threads were stopped: 0.0001415 seconds, Stopping threads took: 0.0000326 seconds
2017-04-25T14:38:23.179+0800: 1631.729: Total time for which application threads were stopped: 0.0001647 seconds, Stopping threads took: 0.0000473 seconds
2017-04-25T14:38:24.297+0800: 1632.847: Total time for which application threads were stopped: 0.0002606 seconds, Stopping threads took: 0.0000531 seconds
2017-04-25T14:38:25.297+0800: 1633.847: Total time for which application threads were stopped: 0.0001410 seconds, Stopping threads took: 0.0000348 seconds
2017-04-25T14:38:34.299+0800: 1642.849: Total time for which application threads were stopped: 0.0002352 seconds, Stopping threads took: 0.0000544 seconds
{Heap before GC invocations=30 (full 1):
 par new generation   total 109248K, used 89192K [0x00000000e0000000, 0x00000000e8000000, 0x00000000e8000000)
  eden space 87424K, 100% used [0x00000000e0000000, 0x00000000e5560000, 0x00000000e5560000)
  from space 21824K,   8% used [0x00000000e5560000, 0x00000000e571a090, 0x00000000e6ab0000)
  to   space 21824K,   0% used [0x00000000e6ab0000, 0x00000000e6ab0000, 0x00000000e8000000)
 concurrent mark-sweep generation total 393216K, used 26165K [0x00000000e8000000, 0x0000000100000000, 0x0000000100000000)
 Metaspace       used 36065K, capacity 36676K, committed 36888K, reserved 1081344K
  class space    used 4069K, capacity 4288K, committed 4376K, reserved 1048576K
2017-04-25T14:38:38.013+0800: 1646.563: [GC (Allocation Failure) 2017-04-25T14:38:38.013+0800: 1646.563: [ParNew
Desired survivor size 20112992 bytes, new threshold 8 (max 8)
- age   1:    1084968 bytes,    1084968 total
- age   2:      30560 bytes,    1115528 total
- age   3:       6560 bytes,    1122088 total
- age   4:       5992 bytes,    1128080 total
- age   5:      34272 bytes,    1162352 total
- age   6:       5240 bytes,    1167592 total
- age   7:       4600 bytes,    1172192 total
- age   8:       4704 bytes,    1176896 total
: 89192K->1712K(109248K), 0.0087768 secs] 115357K->27884K(502464K), 0.0088937 secs] [Times: user=0.05 sys=0.00, real=0.01 secs] 
Heap after GC invocations=31 (full 1):
 par new generation   total 109248K, used 1712K [0x00000000e0000000, 0x00000000e8000000, 0x00000000e8000000)
  eden space 87424K,   0% used [0x00000000e0000000, 0x00000000e0000000, 0x00000000e5560000)
  from space 21824K,   7% used [0x00000000e6ab0000, 0x00000000e6c5c2e0, 0x00000000e8000000)
  to   space 21824K,   0% used [0x00000000e5560000, 0x00000000e5560000, 0x00000000e6ab0000)
 concurrent mark-sweep generation total 393216K, used 26171K [0x00000000e8000000, 0x0000000100000000, 0x0000000100000000)
 Metaspace       used 36065K, capacity 36676K, committed 36888K, reserved 1081344K
  class space    used 4069K, capacity 4288K, committed 4376K, reserved 1048576K
}
2017-04-25T14:38:38.022+0800: 1646.572: Total time for which application threads were stopped: 0.0091561 seconds, Stopping threads took: 0.0000241 seconds
2017-04-25T14:38:39.023+0800: 1647.573: Total time for which application threads were stopped: 0.0002316 seconds, Stopping threads took: 0.0000500 seconds
2017-04-25T14:38:44.024+0800: 1652.574: Total time for which application threads were stopped: 0.0001397 seconds, Stopping threads took: 0.0000379 seconds
2017-04-25T14:38:45.447+0800: 1653.997: Total time for which application threads were stopped: 0.0002236 seconds, Stopping threads took: 0.0000263 seconds
2017-04-25T14:38:45.448+0800: 1653.998: Total time for which application threads were stopped: 0.0001499 seconds, Stopping threads took: 0.0000701 seconds
2017-04-25T14:38:45.448+0800: 1653.998: Total time for which application threads were stopped: 0.0001330 seconds, Stopping threads took: 0.0000710 seconds
2017-04-25T14:38:45.449+0800: 1653.999: Total time for which application threads were stopped: 0.0000879 seconds, Stopping threads took: 0.0000196 seconds
2017-04-25T14:38:45.449+0800: 1653.999: Total time for which application threads were stopped: 0.0000768 seconds, Stopping threads took: 0.0000165 seconds
2017-04-25T14:38:45.449+0800: 1653.999: Total time for which application threads were stopped: 0.0000839 seconds, Stopping threads took: 0.0000187 seconds
2017-04-25T14:38:45.450+0800: 1654.000: Total time for which application threads were stopped: 0.0000754 seconds, Stopping threads took: 0.0000170 seconds
2017-04-25T14:38:45.450+0800: 1654.000: Total time for which application threads were stopped: 0.0000629 seconds, Stopping threads took: 0.0000120 seconds
2017-04-25T14:38:46.450+0800: 1655.000: Total time for which application threads were stopped: 0.0001321 seconds, Stopping threads took: 0.0000353 seconds
2017-04-25T14:38:53.452+0800: 1662.002: Total time for which application threads were stopped: 0.0001861 seconds, Stopping threads took: 0.0000518 seconds
2017-04-25T14:39:06.456+0800: 1675.006: Total time for which application threads were stopped: 0.0002481 seconds, Stopping threads took: 0.0000607 seconds
2017-04-25T14:39:16.577+0800: 1685.127: Total time for which application threads were stopped: 0.0001013 seconds, Stopping threads took: 0.0000232 seconds
2017-04-25T14:39:17.577+0800: 1686.127: Total time for which application threads were stopped: 0.0001651 seconds, Stopping threads took: 0.0000540 seconds
2017-04-25T14:39:32.263+0800: 1700.814: Total time for which application threads were stopped: 0.0001129 seconds, Stopping threads took: 0.0000241 seconds
2017-04-25T14:39:33.263+0800: 1701.813: Total time for which application threads were stopped: 0.0001745 seconds, Stopping threads took: 0.0000455 seconds
2017-04-25T14:39:35.264+0800: 1703.814: Total time for which application threads were stopped: 0.0001495 seconds, Stopping threads took: 0.0000375 seconds
2017-04-25T14:41:10.628+0800: 1799.178: Total time for which application threads were stopped: 0.0001754 seconds, Stopping threads took: 0.0000415 seconds
2017-04-25T14:41:10.628+0800: 1799.178: Total time for which application threads were stopped: 0.0000830 seconds, Stopping threads took: 0.0000161 seconds
2017-04-25T14:41:10.630+0800: 1799.180: Total time for which application threads were stopped: 0.0002200 seconds, Stopping threads took: 0.0000348 seconds
2017-04-25T14:41:10.630+0800: 1799.180: Total time for which application threads were stopped: 0.0001049 seconds, Stopping threads took: 0.0000192 seconds
2017-04-25T14:41:10.631+0800: 1799.181: Total time for which application threads were stopped: 0.0001111 seconds, Stopping threads took: 0.0000201 seconds
2017-04-25T14:41:10.631+0800: 1799.181: Total time for which application threads were stopped: 0.0000973 seconds, Stopping threads took: 0.0000192 seconds
2017-04-25T14:41:10.632+0800: 1799.182: Total time for which application threads were stopped: 0.0001830 seconds, Stopping threads took: 0.0000241 seconds
2017-04-25T14:41:14.132+0800: 1802.682: Total time for which application threads were stopped: 0.0001227 seconds, Stopping threads took: 0.0000366 seconds
2017-04-25T14:41:25.105+0800: 1813.655: Total time for which application threads were stopped: 0.0001147 seconds, Stopping threads took: 0.0000237 seconds
2017-04-25T14:41:25.392+0800: 1813.942: Total time for which application threads were stopped: 0.0001740 seconds, Stopping threads took: 0.0000469 seconds
2017-04-25T14:41:25.916+0800: 1814.466: Total time for which application threads were stopped: 0.0001205 seconds, Stopping threads took: 0.0000254 seconds
2017-04-25T14:41:25.916+0800: 1814.466: Total time for which application threads were stopped: 0.0000799 seconds, Stopping threads took: 0.0000232 seconds
2017-04-25T14:41:47.476+0800: 1836.027: Total time for which application threads were stopped: 0.0001557 seconds, Stopping threads took: 0.0000402 seconds
2017-04-25T14:41:47.477+0800: 1836.027: Total time for which application threads were stopped: 0.0000910 seconds, Stopping threads took: 0.0000263 seconds
2017-04-25T14:41:47.477+0800: 1836.027: Total time for which application threads were stopped: 0.0000919 seconds, Stopping threads took: 0.0000241 seconds
2017-04-25T14:41:47.477+0800: 1836.028: Total time for which application threads were stopped: 0.0000799 seconds, Stopping threads took: 0.0000205 seconds
2017-04-25T14:41:47.478+0800: 1836.028: Total time for which application threads were stopped: 0.0000857 seconds, Stopping threads took: 0.0000152 seconds
2017-04-25T14:41:47.478+0800: 1836.028: Total time for which application threads were stopped: 0.0000522 seconds, Stopping threads took: 0.0000089 seconds
2017-04-25T14:41:48.478+0800: 1837.028: Total time for which application threads were stopped: 0.0001410 seconds, Stopping threads took: 0.0000442 seconds
2017-04-25T14:42:24.479+0800: 1873.029: Total time for which application threads were stopped: 0.0010245 seconds, Stopping threads took: 0.0000335 seconds
2017-04-25T14:42:25.479+0800: 1874.029: Total time for which application threads were stopped: 0.0001406 seconds, Stopping threads took: 0.0000353 seconds
2017-04-25T14:42:31.480+0800: 1880.030: Total time for which application threads were stopped: 0.0001138 seconds, Stopping threads took: 0.0000299 seconds
2017-04-25T14:42:40.062+0800: 1888.612: Total time for which application threads were stopped: 0.0001785 seconds, Stopping threads took: 0.0000460 seconds
2017-04-25T14:42:41.062+0800: 1889.613: Total time for which application threads were stopped: 0.0001861 seconds, Stopping threads took: 0.0000460 seconds
2017-04-25T14:42:57.735+0800: 1906.286: Total time for which application threads were stopped: 0.0001017 seconds, Stopping threads took: 0.0000232 seconds
2017-04-25T14:42:58.210+0800: 1906.760: Total time for which application threads were stopped: 0.0000973 seconds, Stopping threads took: 0.0000219 seconds
2017-04-25T14:42:58.218+0800: 1906.768: Total time for which application threads were stopped: 0.0001593 seconds, Stopping threads took: 0.0000308 seconds
2017-04-25T14:42:58.291+0800: 1906.841: Total time for which application threads were stopped: 0.0002481 seconds, Stopping threads took: 0.0000245 seconds
2017-04-25T14:42:59.292+0800: 1907.842: Total time for which application threads were stopped: 0.0001428 seconds, Stopping threads took: 0.0000321 seconds
2017-04-25T14:43:10.387+0800: 1918.937: Total time for which application threads were stopped: 0.0001107 seconds, Stopping threads took: 0.0000263 seconds
2017-04-25T14:43:11.137+0800: 1919.687: Total time for which application threads were stopped: 0.0002008 seconds, Stopping threads took: 0.0000433 seconds
2017-04-25T14:43:15.932+0800: 1924.482: Total time for which application threads were stopped: 0.0001638 seconds, Stopping threads took: 0.0000303 seconds
2017-04-25T14:43:15.932+0800: 1924.482: Total time for which application threads were stopped: 0.0000964 seconds, Stopping threads took: 0.0000196 seconds
2017-04-25T14:43:15.933+0800: 1924.483: Total time for which application threads were stopped: 0.0001102 seconds, Stopping threads took: 0.0000205 seconds
2017-04-25T14:43:15.934+0800: 1924.484: Total time for which application threads were stopped: 0.0001504 seconds, Stopping threads took: 0.0000593 seconds
2017-04-25T14:43:15.934+0800: 1924.484: Total time for which application threads were stopped: 0.0001058 seconds, Stopping threads took: 0.0000201 seconds
2017-04-25T14:43:16.934+0800: 1925.484: Total time for which application threads were stopped: 0.0001361 seconds, Stopping threads took: 0.0000643 seconds
2017-04-25T14:43:43.134+0800: 1951.684: Total time for which application threads were stopped: 0.0002958 seconds, Stopping threads took: 0.0000335 seconds
2017-04-25T14:43:43.134+0800: 1951.684: Total time for which application threads were stopped: 0.0002102 seconds, Stopping threads took: 0.0001597 seconds
2017-04-25T14:43:43.555+0800: 1952.106: Total time for which application threads were stopped: 0.0001700 seconds, Stopping threads took: 0.0000678 seconds
2017-04-25T14:43:44.556+0800: 1953.106: Total time for which application threads were stopped: 0.0001272 seconds, Stopping threads took: 0.0000303 seconds
2017-04-25T14:44:14.078+0800: 1982.628: Total time for which application threads were stopped: 0.0001138 seconds, Stopping threads took: 0.0000250 seconds
2017-04-25T14:44:14.079+0800: 1982.629: Total time for which application threads were stopped: 0.0000861 seconds, Stopping threads took: 0.0000143 seconds
2017-04-25T14:44:14.079+0800: 1982.629: Total time for which application threads were stopped: 0.0000495 seconds, Stopping threads took: 0.0000098 seconds
2017-04-25T14:44:14.079+0800: 1982.629: Total time for which application threads were stopped: 0.0000437 seconds, Stopping threads took: 0.0000076 seconds
2017-04-25T14:44:14.079+0800: 1982.629: Total time for which application threads were stopped: 0.0000580 seconds, Stopping threads took: 0.0000112 seconds
2017-04-25T14:44:14.080+0800: 1982.630: Total time for which application threads were stopped: 0.0000598 seconds, Stopping threads took: 0.0000094 seconds
2017-04-25T14:44:15.080+0800: 1983.630: Total time for which application threads were stopped: 0.0002195 seconds, Stopping threads took: 0.0000522 seconds
2017-04-25T14:44:29.209+0800: 1997.759: Total time for which application threads were stopped: 0.0002517 seconds, Stopping threads took: 0.0000656 seconds
2017-04-25T14:44:30.209+0800: 1998.759: Total time for which application threads were stopped: 0.0001267 seconds, Stopping threads took: 0.0000295 seconds
2017-04-25T14:44:51.215+0800: 2019.765: Total time for which application threads were stopped: 0.0001642 seconds, Stopping threads took: 0.0000361 seconds
2017-04-25T14:44:56.215+0800: 2024.765: Total time for which application threads were stopped: 0.0001397 seconds, Stopping threads took: 0.0000602 seconds
2017-04-25T14:46:54.257+0800: 2142.807: Total time for which application threads were stopped: 0.0001714 seconds, Stopping threads took: 0.0000656 seconds
2017-04-25T15:09:36.719+0800: 3505.269: Total time for which application threads were stopped: 0.0001803 seconds, Stopping threads took: 0.0000495 seconds
2017-04-25T15:24:44.032+0800: 4412.582: Total time for which application threads were stopped: 0.0002793 seconds, Stopping threads took: 0.0000741 seconds
2017-04-25T16:10:17.010+0800: 7145.560: Total time for which application threads were stopped: 0.0024815 seconds, Stopping threads took: 0.0011414 seconds
2017-04-25T16:11:52.041+0800: 7240.592: Total time for which application threads were stopped: 0.0003226 seconds, Stopping threads took: 0.0000759 seconds
2017-04-25T16:12:43.061+0800: 7291.611: Total time for which application threads were stopped: 0.0001852 seconds, Stopping threads took: 0.0000491 seconds
2017-04-25T17:20:39.760+0800: 11368.310: Total time for which application threads were stopped: 0.0012985 seconds, Stopping threads took: 0.0003900 seconds
2017-04-25T17:20:39.761+0800: 11368.311: Total time for which application threads were stopped: 0.0001508 seconds, Stopping threads took: 0.0000147 seconds
2017-04-25T17:20:39.764+0800: 11368.314: Total time for which application threads were stopped: 0.0000611 seconds, Stopping threads took: 0.0000120 seconds
2017-04-25T17:20:39.764+0800: 11368.314: Total time for which application threads were stopped: 0.0000411 seconds, Stopping threads took: 0.0000085 seconds
2017-04-25T17:20:39.770+0800: 11368.320: Total time for which application threads were stopped: 0.0001870 seconds, Stopping threads took: 0.0000250 seconds
2017-04-25T17:20:39.777+0800: 11368.327: Total time for which application threads were stopped: 0.0001615 seconds, Stopping threads took: 0.0000263 seconds
2017-04-25T17:20:39.812+0800: 11368.362: Total time for which application threads were stopped: 0.0002258 seconds, Stopping threads took: 0.0000250 seconds
2017-04-25T17:20:39.812+0800: 11368.362: Total time for which application threads were stopped: 0.0001089 seconds, Stopping threads took: 0.0000107 seconds
2017-04-25T17:20:39.813+0800: 11368.363: Total time for which application threads were stopped: 0.0000745 seconds, Stopping threads took: 0.0000089 seconds
2017-04-25T17:20:39.813+0800: 11368.363: Total time for which application threads were stopped: 0.0000727 seconds, Stopping threads took: 0.0000116 seconds
2017-04-25T17:20:39.822+0800: 11368.372: Total time for which application threads were stopped: 0.0002709 seconds, Stopping threads took: 0.0000620 seconds
2017-04-25T17:20:39.823+0800: 11368.373: Total time for which application threads were stopped: 0.0002213 seconds, Stopping threads took: 0.0000571 seconds
2017-04-25T17:20:39.984+0800: 11368.534: Total time for which application threads were stopped: 0.0001678 seconds, Stopping threads took: 0.0000245 seconds
2017-04-25T17:20:39.984+0800: 11368.534: Total time for which application threads were stopped: 0.0000553 seconds, Stopping threads took: 0.0000125 seconds
2017-04-25T17:20:39.985+0800: 11368.535: Total time for which application threads were stopped: 0.0001191 seconds, Stopping threads took: 0.0000544 seconds
2017-04-25T17:20:39.986+0800: 11368.536: Total time for which application threads were stopped: 0.0001852 seconds, Stopping threads took: 0.0000250 seconds
2017-04-25T17:20:40.056+0800: 11368.607: Total time for which application threads were stopped: 0.0001539 seconds, Stopping threads took: 0.0000321 seconds
2017-04-25T17:20:41.056+0800: 11369.607: Total time for which application threads were stopped: 0.0001602 seconds, Stopping threads took: 0.0000277 seconds
2017-04-25T17:21:13.068+0800: 11401.618: Total time for which application threads were stopped: 0.0001508 seconds, Stopping threads took: 0.0000535 seconds
2017-04-25T17:23:12.390+0800: 11528.978: Total time for which application threads were stopped: 0.0001896 seconds, Stopping threads took: 0.0000317 seconds
2017-04-25T17:23:12.391+0800: 11528.978: Total time for which application threads were stopped: 0.0000768 seconds, Stopping threads took: 0.0000120 seconds
2017-04-25T17:23:12.391+0800: 11528.978: Total time for which application threads were stopped: 0.0000585 seconds, Stopping threads took: 0.0000094 seconds
2017-04-25T17:23:12.391+0800: 11528.978: Total time for which application threads were stopped: 0.0000540 seconds, Stopping threads took: 0.0000089 seconds
2017-04-25T17:23:12.392+0800: 11528.980: Total time for which application threads were stopped: 0.0001183 seconds, Stopping threads took: 0.0000103 seconds
2017-04-25T17:23:12.393+0800: 11528.980: Total time for which application threads were stopped: 0.0000651 seconds, Stopping threads took: 0.0000120 seconds
2017-04-25T17:23:12.393+0800: 11528.981: Total time for which application threads were stopped: 0.0000910 seconds, Stopping threads took: 0.0000085 seconds
2017-04-25T17:23:12.393+0800: 11528.981: Total time for which application threads were stopped: 0.0000937 seconds, Stopping threads took: 0.0000156 seconds
2017-04-25T17:23:12.393+0800: 11528.981: Total time for which application threads were stopped: 0.0000562 seconds, Stopping threads took: 0.0000098 seconds
2017-04-25T17:23:19.518+0800: 11536.105: Total time for which application threads were stopped: 0.0001415 seconds, Stopping threads took: 0.0000303 seconds
2017-04-25T17:23:19.523+0800: 11536.111: Total time for which application threads were stopped: 0.0001995 seconds, Stopping threads took: 0.0000772 seconds
2017-04-25T17:23:19.525+0800: 11536.112: Total time for which application threads were stopped: 0.0000745 seconds, Stopping threads took: 0.0000245 seconds
2017-04-25T17:23:19.550+0800: 11536.138: Total time for which application threads were stopped: 0.0001191 seconds, Stopping threads took: 0.0000210 seconds
2017-04-25T17:23:19.550+0800: 11536.138: Total time for which application threads were stopped: 0.0000754 seconds, Stopping threads took: 0.0000178 seconds
2017-04-25T17:23:19.551+0800: 11536.138: Total time for which application threads were stopped: 0.0001120 seconds, Stopping threads took: 0.0000451 seconds
2017-04-25T17:23:20.763+0800: 11537.351: [GC (CMS Initial Mark) [1 CMS-initial-mark: 26171K(393216K)] 82251K(502464K), 0.0449560 secs] [Times: user=0.05 sys=0.14, real=0.05 secs] 
2017-04-25T17:23:20.808+0800: 11537.396: Total time for which application threads were stopped: 0.0451858 seconds, Stopping threads took: 0.0000464 seconds
2017-04-25T17:23:20.808+0800: 11537.396: [CMS-concurrent-mark-start]
2017-04-25T17:23:20.866+0800: 11537.453: [CMS-concurrent-mark: 0.057/0.057 secs] [Times: user=0.05 sys=0.02, real=0.06 secs] 
2017-04-25T17:23:20.866+0800: 11537.453: [CMS-concurrent-preclean-start]
2017-04-25T17:23:20.868+0800: 11537.456: [CMS-concurrent-preclean: 0.002/0.002 secs] [Times: user=0.00 sys=0.00, real=0.00 secs] 
2017-04-25T17:23:20.868+0800: 11537.456: [CMS-concurrent-abortable-preclean-start]
 CMS: abort preclean due to time 2017-04-25T17:23:26.882+0800: 11543.470: [CMS-concurrent-abortable-preclean: 0.410/6.014 secs] [Times: user=0.44 sys=0.00, real=6.01 secs] 
2017-04-25T17:23:26.883+0800: 11543.471: [GC (CMS Final Remark) [YG occupancy: 56081 K (109248 K)]{Heap before GC invocations=31 (full 2):
 par new generation   total 109248K, used 56081K [0x00000000e0000000, 0x00000000e8000000, 0x00000000e8000000)
  eden space 87424K,  62% used [0x00000000e0000000, 0x00000000e3518500, 0x00000000e5560000)
  from space 21824K,   7% used [0x00000000e6ab0000, 0x00000000e6c5c2e0, 0x00000000e8000000)
  to   space 21824K,   0% used [0x00000000e5560000, 0x00000000e5560000, 0x00000000e6ab0000)
 concurrent mark-sweep generation total 393216K, used 26171K [0x00000000e8000000, 0x0000000100000000, 0x0000000100000000)
 Metaspace       used 36340K, capacity 37012K, committed 37360K, reserved 1083392K
  class space    used 4097K, capacity 4360K, committed 4376K, reserved 1048576K
2017-04-25T17:23:26.883+0800: 11543.471: [GC (CMS Final Remark) 2017-04-25T17:23:26.883+0800: 11543.471: [ParNew
Desired survivor size 20112992 bytes, new threshold 8 (max 8)
- age   1:    1874136 bytes,    1874136 total
- age   2:      13424 bytes,    1887560 total
- age   3:       4384 bytes,    1891944 total
- age   4:       6416 bytes,    1898360 total
- age   5:       5480 bytes,    1903840 total
- age   6:      17680 bytes,    1921520 total
- age   7:       5240 bytes,    1926760 total
- age   8:       4600 bytes,    1931360 total
: 56081K->2136K(109248K), 0.0157531 secs] 82253K->28312K(502464K), 0.0158839 secs] [Times: user=0.02 sys=0.01, real=0.02 secs] 
Heap after GC invocations=32 (full 2):
 par new generation   total 109248K, used 2136K [0x00000000e0000000, 0x00000000e8000000, 0x00000000e8000000)
  eden space 87424K,   0% used [0x00000000e0000000, 0x00000000e0000000, 0x00000000e5560000)
  from space 21824K,   9% used [0x00000000e5560000, 0x00000000e5776180, 0x00000000e6ab0000)
  to   space 21824K,   0% used [0x00000000e6ab0000, 0x00000000e6ab0000, 0x00000000e8000000)
 concurrent mark-sweep generation total 393216K, used 26176K [0x00000000e8000000, 0x0000000100000000, 0x0000000100000000)
 Metaspace       used 36340K, capacity 37012K, committed 37360K, reserved 1083392K
  class space    used 4097K, capacity 4360K, committed 4376K, reserved 1048576K
}
2017-04-25T17:23:26.899+0800: 11543.487: [Rescan (parallel) , 0.0013266 secs]2017-04-25T17:23:26.901+0800: 11543.488: [weak refs processing, 0.0005359 secs]2017-04-25T17:23:26.901+0800: 11543.489: [class unloading, 0.0457570 secs]2017-04-25T17:23:26.947+0800: 11543.535: [scrub symbol table, 0.0168825 secs]2017-04-25T17:23:26.964+0800: 11543.552: [scrub string table, 0.0008059 secs][1 CMS-remark: 26176K(393216K)] 28312K(502464K), 0.0834894 secs] [Times: user=0.11 sys=0.05, real=0.08 secs] 
2017-04-25T17:23:26.967+0800: 11543.554: Total time for which application threads were stopped: 0.0838348 seconds, Stopping threads took: 0.0000571 seconds
2017-04-25T17:23:26.967+0800: 11543.554: [CMS-concurrent-sweep-start]
2017-04-25T17:23:26.979+0800: 11543.566: [CMS-concurrent-sweep: 0.012/0.012 secs] [Times: user=0.01 sys=0.00, real=0.01 secs] 
2017-04-25T17:23:26.979+0800: 11543.567: [CMS-concurrent-reset-start]
2017-04-25T17:23:26.980+0800: 11543.568: [CMS-concurrent-reset: 0.002/0.002 secs] [Times: user=0.00 sys=0.00, real=0.00 secs] 
2017-04-25T17:23:27.967+0800: 11544.555: Total time for which application threads were stopped: 0.0004703 seconds, Stopping threads took: 0.0000531 seconds
2017-04-25T17:23:33.970+0800: 11550.557: Total time for which application threads were stopped: 0.0002593 seconds, Stopping threads took: 0.0000477 seconds
2017-04-25T17:23:49.828+0800: 11566.416: Total time for which application threads were stopped: 0.0002628 seconds, Stopping threads took: 0.0001089 seconds
2017-04-25T17:23:49.829+0800: 11566.416: Total time for which application threads were stopped: 0.0001553 seconds, Stopping threads took: 0.0000776 seconds
2017-04-25T17:23:49.829+0800: 11566.417: Total time for which application threads were stopped: 0.0001013 seconds, Stopping threads took: 0.0000312 seconds
2017-04-25T17:23:49.830+0800: 11566.417: Total time for which application threads were stopped: 0.0001307 seconds, Stopping threads took: 0.0000321 seconds
2017-04-25T17:23:49.830+0800: 11566.418: Total time for which application threads were stopped: 0.0002294 seconds, Stopping threads took: 0.0000736 seconds
2017-04-25T17:23:49.831+0800: 11566.419: Total time for which application threads were stopped: 0.0001120 seconds, Stopping threads took: 0.0000205 seconds
2017-04-25T17:23:49.831+0800: 11566.419: Total time for which application threads were stopped: 0.0001423 seconds, Stopping threads took: 0.0000339 seconds
2017-04-25T17:23:49.832+0800: 11566.419: Total time for which application threads were stopped: 0.0001214 seconds, Stopping threads took: 0.0000469 seconds
2017-04-25T17:23:49.832+0800: 11566.420: Total time for which application threads were stopped: 0.0001111 seconds, Stopping threads took: 0.0000245 seconds
2017-04-25T17:23:49.832+0800: 11566.420: Total time for which application threads were stopped: 0.0000937 seconds, Stopping threads took: 0.0000174 seconds
2017-04-25T17:23:49.833+0800: 11566.421: Total time for which application threads were stopped: 0.0001995 seconds, Stopping threads took: 0.0000482 seconds
2017-04-25T17:23:49.834+0800: 11566.421: Total time for which application threads were stopped: 0.0001843 seconds, Stopping threads took: 0.0000183 seconds
2017-04-25T17:23:49.836+0800: 11566.423: Total time for which application threads were stopped: 0.0003083 seconds, Stopping threads took: 0.0000303 seconds
2017-04-25T17:23:49.837+0800: 11566.425: Total time for which application threads were stopped: 0.0002008 seconds, Stopping threads took: 0.0000223 seconds
2017-04-25T17:23:49.838+0800: 11566.425: Total time for which application threads were stopped: 0.0001423 seconds, Stopping threads took: 0.0000228 seconds
2017-04-25T17:23:49.838+0800: 11566.425: Total time for which application threads were stopped: 0.0001249 seconds, Stopping threads took: 0.0000223 seconds
2017-04-25T17:23:49.844+0800: 11566.432: Total time for which application threads were stopped: 0.0002450 seconds, Stopping threads took: 0.0000861 seconds
2017-04-25T17:23:49.845+0800: 11566.432: Total time for which application threads were stopped: 0.0001098 seconds, Stopping threads took: 0.0000201 seconds
2017-04-25T17:23:49.846+0800: 11566.433: Total time for which application threads were stopped: 0.0001620 seconds, Stopping threads took: 0.0000607 seconds
2017-04-25T17:23:49.847+0800: 11566.434: Total time for which application threads were stopped: 0.0002932 seconds, Stopping threads took: 0.0000477 seconds
2017-04-25T17:23:50.847+0800: 11567.435: Total time for which application threads were stopped: 0.0002111 seconds, Stopping threads took: 0.0000509 seconds
2017-04-25T17:23:52.784+0800: 11569.371: Total time for which application threads were stopped: 0.0001410 seconds, Stopping threads took: 0.0000482 seconds
2017-04-25T17:23:52.784+0800: 11569.371: Total time for which application threads were stopped: 0.0000848 seconds, Stopping threads took: 0.0000232 seconds
2017-04-25T17:23:52.784+0800: 11569.371: Total time for which application threads were stopped: 0.0000723 seconds, Stopping threads took: 0.0000281 seconds
2017-04-25T17:23:52.784+0800: 11569.371: Total time for which application threads were stopped: 0.0000794 seconds, Stopping threads took: 0.0000143 seconds
2017-04-25T17:23:52.784+0800: 11569.372: Total time for which application threads were stopped: 0.0000602 seconds, Stopping threads took: 0.0000205 seconds
2017-04-25T17:23:52.784+0800: 11569.372: Total time for which application threads were stopped: 0.0000486 seconds, Stopping threads took: 0.0000112 seconds
2017-04-25T17:23:52.784+0800: 11569.372: Total time for which application threads were stopped: 0.0000504 seconds, Stopping threads took: 0.0000134 seconds
2017-04-25T17:23:55.785+0800: 11572.372: Total time for which application threads were stopped: 0.0002441 seconds, Stopping threads took: 0.0000549 seconds
2017-04-25T17:23:56.785+0800: 11573.372: Total time for which application threads were stopped: 0.0001321 seconds, Stopping threads took: 0.0000281 seconds
2017-04-25T17:24:02.787+0800: 11579.374: Total time for which application threads were stopped: 0.0001473 seconds, Stopping threads took: 0.0000353 seconds
2017-04-25T17:24:17.646+0800: 11594.233: Total time for which application threads were stopped: 0.0001856 seconds, Stopping threads took: 0.0000299 seconds
2017-04-25T17:24:17.647+0800: 11594.234: Total time for which application threads were stopped: 0.0001401 seconds, Stopping threads took: 0.0000187 seconds
2017-04-25T17:24:17.649+0800: 11594.237: Total time for which application threads were stopped: 0.0002070 seconds, Stopping threads took: 0.0000268 seconds
2017-04-25T17:24:17.652+0800: 11594.239: Total time for which application threads were stopped: 0.0001566 seconds, Stopping threads took: 0.0000272 seconds
2017-04-25T17:24:17.652+0800: 11594.240: Total time for which application threads were stopped: 0.0001022 seconds, Stopping threads took: 0.0000317 seconds
2017-04-25T17:24:19.652+0800: 11596.240: Total time for which application threads were stopped: 0.0001513 seconds, Stopping threads took: 0.0000308 seconds
2017-04-25T17:24:32.659+0800: 11609.246: Total time for which application threads were stopped: 0.0003659 seconds, Stopping threads took: 0.0000660 seconds
2017-04-25T17:24:33.659+0800: 11610.246: Total time for which application threads were stopped: 0.0001343 seconds, Stopping threads took: 0.0000464 seconds
2017-04-25T17:24:35.006+0800: 11611.594: Total time for which application threads were stopped: 0.0001312 seconds, Stopping threads took: 0.0000286 seconds
2017-04-25T17:24:35.007+0800: 11611.595: Total time for which application threads were stopped: 0.0001361 seconds, Stopping threads took: 0.0000174 seconds
2017-04-25T17:24:36.007+0800: 11612.595: Total time for which application threads were stopped: 0.0002923 seconds, Stopping threads took: 0.0000366 seconds
2017-04-25T17:24:36.595+0800: 11613.182: Total time for which application threads were stopped: 0.0002405 seconds, Stopping threads took: 0.0000295 seconds
2017-04-25T17:24:37.595+0800: 11614.183: Total time for which application threads were stopped: 0.0002758 seconds, Stopping threads took: 0.0000312 seconds
2017-04-25T17:24:38.297+0800: 11614.884: Total time for which application threads were stopped: 0.0001508 seconds, Stopping threads took: 0.0000295 seconds
2017-04-25T17:24:38.297+0800: 11614.884: Total time for which application threads were stopped: 0.0001232 seconds, Stopping threads took: 0.0000112 seconds
2017-04-25T17:24:39.297+0800: 11615.885: Total time for which application threads were stopped: 0.0001495 seconds, Stopping threads took: 0.0000277 seconds
{Heap before GC invocations=32 (full 2):
 par new generation   total 109248K, used 89560K [0x00000000e0000000, 0x00000000e8000000, 0x00000000e8000000)
  eden space 87424K, 100% used [0x00000000e0000000, 0x00000000e5560000, 0x00000000e5560000)
  from space 21824K,   9% used [0x00000000e5560000, 0x00000000e5776180, 0x00000000e6ab0000)
  to   space 21824K,   0% used [0x00000000e6ab0000, 0x00000000e6ab0000, 0x00000000e8000000)
 concurrent mark-sweep generation total 393216K, used 23946K [0x00000000e8000000, 0x0000000100000000, 0x0000000100000000)
 Metaspace       used 36380K, capacity 36960K, committed 37360K, reserved 1083392K
  class space    used 4075K, capacity 4314K, committed 4376K, reserved 1048576K
2017-04-25T17:24:39.553+0800: 11616.140: [GC (Allocation Failure) 2017-04-25T17:24:39.553+0800: 11616.140: [ParNew
Desired survivor size 20112992 bytes, new threshold 8 (max 8)
- age   1:    1734784 bytes,    1734784 total
- age   2:    1512336 bytes,    3247120 total
- age   3:      12464 bytes,    3259584 total
- age   4:       4240 bytes,    3263824 total
- age   5:       6368 bytes,    3270192 total
- age   6:       5408 bytes,    3275600 total
- age   7:      17128 bytes,    3292728 total
- age   8:       5240 bytes,    3297968 total
: 89560K->3590K(109248K), 0.0046350 secs] 113506K->27541K(502464K), 0.0047340 secs] [Times: user=0.03 sys=0.02, real=0.01 secs] 
Heap after GC invocations=33 (full 2):
 par new generation   total 109248K, used 3590K [0x00000000e0000000, 0x00000000e8000000, 0x00000000e8000000)
  eden space 87424K,   0% used [0x00000000e0000000, 0x00000000e0000000, 0x00000000e5560000)
  from space 21824K,  16% used [0x00000000e6ab0000, 0x00000000e6e31a98, 0x00000000e8000000)
  to   space 21824K,   0% used [0x00000000e5560000, 0x00000000e5560000, 0x00000000e6ab0000)
 concurrent mark-sweep generation total 393216K, used 23950K [0x00000000e8000000, 0x0000000100000000, 0x0000000100000000)
 Metaspace       used 36380K, capacity 36960K, committed 37360K, reserved 1083392K
  class space    used 4075K, capacity 4314K, committed 4376K, reserved 1048576K
}
2017-04-25T17:24:39.558+0800: 11616.145: Total time for which application threads were stopped: 0.0050455 seconds, Stopping threads took: 0.0000232 seconds
2017-04-25T17:24:40.036+0800: 11616.623: Total time for which application threads were stopped: 0.0001879 seconds, Stopping threads took: 0.0000295 seconds
2017-04-25T17:24:41.036+0800: 11617.624: Total time for which application threads were stopped: 0.0002713 seconds, Stopping threads took: 0.0000625 seconds
2017-04-25T17:24:41.927+0800: 11618.515: Total time for which application threads were stopped: 0.0002102 seconds, Stopping threads took: 0.0000335 seconds
2017-04-25T17:24:42.928+0800: 11619.516: Total time for which application threads were stopped: 0.0002432 seconds, Stopping threads took: 0.0000531 seconds
2017-04-25T17:24:43.753+0800: 11620.340: Total time for which application threads were stopped: 0.0004726 seconds, Stopping threads took: 0.0000558 seconds
{Heap before GC invocations=33 (full 2):
 par new generation   total 109248K, used 91014K [0x00000000e0000000, 0x00000000e8000000, 0x00000000e8000000)
  eden space 87424K, 100% used [0x00000000e0000000, 0x00000000e5560000, 0x00000000e5560000)
  from space 21824K,  16% used [0x00000000e6ab0000, 0x00000000e6e31a98, 0x00000000e8000000)
  to   space 21824K,   0% used [0x00000000e5560000, 0x00000000e5560000, 0x00000000e6ab0000)
 concurrent mark-sweep generation total 393216K, used 23950K [0x00000000e8000000, 0x0000000100000000, 0x0000000100000000)
 Metaspace       used 36380K, capacity 36960K, committed 37360K, reserved 1083392K
  class space    used 4075K, capacity 4314K, committed 4376K, reserved 1048576K
2017-04-25T17:24:44.171+0800: 11620.758: [GC (Allocation Failure) 2017-04-25T17:24:44.171+0800: 11620.758: [ParNew
Desired survivor size 20112992 bytes, new threshold 8 (max 8)
- age   1:    1502768 bytes,    1502768 total
- age   2:     188400 bytes,    1691168 total
- age   3:    1511520 bytes,    3202688 total
- age   4:      12464 bytes,    3215152 total
- age   5:       4240 bytes,    3219392 total
- age   6:       6368 bytes,    3225760 total
- age   7:       5408 bytes,    3231168 total
- age   8:      17128 bytes,    3248296 total
: 91014K->4318K(109248K), 0.0045564 secs] 114965K->28274K(502464K), 0.0046649 secs] [Times: user=0.00 sys=0.00, real=0.00 secs] 
Heap after GC invocations=34 (full 2):
 par new generation   total 109248K, used 4318K [0x00000000e0000000, 0x00000000e8000000, 0x00000000e8000000)
  eden space 87424K,   0% used [0x00000000e0000000, 0x00000000e0000000, 0x00000000e5560000)
  from space 21824K,  19% used [0x00000000e5560000, 0x00000000e5997bb8, 0x00000000e6ab0000)
  to   space 21824K,   0% used [0x00000000e6ab0000, 0x00000000e6ab0000, 0x00000000e8000000)
 concurrent mark-sweep generation total 393216K, used 23955K [0x00000000e8000000, 0x0000000100000000, 0x0000000100000000)
 Metaspace       used 36380K, capacity 36960K, committed 37360K, reserved 1083392K
  class space    used 4075K, capacity 4314K, committed 4376K, reserved 1048576K
}
2017-04-25T17:24:44.175+0800: 11620.763: Total time for which application threads were stopped: 0.0049138 seconds, Stopping threads took: 0.0000277 seconds
2017-04-25T17:24:45.226+0800: 11621.813: Total time for which application threads were stopped: 0.0001722 seconds, Stopping threads took: 0.0000357 seconds
2017-04-25T17:24:45.226+0800: 11621.813: Total time for which application threads were stopped: 0.0001227 seconds, Stopping threads took: 0.0000232 seconds
2017-04-25T17:24:46.226+0800: 11622.814: Total time for which application threads were stopped: 0.0002633 seconds, Stopping threads took: 0.0000625 seconds
2017-04-25T17:24:47.583+0800: 11624.170: Total time for which application threads were stopped: 0.0005386 seconds, Stopping threads took: 0.0000647 seconds
2017-04-25T17:24:48.583+0800: 11625.170: Total time for which application threads were stopped: 0.0002084 seconds, Stopping threads took: 0.0000460 seconds
{Heap before GC invocations=34 (full 2):
 par new generation   total 109248K, used 91742K [0x00000000e0000000, 0x00000000e8000000, 0x00000000e8000000)
  eden space 87424K, 100% used [0x00000000e0000000, 0x00000000e5560000, 0x00000000e5560000)
  from space 21824K,  19% used [0x00000000e5560000, 0x00000000e5997bb8, 0x00000000e6ab0000)
  to   space 21824K,   0% used [0x00000000e6ab0000, 0x00000000e6ab0000, 0x00000000e8000000)
 concurrent mark-sweep generation total 393216K, used 23955K [0x00000000e8000000, 0x0000000100000000, 0x0000000100000000)
 Metaspace       used 36382K, capacity 36960K, committed 37360K, reserved 1083392K
  class space    used 4075K, capacity 4314K, committed 4376K, reserved 1048576K
2017-04-25T17:24:49.100+0800: 11625.687: [GC (Allocation Failure) 2017-04-25T17:24:49.100+0800: 11625.687: [ParNew
Desired survivor size 20112992 bytes, new threshold 8 (max 8)
- age   1:    1293216 bytes,    1293216 total
- age   2:      12880 bytes,    1306096 total
- age   3:     172008 bytes,    1478104 total
- age   4:    1511120 bytes,    2989224 total
- age   5:      12464 bytes,    3001688 total
- age   6:       4240 bytes,    3005928 total
- age   7:       6368 bytes,    3012296 total
- age   8:       5408 bytes,    3017704 total
: 91742K->4066K(109248K), 0.0051548 secs] 115698K->28038K(502464K), 0.0052856 secs] [Times: user=0.01 sys=0.00, real=0.01 secs] 
Heap after GC invocations=35 (full 2):
 par new generation   total 109248K, used 4066K [0x00000000e0000000, 0x00000000e8000000, 0x00000000e8000000)
  eden space 87424K,   0% used [0x00000000e0000000, 0x00000000e0000000, 0x00000000e5560000)
  from space 21824K,  18% used [0x00000000e6ab0000, 0x00000000e6ea8880, 0x00000000e8000000)
  to   space 21824K,   0% used [0x00000000e5560000, 0x00000000e5560000, 0x00000000e6ab0000)
 concurrent mark-sweep generation total 393216K, used 23972K [0x00000000e8000000, 0x0000000100000000, 0x0000000100000000)
 Metaspace       used 36382K, capacity 36960K, committed 37360K, reserved 1083392K
  class space    used 4075K, capacity 4314K, committed 4376K, reserved 1048576K
}
2017-04-25T17:24:49.105+0800: 11625.693: Total time for which application threads were stopped: 0.0056394 seconds, Stopping threads took: 0.0000263 seconds
2017-04-25T17:24:49.239+0800: 11625.827: Total time for which application threads were stopped: 0.0001758 seconds, Stopping threads took: 0.0000384 seconds
2017-04-25T17:24:50.239+0800: 11626.827: Total time for which application threads were stopped: 0.0001807 seconds, Stopping threads took: 0.0000460 seconds
2017-04-25T17:24:50.838+0800: 11627.425: Total time for which application threads were stopped: 0.0002610 seconds, Stopping threads took: 0.0000491 seconds
2017-04-25T17:24:51.838+0800: 11628.426: Total time for which application threads were stopped: 0.0002651 seconds, Stopping threads took: 0.0000531 seconds
2017-04-25T17:24:52.741+0800: 11629.328: Total time for which application threads were stopped: 0.0001910 seconds, Stopping threads took: 0.0000312 seconds
{Heap before GC invocations=35 (full 2):
 par new generation   total 109248K, used 91490K [0x00000000e0000000, 0x00000000e8000000, 0x00000000e8000000)
  eden space 87424K, 100% used [0x00000000e0000000, 0x00000000e5560000, 0x00000000e5560000)
  from space 21824K,  18% used [0x00000000e6ab0000, 0x00000000e6ea8880, 0x00000000e8000000)
  to   space 21824K,   0% used [0x00000000e5560000, 0x00000000e5560000, 0x00000000e6ab0000)
 concurrent mark-sweep generation total 393216K, used 23972K [0x00000000e8000000, 0x0000000100000000, 0x0000000100000000)
 Metaspace       used 36384K, capacity 36960K, committed 37360K, reserved 1083392K
  class space    used 4075K, capacity 4314K, committed 4376K, reserved 1048576K
2017-04-25T17:24:53.661+0800: 11630.248: [GC (Allocation Failure) 2017-04-25T17:24:53.661+0800: 11630.249: [ParNew
Desired survivor size 20112992 bytes, new threshold 8 (max 8)
- age   1:    1457864 bytes,    1457864 total
- age   2:      12608 bytes,    1470472 total
- age   3:       6536 bytes,    1477008 total
- age   4:     171072 bytes,    1648080 total
- age   5:    1496712 bytes,    3144792 total
- age   6:      12464 bytes,    3157256 total
- age   7:       4240 bytes,    3161496 total
- age   8:       6368 bytes,    3167864 total
: 91490K->3327K(109248K), 0.0085314 secs] 115462K->27305K(502464K), 0.0087652 secs] [Times: user=0.05 sys=0.00, real=0.01 secs] 
Heap after GC invocations=36 (full 2):
 par new generation   total 109248K, used 3327K [0x00000000e0000000, 0x00000000e8000000, 0x00000000e8000000)
  eden space 87424K,   0% used [0x00000000e0000000, 0x00000000e0000000, 0x00000000e5560000)
  from space 21824K,  15% used [0x00000000e5560000, 0x00000000e589fee8, 0x00000000e6ab0000)
  to   space 21824K,   0% used [0x00000000e6ab0000, 0x00000000e6ab0000, 0x00000000e8000000)
 concurrent mark-sweep generation total 393216K, used 23978K [0x00000000e8000000, 0x0000000100000000, 0x0000000100000000)
 Metaspace       used 36384K, capacity 36960K, committed 37360K, reserved 1083392K
  class space    used 4075K, capacity 4314K, committed 4376K, reserved 1048576K
}
2017-04-25T17:24:53.670+0800: 11630.257: Total time for which application threads were stopped: 0.0095983 seconds, Stopping threads took: 0.0000509 seconds
2017-04-25T17:24:54.677+0800: 11631.264: Total time for which application threads were stopped: 0.0001709 seconds, Stopping threads took: 0.0000330 seconds
2017-04-25T17:24:56.677+0800: 11633.265: Total time for which application threads were stopped: 0.0002427 seconds, Stopping threads took: 0.0000602 seconds
2017-04-25T17:24:56.880+0800: 11633.468: Total time for which application threads were stopped: 0.0001749 seconds, Stopping threads took: 0.0000299 seconds
2017-04-25T17:24:57.880+0800: 11634.468: Total time for which application threads were stopped: 0.0001687 seconds, Stopping threads took: 0.0000384 seconds
{Heap before GC invocations=36 (full 2):
 par new generation   total 109248K, used 90751K [0x00000000e0000000, 0x00000000e8000000, 0x00000000e8000000)
  eden space 87424K, 100% used [0x00000000e0000000, 0x00000000e5560000, 0x00000000e5560000)
  from space 21824K,  15% used [0x00000000e5560000, 0x00000000e589fee8, 0x00000000e6ab0000)
  to   space 21824K,   0% used [0x00000000e6ab0000, 0x00000000e6ab0000, 0x00000000e8000000)
 concurrent mark-sweep generation total 393216K, used 23978K [0x00000000e8000000, 0x0000000100000000, 0x0000000100000000)
 Metaspace       used 36384K, capacity 36960K, committed 37360K, reserved 1083392K
  class space    used 4075K, capacity 4314K, committed 4376K, reserved 1048576K
2017-04-25T17:24:58.804+0800: 11635.392: [GC (Allocation Failure) 2017-04-25T17:24:58.805+0800: 11635.392: [ParNew
Desired survivor size 20112992 bytes, new threshold 8 (max 8)
- age   1:    1577576 bytes,    1577576 total
- age   2:      11984 bytes,    1589560 total
- age   3:      11792 bytes,    1601352 total
- age   4:       4952 bytes,    1606304 total
- age   5:     170784 bytes,    1777088 total
- age   6:    1496624 bytes,    3273712 total
- age   7:      12464 bytes,    3286176 total
- age   8:       4240 bytes,    3290416 total
: 90751K->4526K(109248K), 0.0061423 secs] 114729K->28511K(502464K), 0.0062780 secs] [Times: user=0.05 sys=0.00, real=0.01 secs] 
Heap after GC invocations=37 (full 2):
 par new generation   total 109248K, used 4526K [0x00000000e0000000, 0x00000000e8000000, 0x00000000e8000000)
  eden space 87424K,   0% used [0x00000000e0000000, 0x00000000e0000000, 0x00000000e5560000)
  from space 21824K,  20% used [0x00000000e6ab0000, 0x00000000e6f1bb20, 0x00000000e8000000)
  to   space 21824K,   0% used [0x00000000e5560000, 0x00000000e5560000, 0x00000000e6ab0000)
 concurrent mark-sweep generation total 393216K, used 23984K [0x00000000e8000000, 0x0000000100000000, 0x0000000100000000)
 Metaspace       used 36384K, capacity 36960K, committed 37360K, reserved 1083392K
  class space    used 4075K, capacity 4314K, committed 4376K, reserved 1048576K
}
2017-04-25T17:24:58.811+0800: 11635.398: Total time for which application threads were stopped: 0.0066376 seconds, Stopping threads took: 0.0000312 seconds
2017-04-25T17:24:58.815+0800: 11635.403: Total time for which application threads were stopped: 0.0001660 seconds, Stopping threads took: 0.0000330 seconds
2017-04-25T17:25:00.690+0800: 11637.278: Total time for which application threads were stopped: 0.0002762 seconds, Stopping threads took: 0.0000495 seconds
2017-04-25T17:25:01.691+0800: 11638.278: Total time for which application threads were stopped: 0.0002874 seconds, Stopping threads took: 0.0000518 seconds
2017-04-25T17:25:03.454+0800: 11640.042: Total time for which application threads were stopped: 0.0002570 seconds, Stopping threads took: 0.0000446 seconds
{Heap before GC invocations=37 (full 2):
 par new generation   total 109248K, used 91950K [0x00000000e0000000, 0x00000000e8000000, 0x00000000e8000000)
  eden space 87424K, 100% used [0x00000000e0000000, 0x00000000e5560000, 0x00000000e5560000)
  from space 21824K,  20% used [0x00000000e6ab0000, 0x00000000e6f1bb20, 0x00000000e8000000)
  to   space 21824K,   0% used [0x00000000e5560000, 0x00000000e5560000, 0x00000000e6ab0000)
 concurrent mark-sweep generation total 393216K, used 23984K [0x00000000e8000000, 0x0000000100000000, 0x0000000100000000)
 Metaspace       used 36411K, capacity 36960K, committed 37360K, reserved 1083392K
  class space    used 4075K, capacity 4314K, committed 4376K, reserved 1048576K
2017-04-25T17:25:04.429+0800: 11641.017: [GC (Allocation Failure) 2017-04-25T17:25:04.429+0800: 11641.017: [ParNew
Desired survivor size 20112992 bytes, new threshold 8 (max 8)
- age   1:    1205688 bytes,    1205688 total
- age   2:      32120 bytes,    1237808 total
- age   3:      10160 bytes,    1247968 total
- age   4:       9960 bytes,    1257928 total
- age   5:       4880 bytes,    1262808 total
- age   6:     170032 bytes,    1432840 total
- age   7:    1483352 bytes,    2916192 total
- age   8:      12464 bytes,    2928656 total
: 91950K->3510K(109248K), 0.0048567 secs] 115935K->27499K(502464K), 0.0049835 secs] [Times: user=0.06 sys=0.00, real=0.01 secs] 
Heap after GC invocations=38 (full 2):
 par new generation   total 109248K, used 3510K [0x00000000e0000000, 0x00000000e8000000, 0x00000000e8000000)
  eden space 87424K,   0% used [0x00000000e0000000, 0x00000000e0000000, 0x00000000e5560000)
  from space 21824K,  16% used [0x00000000e5560000, 0x00000000e58cdb90, 0x00000000e6ab0000)
  to   space 21824K,   0% used [0x00000000e6ab0000, 0x00000000e6ab0000, 0x00000000e8000000)
 concurrent mark-sweep generation total 393216K, used 23988K [0x00000000e8000000, 0x0000000100000000, 0x0000000100000000)
 Metaspace       used 36411K, capacity 36960K, committed 37360K, reserved 1083392K
  class space    used 4075K, capacity 4314K, committed 4376K, reserved 1048576K
}
2017-04-25T17:25:04.434+0800: 11641.022: Total time for which application threads were stopped: 0.0052994 seconds, Stopping threads took: 0.0000295 seconds
2017-04-25T17:25:05.212+0800: 11641.799: Total time for which application threads were stopped: 0.0001343 seconds, Stopping threads took: 0.0000259 seconds
2017-04-25T17:25:06.212+0800: 11642.799: Total time for which application threads were stopped: 0.0001513 seconds, Stopping threads took: 0.0000433 seconds
2017-04-25T17:25:06.904+0800: 11643.491: Total time for which application threads were stopped: 0.0003534 seconds, Stopping threads took: 0.0001071 seconds
{Heap before GC invocations=38 (full 2):
 par new generation   total 109248K, used 90934K [0x00000000e0000000, 0x00000000e8000000, 0x00000000e8000000)
  eden space 87424K, 100% used [0x00000000e0000000, 0x00000000e5560000, 0x00000000e5560000)
  from space 21824K,  16% used [0x00000000e5560000, 0x00000000e58cdb90, 0x00000000e6ab0000)
  to   space 21824K,   0% used [0x00000000e6ab0000, 0x00000000e6ab0000, 0x00000000e8000000)
 concurrent mark-sweep generation total 393216K, used 23988K [0x00000000e8000000, 0x0000000100000000, 0x0000000100000000)
 Metaspace       used 36411K, capacity 36960K, committed 37360K, reserved 1083392K
  class space    used 4075K, capacity 4314K, committed 4376K, reserved 1048576K
2017-04-25T17:25:08.837+0800: 11645.424: [GC (Allocation Failure) 2017-04-25T17:25:08.837+0800: 11645.424: [ParNew
Desired survivor size 20112992 bytes, new threshold 8 (max 8)
- age   1:    1611304 bytes,    1611304 total
- age   2:      23680 bytes,    1634984 total
- age   3:       8096 bytes,    1643080 total
- age   4:       8720 bytes,    1651800 total
- age   5:       9960 bytes,    1661760 total
- age   6:       4880 bytes,    1666640 total
- age   7:     169680 bytes,    1836320 total
- age   8:    1483352 bytes,    3319672 total
: 90934K->3844K(109248K), 0.0048523 secs] 114923K->27845K(502464K), 0.0049736 secs] [Times: user=0.06 sys=0.00, real=0.01 secs] 
Heap after GC invocations=39 (full 2):
 par new generation   total 109248K, used 3844K [0x00000000e0000000, 0x00000000e8000000, 0x00000000e8000000)
  eden space 87424K,   0% used [0x00000000e0000000, 0x00000000e0000000, 0x00000000e5560000)
  from space 21824K,  17% used [0x00000000e6ab0000, 0x00000000e6e71120, 0x00000000e8000000)
  to   space 21824K,   0% used [0x00000000e5560000, 0x00000000e5560000, 0x00000000e6ab0000)
 concurrent mark-sweep generation total 393216K, used 24000K [0x00000000e8000000, 0x0000000100000000, 0x0000000100000000)
 Metaspace       used 36411K, capacity 36960K, committed 37360K, reserved 1083392K
  class space    used 4075K, capacity 4314K, committed 4376K, reserved 1048576K
}
2017-04-25T17:25:08.842+0800: 11645.429: Total time for which application threads were stopped: 0.0053427 seconds, Stopping threads took: 0.0000312 seconds
2017-04-25T17:25:08.845+0800: 11645.432: Total time for which application threads were stopped: 0.0001946 seconds, Stopping threads took: 0.0000308 seconds
2017-04-25T17:25:10.774+0800: 11647.362: Total time for which application threads were stopped: 0.0004694 seconds, Stopping threads took: 0.0000402 seconds
2017-04-25T17:25:10.776+0800: 11647.363: Total time for which application threads were stopped: 0.0005752 seconds, Stopping threads took: 0.0000643 seconds
2017-04-25T17:25:11.777+0800: 11648.364: Total time for which application threads were stopped: 0.0002602 seconds, Stopping threads took: 0.0000571 seconds
2017-04-25T17:25:12.734+0800: 11649.321: Total time for which application threads were stopped: 0.0001767 seconds, Stopping threads took: 0.0000277 seconds
{Heap before GC invocations=39 (full 2):
 par new generation   total 109248K, used 91268K [0x00000000e0000000, 0x00000000e8000000, 0x00000000e8000000)
  eden space 87424K, 100% used [0x00000000e0000000, 0x00000000e5560000, 0x00000000e5560000)
  from space 21824K,  17% used [0x00000000e6ab0000, 0x00000000e6e71120, 0x00000000e8000000)
  to   space 21824K,   0% used [0x00000000e5560000, 0x00000000e5560000, 0x00000000e6ab0000)
 concurrent mark-sweep generation total 393216K, used 24000K [0x00000000e8000000, 0x0000000100000000, 0x0000000100000000)
 Metaspace       used 36411K, capacity 36960K, committed 37360K, reserved 1083392K
  class space    used 4075K, capacity 4314K, committed 4376K, reserved 1048576K
2017-04-25T17:25:13.466+0800: 11650.053: [GC (Allocation Failure) 2017-04-25T17:25:13.466+0800: 11650.053: [ParNew
Desired survivor size 20112992 bytes, new threshold 8 (max 8)
- age   1:    1119640 bytes,    1119640 total
- age   2:       6816 bytes,    1126456 total
- age   3:      11456 bytes,    1137912 total
- age   4:       6584 bytes,    1144496 total
- age   5:       8688 bytes,    1153184 total
- age   6:       9960 bytes,    1163144 total
- age   7:       4616 bytes,    1167760 total
- age   8:     169736 bytes,    1337496 total
: 91268K->2634K(109248K), 0.0046979 secs] 115269K->28088K(502464K), 0.0047978 secs] [Times: user=0.00 sys=0.00, real=0.00 secs] 
Heap after GC invocations=40 (full 2):
 par new generation   total 109248K, used 2634K [0x00000000e0000000, 0x00000000e8000000, 0x00000000e8000000)
  eden space 87424K,   0% used [0x00000000e0000000, 0x00000000e0000000, 0x00000000e5560000)
  from space 21824K,  12% used [0x00000000e5560000, 0x00000000e57f2858, 0x00000000e6ab0000)
  to   space 21824K,   0% used [0x00000000e6ab0000, 0x00000000e6ab0000, 0x00000000e8000000)
 concurrent mark-sweep generation total 393216K, used 25454K [0x00000000e8000000, 0x0000000100000000, 0x0000000100000000)
 Metaspace       used 36411K, capacity 36960K, committed 37360K, reserved 1083392K
  class space    used 4075K, capacity 4314K, committed 4376K, reserved 1048576K
}
2017-04-25T17:25:13.470+0800: 11650.058: Total time for which application threads were stopped: 0.0050727 seconds, Stopping threads took: 0.0000263 seconds
2017-04-25T17:25:14.307+0800: 11650.894: Total time for which application threads were stopped: 0.0001348 seconds, Stopping threads took: 0.0000237 seconds
2017-04-25T17:25:15.307+0800: 11651.895: Total time for which application threads were stopped: 0.0001700 seconds, Stopping threads took: 0.0000674 seconds
2017-04-25T17:25:16.088+0800: 11652.675: Total time for which application threads were stopped: 0.0001870 seconds, Stopping threads took: 0.0000295 seconds
2017-04-25T17:25:17.088+0800: 11653.676: Total time for which application threads were stopped: 0.0001602 seconds, Stopping threads took: 0.0000339 seconds
2017-04-25T17:25:18.089+0800: 11654.676: Total time for which application threads were stopped: 0.0001254 seconds, Stopping threads took: 0.0000290 seconds
{Heap before GC invocations=40 (full 2):
 par new generation   total 109248K, used 90058K [0x00000000e0000000, 0x00000000e8000000, 0x00000000e8000000)
  eden space 87424K, 100% used [0x00000000e0000000, 0x00000000e5560000, 0x00000000e5560000)
  from space 21824K,  12% used [0x00000000e5560000, 0x00000000e57f2858, 0x00000000e6ab0000)
  to   space 21824K,   0% used [0x00000000e6ab0000, 0x00000000e6ab0000, 0x00000000e8000000)
 concurrent mark-sweep generation total 393216K, used 25454K [0x00000000e8000000, 0x0000000100000000, 0x0000000100000000)
 Metaspace       used 36412K, capacity 36960K, committed 37360K, reserved 1083392K
  class space    used 4075K, capacity 4314K, committed 4376K, reserved 1048576K
2017-04-25T17:25:18.176+0800: 11654.763: [GC (Allocation Failure) 2017-04-25T17:25:18.176+0800: 11654.763: [ParNew
Desired survivor size 20112992 bytes, new threshold 8 (max 8)
- age   1:    1800128 bytes,    1800128 total
- age   2:      20936 bytes,    1821064 total
- age   3:       6000 bytes,    1827064 total
- age   4:       9768 bytes,    1836832 total
- age   5:       6440 bytes,    1843272 total
- age   6:       8688 bytes,    1851960 total
- age   7:       9960 bytes,    1861920 total
- age   8:       4616 bytes,    1866536 total
: 90058K->2349K(109248K), 0.0032548 secs] 115512K->27961K(502464K), 0.0033605 secs] [Times: user=0.00 sys=0.00, real=0.00 secs] 
Heap after GC invocations=41 (full 2):
 par new generation   total 109248K, used 2349K [0x00000000e0000000, 0x00000000e8000000, 0x00000000e8000000)
  eden space 87424K,   0% used [0x00000000e0000000, 0x00000000e0000000, 0x00000000e5560000)
  from space 21824K,  10% used [0x00000000e6ab0000, 0x00000000e6cfb590, 0x00000000e8000000)
  to   space 21824K,   0% used [0x00000000e5560000, 0x00000000e5560000, 0x00000000e6ab0000)
 concurrent mark-sweep generation total 393216K, used 25612K [0x00000000e8000000, 0x0000000100000000, 0x0000000100000000)
 Metaspace       used 36412K, capacity 36960K, committed 37360K, reserved 1083392K
  class space    used 4075K, capacity 4314K, committed 4376K, reserved 1048576K
}
2017-04-25T17:25:18.179+0800: 11654.767: Total time for which application threads were stopped: 0.0035836 seconds, Stopping threads took: 0.0000241 seconds
2017-04-25T17:25:18.185+0800: 11654.773: Total time for which application threads were stopped: 0.0001321 seconds, Stopping threads took: 0.0000228 seconds
2017-04-25T17:25:19.186+0800: 11655.773: Total time for which application threads were stopped: 0.0001785 seconds, Stopping threads took: 0.0000491 seconds
2017-04-25T17:25:20.902+0800: 11657.490: Total time for which application threads were stopped: 0.0002664 seconds, Stopping threads took: 0.0000491 seconds
2017-04-25T17:25:22.904+0800: 11659.492: Total time for which application threads were stopped: 0.0001263 seconds, Stopping threads took: 0.0000303 seconds
2017-04-25T17:25:23.437+0800: 11660.025: Total time for which application threads were stopped: 0.0001232 seconds, Stopping threads took: 0.0000214 seconds
{Heap before GC invocations=41 (full 2):
 par new generation   total 109248K, used 89773K [0x00000000e0000000, 0x00000000e8000000, 0x00000000e8000000)
  eden space 87424K, 100% used [0x00000000e0000000, 0x00000000e5560000, 0x00000000e5560000)
  from space 21824K,  10% used [0x00000000e6ab0000, 0x00000000e6cfb590, 0x00000000e8000000)
  to   space 21824K,   0% used [0x00000000e5560000, 0x00000000e5560000, 0x00000000e6ab0000)
 concurrent mark-sweep generation total 393216K, used 25612K [0x00000000e8000000, 0x0000000100000000, 0x0000000100000000)
 Metaspace       used 36412K, capacity 36960K, committed 37360K, reserved 1083392K
  class space    used 4075K, capacity 4314K, committed 4376K, reserved 1048576K
2017-04-25T17:25:24.280+0800: 11660.867: [GC (Allocation Failure) 2017-04-25T17:25:24.280+0800: 11660.867: [ParNew
Desired survivor size 20112992 bytes, new threshold 8 (max 8)
- age   1:    1110416 bytes,    1110416 total
- age   2:      34976 bytes,    1145392 total
- age   3:       8728 bytes,    1154120 total
- age   4:       4272 bytes,    1158392 total
- age   5:       9248 bytes,    1167640 total
- age   6:       6216 bytes,    1173856 total
- age   7:       8688 bytes,    1182544 total
- age   8:       9848 bytes,    1192392 total
: 89773K->1539K(109248K), 0.0031477 secs] 115385K->27155K(502464K), 0.0032673 secs] [Times: user=0.00 sys=0.00, real=0.00 secs] 
Heap after GC invocations=42 (full 2):
 par new generation   total 109248K, used 1539K [0x00000000e0000000, 0x00000000e8000000, 0x00000000e8000000)
  eden space 87424K,   0% used [0x00000000e0000000, 0x00000000e0000000, 0x00000000e5560000)
  from space 21824K,   7% used [0x00000000e5560000, 0x00000000e56e0c28, 0x00000000e6ab0000)
  to   space 21824K,   0% used [0x00000000e6ab0000, 0x00000000e6ab0000, 0x00000000e8000000)
 concurrent mark-sweep generation total 393216K, used 25616K [0x00000000e8000000, 0x0000000100000000, 0x0000000100000000)
 Metaspace       used 36412K, capacity 36960K, committed 37360K, reserved 1083392K
  class space    used 4075K, capacity 4314K, committed 4376K, reserved 1048576K
}
2017-04-25T17:25:24.283+0800: 11660.870: Total time for which application threads were stopped: 0.0036774 seconds, Stopping threads took: 0.0000393 seconds
2017-04-25T17:25:25.284+0800: 11661.871: Total time for which application threads were stopped: 0.0001651 seconds, Stopping threads took: 0.0000361 seconds
2017-04-25T17:25:25.402+0800: 11661.990: Total time for which application threads were stopped: 0.0001673 seconds, Stopping threads took: 0.0000326 seconds
2017-04-25T17:25:26.402+0800: 11662.990: Total time for which application threads were stopped: 0.0002918 seconds, Stopping threads took: 0.0000634 seconds
2017-04-25T17:25:27.402+0800: 11663.990: Total time for which application threads were stopped: 0.0001638 seconds, Stopping threads took: 0.0000370 seconds
2017-04-25T17:25:28.402+0800: 11664.990: Total time for which application threads were stopped: 0.0002682 seconds, Stopping threads took: 0.0000571 seconds
2017-04-25T17:25:28.598+0800: 11665.185: Total time for which application threads were stopped: 0.0004159 seconds, Stopping threads took: 0.0000634 seconds
2017-04-25T17:25:29.599+0800: 11666.187: Total time for which application threads were stopped: 0.0008376 seconds, Stopping threads took: 0.0000585 seconds
{Heap before GC invocations=42 (full 2):
 par new generation   total 109248K, used 88963K [0x00000000e0000000, 0x00000000e8000000, 0x00000000e8000000)
  eden space 87424K, 100% used [0x00000000e0000000, 0x00000000e5560000, 0x00000000e5560000)
  from space 21824K,   7% used [0x00000000e5560000, 0x00000000e56e0c28, 0x00000000e6ab0000)
  to   space 21824K,   0% used [0x00000000e6ab0000, 0x00000000e6ab0000, 0x00000000e8000000)
 concurrent mark-sweep generation total 393216K, used 25616K [0x00000000e8000000, 0x0000000100000000, 0x0000000100000000)
 Metaspace       used 36412K, capacity 36960K, committed 37360K, reserved 1083392K
  class space    used 4075K, capacity 4314K, committed 4376K, reserved 1048576K
2017-04-25T17:25:30.247+0800: 11666.834: [GC (Allocation Failure) 2017-04-25T17:25:30.247+0800: 11666.834: [ParNew
Desired survivor size 20112992 bytes, new threshold 8 (max 8)
- age   1:    1681160 bytes,    1681160 total
- age   2:      16648 bytes,    1697808 total
- age   3:      10304 bytes,    1708112 total
- age   4:       7256 bytes,    1715368 total
- age   5:       4272 bytes,    1719640 total
- age   6:       9248 bytes,    1728888 total
- age   7:       6216 bytes,    1735104 total
- age   8:       8688 bytes,    1743792 total
: 88963K->2013K(109248K), 0.0031397 secs] 114579K->27639K(502464K), 0.0032338 secs] [Times: user=0.00 sys=0.00, real=0.00 secs] 
Heap after GC invocations=43 (full 2):
 par new generation   total 109248K, used 2013K [0x00000000e0000000, 0x00000000e8000000, 0x00000000e8000000)
  eden space 87424K,   0% used [0x00000000e0000000, 0x00000000e0000000, 0x00000000e5560000)
  from space 21824K,   9% used [0x00000000e6ab0000, 0x00000000e6ca7430, 0x00000000e8000000)
  to   space 21824K,   0% used [0x00000000e5560000, 0x00000000e5560000, 0x00000000e6ab0000)
 concurrent mark-sweep generation total 393216K, used 25626K [0x00000000e8000000, 0x0000000100000000, 0x0000000100000000)
 Metaspace       used 36412K, capacity 36960K, committed 37360K, reserved 1083392K
  class space    used 4075K, capacity 4314K, committed 4376K, reserved 1048576K
}
2017-04-25T17:25:30.250+0800: 11666.838: Total time for which application threads were stopped: 0.0034641 seconds, Stopping threads took: 0.0000250 seconds
2017-04-25T17:25:30.414+0800: 11667.002: Total time for which application threads were stopped: 0.0001696 seconds, Stopping threads took: 0.0000286 seconds
2017-04-25T17:25:31.415+0800: 11668.002: Total time for which application threads were stopped: 0.0001856 seconds, Stopping threads took: 0.0000370 seconds
2017-04-25T17:25:32.332+0800: 11668.919: Total time for which application threads were stopped: 0.0001428 seconds, Stopping threads took: 0.0000277 seconds
2017-04-25T17:25:33.332+0800: 11669.920: Total time for which application threads were stopped: 0.0001687 seconds, Stopping threads took: 0.0000357 seconds
2017-04-25T17:25:34.108+0800: 11670.695: Total time for which application threads were stopped: 0.0003061 seconds, Stopping threads took: 0.0000580 seconds
{Heap before GC invocations=43 (full 2):
 par new generation   total 109248K, used 89424K [0x00000000e0000000, 0x00000000e8000000, 0x00000000e8000000)
  eden space 87424K,  99% used [0x00000000e0000000, 0x00000000e555cdb0, 0x00000000e5560000)
  from space 21824K,   9% used [0x00000000e6ab0000, 0x00000000e6ca7430, 0x00000000e8000000)
  to   space 21824K,   0% used [0x00000000e5560000, 0x00000000e5560000, 0x00000000e6ab0000)
 concurrent mark-sweep generation total 393216K, used 25626K [0x00000000e8000000, 0x0000000100000000, 0x0000000100000000)
 Metaspace       used 36424K, capacity 36960K, committed 37360K, reserved 1083392K
  class space    used 4075K, capacity 4314K, committed 4376K, reserved 1048576K
2017-04-25T17:25:34.677+0800: 11671.265: [GC (Allocation Failure) 2017-04-25T17:25:34.677+0800: 11671.265: [ParNew
Desired survivor size 20112992 bytes, new threshold 8 (max 8)
- age   1:    1026968 bytes,    1026968 total
- age   2:       7752 bytes,    1034720 total
- age   3:       7080 bytes,    1041800 total
- age   4:       9368 bytes,    1051168 total
- age   5:       7256 bytes,    1058424 total
- age   6:       4272 bytes,    1062696 total
- age   7:       9072 bytes,    1071768 total
- age   8:       6216 bytes,    1077984 total
: 89424K->1153K(109248K), 0.0024061 secs] 115050K->26788K(502464K), 0.0025042 secs] [Times: user=0.00 sys=0.00, real=0.00 secs] 
Heap after GC invocations=44 (full 2):
 par new generation   total 109248K, used 1153K [0x00000000e0000000, 0x00000000e8000000, 0x00000000e8000000)
  eden space 87424K,   0% used [0x00000000e0000000, 0x00000000e0000000, 0x00000000e5560000)
  from space 21824K,   5% used [0x00000000e5560000, 0x00000000e5680530, 0x00000000e6ab0000)
  to   space 21824K,   0% used [0x00000000e6ab0000, 0x00000000e6ab0000, 0x00000000e8000000)
 concurrent mark-sweep generation total 393216K, used 25634K [0x00000000e8000000, 0x0000000100000000, 0x0000000100000000)
 Metaspace       used 36424K, capacity 36960K, committed 37360K, reserved 1083392K
  class space    used 4075K, capacity 4314K, committed 4376K, reserved 1048576K
}
2017-04-25T17:25:34.680+0800: 11671.267: Total time for which application threads were stopped: 0.0027586 seconds, Stopping threads took: 0.0000326 seconds
2017-04-25T17:25:36.682+0800: 11673.269: Total time for which application threads were stopped: 0.0001812 seconds, Stopping threads took: 0.0000290 seconds
2017-04-25T17:25:37.682+0800: 11674.269: Total time for which application threads were stopped: 0.0001687 seconds, Stopping threads took: 0.0000308 seconds
2017-04-25T17:25:38.340+0800: 11674.927: Total time for which application threads were stopped: 0.0001874 seconds, Stopping threads took: 0.0000263 seconds
2017-04-25T17:25:39.340+0800: 11675.927: Total time for which application threads were stopped: 0.0001678 seconds, Stopping threads took: 0.0000460 seconds
{Heap before GC invocations=44 (full 2):
 par new generation   total 109248K, used 88577K [0x00000000e0000000, 0x00000000e8000000, 0x00000000e8000000)
  eden space 87424K, 100% used [0x00000000e0000000, 0x00000000e5560000, 0x00000000e5560000)
  from space 21824K,   5% used [0x00000000e5560000, 0x00000000e5680530, 0x00000000e6ab0000)
  to   space 21824K,   0% used [0x00000000e6ab0000, 0x00000000e6ab0000, 0x00000000e8000000)
 concurrent mark-sweep generation total 393216K, used 25634K [0x00000000e8000000, 0x0000000100000000, 0x0000000100000000)
 Metaspace       used 36424K, capacity 36960K, committed 37360K, reserved 1083392K
  class space    used 4075K, capacity 4314K, committed 4376K, reserved 1048576K
2017-04-25T17:25:39.594+0800: 11676.181: [GC (Allocation Failure) 2017-04-25T17:25:39.594+0800: 11676.181: [ParNew
Desired survivor size 20112992 bytes, new threshold 8 (max 8)
- age   1:    1647128 bytes,    1647128 total
- age   2:      11712 bytes,    1658840 total
- age   3:       6792 bytes,    1665632 total
- age   4:       5784 bytes,    1671416 total
- age   5:       9368 bytes,    1680784 total
- age   6:       7256 bytes,    1688040 total
- age   7:       3952 bytes,    1691992 total
- age   8:       9072 bytes,    1701064 total
: 88577K->1878K(109248K), 0.0072454 secs] 114212K->27519K(502464K), 0.0074493 secs] [Times: user=0.00 sys=0.00, real=0.01 secs] 
Heap after GC invocations=45 (full 2):
 par new generation   total 109248K, used 1878K [0x00000000e0000000, 0x00000000e8000000, 0x00000000e8000000)
  eden space 87424K,   0% used [0x00000000e0000000, 0x00000000e0000000, 0x00000000e5560000)
  from space 21824K,   8% used [0x00000000e6ab0000, 0x00000000e6c85920, 0x00000000e8000000)
  to   space 21824K,   0% used [0x00000000e5560000, 0x00000000e5560000, 0x00000000e6ab0000)
 concurrent mark-sweep generation total 393216K, used 25640K [0x00000000e8000000, 0x0000000100000000, 0x0000000100000000)
 Metaspace       used 36424K, capacity 36960K, committed 37360K, reserved 1083392K
  class space    used 4075K, capacity 4314K, committed 4376K, reserved 1048576K
}
2017-04-25T17:25:39.602+0800: 11676.189: Total time for which application threads were stopped: 0.0082655 seconds, Stopping threads took: 0.0000460 seconds
2017-04-25T17:25:39.967+0800: 11676.555: Total time for which application threads were stopped: 0.0004141 seconds, Stopping threads took: 0.0000567 seconds
2017-04-25T17:25:40.967+0800: 11677.555: Total time for which application threads were stopped: 0.0002512 seconds, Stopping threads took: 0.0000549 seconds
2017-04-25T17:25:41.797+0800: 11678.385: Total time for which application threads were stopped: 0.0004168 seconds, Stopping threads took: 0.0000817 seconds
2017-04-25T17:25:42.798+0800: 11679.386: Total time for which application threads were stopped: 0.0001714 seconds, Stopping threads took: 0.0000464 seconds
2017-04-25T17:25:43.798+0800: 11680.386: Total time for which application threads were stopped: 0.0003191 seconds, Stopping threads took: 0.0000535 seconds
2017-04-25T17:25:43.816+0800: 11680.403: Total time for which application threads were stopped: 0.0001397 seconds, Stopping threads took: 0.0000317 seconds
{Heap before GC invocations=45 (full 2):
 par new generation   total 109248K, used 89302K [0x00000000e0000000, 0x00000000e8000000, 0x00000000e8000000)
  eden space 87424K, 100% used [0x00000000e0000000, 0x00000000e5560000, 0x00000000e5560000)
  from space 21824K,   8% used [0x00000000e6ab0000, 0x00000000e6c85920, 0x00000000e8000000)
  to   space 21824K,   0% used [0x00000000e5560000, 0x00000000e5560000, 0x00000000e6ab0000)
 concurrent mark-sweep generation total 393216K, used 25640K [0x00000000e8000000, 0x0000000100000000, 0x0000000100000000)
 Metaspace       used 36425K, capacity 36960K, committed 37360K, reserved 1083392K
  class space    used 4075K, capacity 4314K, committed 4376K, reserved 1048576K
2017-04-25T17:25:43.847+0800: 11680.434: [GC (Allocation Failure) 2017-04-25T17:25:43.847+0800: 11680.434: [ParNew
Desired survivor size 20112992 bytes, new threshold 8 (max 8)
- age   1:    1687712 bytes,    1687712 total
- age   2:      25616 bytes,    1713328 total
- age   3:       5400 bytes,    1718728 total
- age   4:       5712 bytes,    1724440 total
- age   5:       5784 bytes,    1730224 total
- age   6:       9368 bytes,    1739592 total
- age   7:       7256 bytes,    1746848 total
- age   8:       3952 bytes,    1750800 total
: 89302K->2083K(109248K), 0.0030540 secs] 114943K->27733K(502464K), 0.0031517 secs] [Times: user=0.00 sys=0.00, real=0.00 secs] 
Heap after GC invocations=46 (full 2):
 par new generation   total 109248K, used 2083K [0x00000000e0000000, 0x00000000e8000000, 0x00000000e8000000)
  eden space 87424K,   0% used [0x00000000e0000000, 0x00000000e0000000, 0x00000000e5560000)
  from space 21824K,   9% used [0x00000000e5560000, 0x00000000e5768ee8, 0x00000000e6ab0000)
  to   space 21824K,   0% used [0x00000000e6ab0000, 0x00000000e6ab0000, 0x00000000e8000000)
 concurrent mark-sweep generation total 393216K, used 25649K [0x00000000e8000000, 0x0000000100000000, 0x0000000100000000)
 Metaspace       used 36425K, capacity 36960K, committed 37360K, reserved 1083392K
  class space    used 4075K, capacity 4314K, committed 4376K, reserved 1048576K
}
2017-04-25T17:25:43.850+0800: 11680.437: Total time for which application threads were stopped: 0.0034413 seconds, Stopping threads took: 0.0000245 seconds
2017-04-25T17:25:45.739+0800: 11682.326: Total time for which application threads were stopped: 0.0001330 seconds, Stopping threads took: 0.0000228 seconds
2017-04-25T17:25:46.740+0800: 11683.327: Total time for which application threads were stopped: 0.0001714 seconds, Stopping threads took: 0.0000388 seconds
2017-04-25T17:25:47.740+0800: 11684.327: Total time for which application threads were stopped: 0.0002365 seconds, Stopping threads took: 0.0000527 seconds
2017-04-25T17:25:47.929+0800: 11684.516: Total time for which application threads were stopped: 0.0003039 seconds, Stopping threads took: 0.0000656 seconds
2017-04-25T17:25:48.929+0800: 11685.517: Total time for which application threads were stopped: 0.0001263 seconds, Stopping threads took: 0.0000277 seconds
{Heap before GC invocations=46 (full 2):
 par new generation   total 109248K, used 89507K [0x00000000e0000000, 0x00000000e8000000, 0x00000000e8000000)
  eden space 87424K, 100% used [0x00000000e0000000, 0x00000000e5560000, 0x00000000e5560000)
  from space 21824K,   9% used [0x00000000e5560000, 0x00000000e5768ee8, 0x00000000e6ab0000)
  to   space 21824K,   0% used [0x00000000e6ab0000, 0x00000000e6ab0000, 0x00000000e8000000)
 concurrent mark-sweep generation total 393216K, used 25649K [0x00000000e8000000, 0x0000000100000000, 0x0000000100000000)
 Metaspace       used 36425K, capacity 36960K, committed 37360K, reserved 1083392K
  class space    used 4075K, capacity 4314K, committed 4376K, reserved 1048576K
2017-04-25T17:25:49.102+0800: 11685.690: [GC (Allocation Failure) 2017-04-25T17:25:49.103+0800: 11685.690: [ParNew
Desired survivor size 20112992 bytes, new threshold 8 (max 8)
- age   1:    1784704 bytes,    1784704 total
- age   2:       8064 bytes,    1792768 total
- age   3:       6704 bytes,    1799472 total
- age   4:       4032 bytes,    1803504 total
- age   5:       5208 bytes,    1808712 total
- age   6:       5784 bytes,    1814496 total
- age   7:       9368 bytes,    1823864 total
- age   8:       7256 bytes,    1831120 total
: 89507K->2484K(109248K), 0.0032173 secs] 115157K->28138K(502464K), 0.0033904 secs] [Times: user=0.03 sys=0.00, real=0.00 secs] 
Heap after GC invocations=47 (full 2):
 par new generation   total 109248K, used 2484K [0x00000000e0000000, 0x00000000e8000000, 0x00000000e8000000)
  eden space 87424K,   0% used [0x00000000e0000000, 0x00000000e0000000, 0x00000000e5560000)
  from space 21824K,  11% used [0x00000000e6ab0000, 0x00000000e6d1d318, 0x00000000e8000000)
  to   space 21824K,   0% used [0x00000000e5560000, 0x00000000e5560000, 0x00000000e6ab0000)
 concurrent mark-sweep generation total 393216K, used 25653K [0x00000000e8000000, 0x0000000100000000, 0x0000000100000000)
 Metaspace       used 36425K, capacity 36960K, committed 37360K, reserved 1083392K
  class space    used 4075K, capacity 4314K, committed 4376K, reserved 1048576K
}
2017-04-25T17:25:49.106+0800: 11685.694: Total time for which application threads were stopped: 0.0036394 seconds, Stopping threads took: 0.0000250 seconds
2017-04-25T17:25:49.731+0800: 11686.319: Total time for which application threads were stopped: 0.0001535 seconds, Stopping threads took: 0.0000259 seconds
2017-04-25T17:25:52.145+0800: 11688.732: Total time for which application threads were stopped: 0.0003342 seconds, Stopping threads took: 0.0000504 seconds
2017-04-25T17:25:54.012+0800: 11690.599: Total time for which application threads were stopped: 0.0001584 seconds, Stopping threads took: 0.0000277 seconds
{Heap before GC invocations=47 (full 2):
 par new generation   total 109248K, used 89908K [0x00000000e0000000, 0x00000000e8000000, 0x00000000e8000000)
  eden space 87424K, 100% used [0x00000000e0000000, 0x00000000e5560000, 0x00000000e5560000)
  from space 21824K,  11% used [0x00000000e6ab0000, 0x00000000e6d1d318, 0x00000000e8000000)
  to   space 21824K,   0% used [0x00000000e5560000, 0x00000000e5560000, 0x00000000e6ab0000)
 concurrent mark-sweep generation total 393216K, used 25653K [0x00000000e8000000, 0x0000000100000000, 0x0000000100000000)
 Metaspace       used 36425K, capacity 36960K, committed 37360K, reserved 1083392K
  class space    used 4075K, capacity 4314K, committed 4376K, reserved 1048576K
2017-04-25T17:25:54.041+0800: 11690.628: [GC (Allocation Failure) 2017-04-25T17:25:54.041+0800: 11690.628: [ParNew
Desired survivor size 20112992 bytes, new threshold 8 (max 8)
- age   1:    1649800 bytes,    1649800 total
- age   2:       7104 bytes,    1656904 total
- age   3:       5880 bytes,    1662784 total
- age   4:       5264 bytes,    1668048 total
- age   5:       3960 bytes,    1672008 total
- age   6:       5208 bytes,    1677216 total
- age   7:       5784 bytes,    1683000 total
- age   8:       9368 bytes,    1692368 total
: 89908K->2143K(109248K), 0.0028786 secs] 115562K->27804K(502464K), 0.0029763 secs] [Times: user=0.06 sys=0.00, real=0.00 secs] 
Heap after GC invocations=48 (full 2):
 par new generation   total 109248K, used 2143K [0x00000000e0000000, 0x00000000e8000000, 0x00000000e8000000)
  eden space 87424K,   0% used [0x00000000e0000000, 0x00000000e0000000, 0x00000000e5560000)
  from space 21824K,   9% used [0x00000000e5560000, 0x00000000e5777eb0, 0x00000000e6ab0000)
  to   space 21824K,   0% used [0x00000000e6ab0000, 0x00000000e6ab0000, 0x00000000e8000000)
 concurrent mark-sweep generation total 393216K, used 25660K [0x00000000e8000000, 0x0000000100000000, 0x0000000100000000)
 Metaspace       used 36425K, capacity 36960K, committed 37360K, reserved 1083392K
  class space    used 4075K, capacity 4314K, committed 4376K, reserved 1048576K
}
2017-04-25T17:25:54.044+0800: 11690.631: Total time for which application threads were stopped: 0.0032833 seconds, Stopping threads took: 0.0000321 seconds
2017-04-25T17:25:54.577+0800: 11691.165: Total time for which application threads were stopped: 0.0001249 seconds, Stopping threads took: 0.0000263 seconds
2017-04-25T17:25:55.578+0800: 11692.165: Total time for which application threads were stopped: 0.0001258 seconds, Stopping threads took: 0.0000299 seconds
2017-04-25T17:25:55.627+0800: 11692.214: Total time for which application threads were stopped: 0.0001673 seconds, Stopping threads took: 0.0000344 seconds
2017-04-25T17:25:56.627+0800: 11693.215: Total time for which application threads were stopped: 0.0002494 seconds, Stopping threads took: 0.0000585 seconds
2017-04-25T17:25:57.427+0800: 11694.014: Total time for which application threads were stopped: 0.0001870 seconds, Stopping threads took: 0.0000513 seconds
{Heap before GC invocations=48 (full 2):
 par new generation   total 109248K, used 89567K [0x00000000e0000000, 0x00000000e8000000, 0x00000000e8000000)
  eden space 87424K, 100% used [0x00000000e0000000, 0x00000000e5560000, 0x00000000e5560000)
  from space 21824K,   9% used [0x00000000e5560000, 0x00000000e5777eb0, 0x00000000e6ab0000)
  to   space 21824K,   0% used [0x00000000e6ab0000, 0x00000000e6ab0000, 0x00000000e8000000)
 concurrent mark-sweep generation total 393216K, used 25660K [0x00000000e8000000, 0x0000000100000000, 0x0000000100000000)
 Metaspace       used 36427K, capacity 36960K, committed 37360K, reserved 1083392K
  class space    used 4076K, capacity 4314K, committed 4376K, reserved 1048576K
2017-04-25T17:25:58.149+0800: 11694.737: [GC (Allocation Failure) 2017-04-25T17:25:58.149+0800: 11694.737: [ParNew
Desired survivor size 20112992 bytes, new threshold 8 (max 8)
- age   1:    1167696 bytes,    1167696 total
- age   2:      34000 bytes,    1201696 total
- age   3:       6288 bytes,    1207984 total
- age   4:       4656 bytes,    1212640 total
- age   5:       5048 bytes,    1217688 total
- age   6:       3960 bytes,    1221648 total
- age   7:       5208 bytes,    1226856 total
- age   8:       5784 bytes,    1232640 total
: 89567K->1711K(109248K), 0.0072516 secs] 115228K->27380K(502464K), 0.0074676 secs] [Times: user=0.06 sys=0.00, real=0.01 secs] 
Heap after GC invocations=49 (full 2):
 par new generation   total 109248K, used 1711K [0x00000000e0000000, 0x00000000e8000000, 0x00000000e8000000)
  eden space 87424K,   0% used [0x00000000e0000000, 0x00000000e0000000, 0x00000000e5560000)
  from space 21824K,   7% used [0x00000000e6ab0000, 0x00000000e6c5bd60, 0x00000000e8000000)
  to   space 21824K,   0% used [0x00000000e5560000, 0x00000000e5560000, 0x00000000e6ab0000)
 concurrent mark-sweep generation total 393216K, used 25669K [0x00000000e8000000, 0x0000000100000000, 0x0000000100000000)
 Metaspace       used 36427K, capacity 36960K, committed 37360K, reserved 1083392K
  class space    used 4076K, capacity 4314K, committed 4376K, reserved 1048576K
}
2017-04-25T17:25:58.157+0800: 11694.745: Total time for which application threads were stopped: 0.0083208 seconds, Stopping threads took: 0.0001553 seconds
2017-04-25T17:25:59.158+0800: 11695.745: Total time for which application threads were stopped: 0.0001821 seconds, Stopping threads took: 0.0000477 seconds
2017-04-25T17:25:59.205+0800: 11695.792: Total time for which application threads were stopped: 0.0001821 seconds, Stopping threads took: 0.0000308 seconds
2017-04-25T17:26:00.205+0800: 11696.793: Total time for which application threads were stopped: 0.0002410 seconds, Stopping threads took: 0.0000540 seconds
2017-04-25T17:26:20.256+0800: 11716.843: Total time for which application threads were stopped: 0.0003177 seconds, Stopping threads took: 0.0000411 seconds
2017-04-25T17:26:21.256+0800: 11717.843: Total time for which application threads were stopped: 0.0001785 seconds, Stopping threads took: 0.0000455 seconds
2017-04-25T17:26:27.493+0800: 11724.080: Total time for which application threads were stopped: 0.0001263 seconds, Stopping threads took: 0.0000232 seconds
2017-04-25T17:26:27.493+0800: 11724.081: Total time for which application threads were stopped: 0.0000772 seconds, Stopping threads took: 0.0000250 seconds
2017-04-25T17:26:27.494+0800: 11724.081: Total time for which application threads were stopped: 0.0001740 seconds, Stopping threads took: 0.0000089 seconds
2017-04-25T17:26:27.495+0800: 11724.082: Total time for which application threads were stopped: 0.0000821 seconds, Stopping threads took: 0.0000170 seconds
2017-04-25T17:28:13.526+0800: 11830.113: Total time for which application threads were stopped: 0.0001763 seconds, Stopping threads took: 0.0000576 seconds
2017-04-25T17:28:29.386+0800: 11845.974: Total time for which application threads were stopped: 0.0001361 seconds, Stopping threads took: 0.0000326 seconds
2017-04-25T17:28:29.386+0800: 11845.974: Total time for which application threads were stopped: 0.0000718 seconds, Stopping threads took: 0.0000156 seconds
2017-04-25T17:28:29.386+0800: 11845.974: Total time for which application threads were stopped: 0.0000504 seconds, Stopping threads took: 0.0000085 seconds
2017-04-25T17:28:29.386+0800: 11845.974: Total time for which application threads were stopped: 0.0000518 seconds, Stopping threads took: 0.0000098 seconds
2017-04-25T17:28:29.387+0800: 11845.974: Total time for which application threads were stopped: 0.0000625 seconds, Stopping threads took: 0.0000143 seconds
2017-04-25T17:28:29.387+0800: 11845.974: Total time for which application threads were stopped: 0.0000531 seconds, Stopping threads took: 0.0000089 seconds
2017-04-25T17:28:29.387+0800: 11845.975: Total time for which application threads were stopped: 0.0000602 seconds, Stopping threads took: 0.0000085 seconds
2017-04-25T17:28:29.387+0800: 11845.975: Total time for which application threads were stopped: 0.0000500 seconds, Stopping threads took: 0.0000080 seconds
2017-04-25T17:28:30.388+0800: 11846.976: Total time for which application threads were stopped: 0.0001223 seconds, Stopping threads took: 0.0000335 seconds
2017-04-25T17:28:31.087+0800: 11847.675: Total time for which application threads were stopped: 0.0001446 seconds, Stopping threads took: 0.0000348 seconds
2017-04-25T17:28:31.087+0800: 11847.675: Total time for which application threads were stopped: 0.0001227 seconds, Stopping threads took: 0.0000259 seconds
2017-04-25T17:28:31.087+0800: 11847.675: Total time for which application threads were stopped: 0.0001174 seconds, Stopping threads took: 0.0000205 seconds
2017-04-25T17:28:31.088+0800: 11847.675: Total time for which application threads were stopped: 0.0001044 seconds, Stopping threads took: 0.0000170 seconds
2017-04-25T17:28:32.088+0800: 11848.675: Total time for which application threads were stopped: 0.0001142 seconds, Stopping threads took: 0.0000245 seconds
2017-04-25T17:28:43.092+0800: 11859.679: Total time for which application threads were stopped: 0.0001972 seconds, Stopping threads took: 0.0000549 seconds
2017-04-25T17:29:07.240+0800: 11883.828: Total time for which application threads were stopped: 0.0001227 seconds, Stopping threads took: 0.0000263 seconds
2017-04-25T17:29:21.245+0800: 11897.832: Total time for which application threads were stopped: 0.0001294 seconds, Stopping threads took: 0.0000344 seconds
2017-04-25T17:29:31.486+0800: 11908.073: Total time for which application threads were stopped: 0.0001508 seconds, Stopping threads took: 0.0000406 seconds
2017-04-25T17:29:31.486+0800: 11908.073: Total time for which application threads were stopped: 0.0001111 seconds, Stopping threads took: 0.0000317 seconds
2017-04-25T17:29:31.487+0800: 11908.074: Total time for which application threads were stopped: 0.0003208 seconds, Stopping threads took: 0.0000268 seconds
2017-04-25T17:29:31.487+0800: 11908.074: Total time for which application threads were stopped: 0.0000830 seconds, Stopping threads took: 0.0000263 seconds
2017-04-25T17:29:32.487+0800: 11909.075: Total time for which application threads were stopped: 0.0001874 seconds, Stopping threads took: 0.0000486 seconds
2017-04-25T17:29:35.658+0800: 11912.246: Total time for which application threads were stopped: 0.0001352 seconds, Stopping threads took: 0.0000272 seconds
2017-04-25T17:29:43.035+0800: 11919.622: Total time for which application threads were stopped: 0.0001410 seconds, Stopping threads took: 0.0000245 seconds
2017-04-25T17:29:43.035+0800: 11919.622: Total time for which application threads were stopped: 0.0000763 seconds, Stopping threads took: 0.0000112 seconds
2017-04-25T17:29:43.035+0800: 11919.623: Total time for which application threads were stopped: 0.0000732 seconds, Stopping threads took: 0.0000116 seconds
2017-04-25T17:29:43.035+0800: 11919.623: Total time for which application threads were stopped: 0.0000723 seconds, Stopping threads took: 0.0000116 seconds
2017-04-25T17:29:43.035+0800: 11919.623: Total time for which application threads were stopped: 0.0000634 seconds, Stopping threads took: 0.0000116 seconds
2017-04-25T17:29:43.035+0800: 11919.623: Total time for which application threads were stopped: 0.0000651 seconds, Stopping threads took: 0.0000085 seconds
2017-04-25T17:29:44.490+0800: 11921.077: Total time for which application threads were stopped: 0.0001254 seconds, Stopping threads took: 0.0000299 seconds
2017-04-25T17:29:44.490+0800: 11921.078: Total time for which application threads were stopped: 0.0001227 seconds, Stopping threads took: 0.0000442 seconds
2017-04-25T17:29:49.435+0800: 11926.023: Total time for which application threads were stopped: 0.0001080 seconds, Stopping threads took: 0.0000250 seconds
2017-04-25T17:29:50.435+0800: 11927.023: Total time for which application threads were stopped: 0.0002222 seconds, Stopping threads took: 0.0000549 seconds
2017-04-25T17:30:04.656+0800: 11941.243: Total time for which application threads were stopped: 0.0001089 seconds, Stopping threads took: 0.0000250 seconds
2017-04-25T17:30:05.630+0800: 11942.218: Total time for which application threads were stopped: 0.0002887 seconds, Stopping threads took: 0.0000361 seconds
2017-04-25T17:30:13.336+0800: 11949.923: Total time for which application threads were stopped: 0.0001089 seconds, Stopping threads took: 0.0000254 seconds
2017-04-25T17:30:13.594+0800: 11950.182: Total time for which application threads were stopped: 0.0001187 seconds, Stopping threads took: 0.0000245 seconds
2017-04-25T17:30:13.595+0800: 11950.182: Total time for which application threads were stopped: 0.0000571 seconds, Stopping threads took: 0.0000103 seconds
2017-04-25T17:30:59.465+0800: 11996.053: Total time for which application threads were stopped: 0.0003771 seconds, Stopping threads took: 0.0000393 seconds
2017-04-25T17:31:18.473+0800: 12015.061: Total time for which application threads were stopped: 0.0001299 seconds, Stopping threads took: 0.0000330 seconds
2017-04-25T17:31:22.999+0800: 12019.586: Total time for which application threads were stopped: 0.0001267 seconds, Stopping threads took: 0.0000290 seconds
2017-04-25T17:31:22.999+0800: 12019.587: Total time for which application threads were stopped: 0.0000870 seconds, Stopping threads took: 0.0000174 seconds
2017-04-25T17:31:23.000+0800: 12019.587: Total time for which application threads were stopped: 0.0000852 seconds, Stopping threads took: 0.0000178 seconds
2017-04-25T17:31:23.000+0800: 12019.587: Total time for which application threads were stopped: 0.0000861 seconds, Stopping threads took: 0.0000170 seconds
2017-04-25T17:31:59.761+0800: 12056.349: Total time for which application threads were stopped: 0.0001124 seconds, Stopping threads took: 0.0000281 seconds
2017-04-25T17:31:59.761+0800: 12056.349: Total time for which application threads were stopped: 0.0000705 seconds, Stopping threads took: 0.0000165 seconds
2017-04-25T17:31:59.762+0800: 12056.349: Total time for which application threads were stopped: 0.0001004 seconds, Stopping threads took: 0.0000272 seconds
2017-04-25T17:31:59.762+0800: 12056.349: Total time for which application threads were stopped: 0.0000736 seconds, Stopping threads took: 0.0000250 seconds
2017-04-25T17:32:01.563+0800: 12058.151: Total time for which application threads were stopped: 0.0001299 seconds, Stopping threads took: 0.0000259 seconds
2017-04-25T17:32:01.564+0800: 12058.151: Total time for which application threads were stopped: 0.0000830 seconds, Stopping threads took: 0.0000165 seconds
2017-04-25T17:32:01.564+0800: 12058.151: Total time for which application threads were stopped: 0.0000732 seconds, Stopping threads took: 0.0000152 seconds
2017-04-25T17:32:08.566+0800: 12065.153: Total time for which application threads were stopped: 0.0002102 seconds, Stopping threads took: 0.0000500 seconds
2017-04-25T17:32:33.452+0800: 12090.040: Total time for which application threads were stopped: 0.0001749 seconds, Stopping threads took: 0.0000442 seconds
2017-04-25T17:32:33.452+0800: 12090.040: Total time for which application threads were stopped: 0.0000785 seconds, Stopping threads took: 0.0000170 seconds
2017-04-25T17:32:33.453+0800: 12090.040: Total time for which application threads were stopped: 0.0001133 seconds, Stopping threads took: 0.0000344 seconds
2017-04-25T17:32:33.453+0800: 12090.040: Total time for which application threads were stopped: 0.0000768 seconds, Stopping threads took: 0.0000205 seconds
{Heap before GC invocations=49 (full 2):
 par new generation   total 109248K, used 89135K [0x00000000e0000000, 0x00000000e8000000, 0x00000000e8000000)
  eden space 87424K, 100% used [0x00000000e0000000, 0x00000000e5560000, 0x00000000e5560000)
  from space 21824K,   7% used [0x00000000e6ab0000, 0x00000000e6c5bd60, 0x00000000e8000000)
  to   space 21824K,   0% used [0x00000000e5560000, 0x00000000e5560000, 0x00000000e6ab0000)
 concurrent mark-sweep generation total 393216K, used 25669K [0x00000000e8000000, 0x0000000100000000, 0x0000000100000000)
 Metaspace       used 36480K, capacity 37024K, committed 37616K, reserved 1083392K
  class space    used 4078K, capacity 4314K, committed 4376K, reserved 1048576K
2017-04-25T17:32:33.453+0800: 12090.041: [GC (Allocation Failure) 2017-04-25T17:32:33.453+0800: 12090.041: [ParNew
Desired survivor size 20112992 bytes, new threshold 8 (max 8)
- age   1:    2394896 bytes,    2394896 total
- age   2:      16824 bytes,    2411720 total
- age   3:       4520 bytes,    2416240 total
- age   4:       4632 bytes,    2420872 total
- age   5:       4368 bytes,    2425240 total
- age   6:       4696 bytes,    2429936 total
- age   7:       3784 bytes,    2433720 total
- age   8:       5064 bytes,    2438784 total
: 89135K->2600K(109248K), 0.0030696 secs] 114804K->28274K(502464K), 0.0031794 secs] [Times: user=0.00 sys=0.00, real=0.00 secs] 
